../Core/Src/main.c:87:5:main	8	static
../Core/Src/main.c:182:6:SystemClock_Config	88	static
../Core/Src/main.c:228:13:MX_TIM1_Init	80	static
../Core/Src/main.c:293:13:MX_TIM2_Init	40	static
../Core/Src/main.c:339:13:MX_TIM3_Init	48	static
../Core/Src/main.c:388:13:MX_TIM5_Init	40	static
../Core/Src/main.c:434:13:MX_TIM6_Init	16	static
../Core/Src/main.c:472:13:MX_TIM7_Init	16	static
../Core/Src/main.c:510:13:MX_TIM8_Init	80	static
../Core/Src/main.c:575:13:MX_TIM9_Init	32	static
../Core/Src/main.c:614:13:MX_USART2_UART_Init	8	static
../Core/Src/main.c:645:13:MX_DMA_Init	16	static
../Core/Src/main.c:663:13:MX_GPIO_Init	56	static
../Core/Src/main.c:790:6:Error_Handler	4	static,ignoring_inline_asm
