../Core/Src/main.c:85:5:main	8	static
../Core/Src/main.c:179:6:SystemClock_Config	88	static
../Core/Src/main.c:225:13:MX_TIM1_Init	80	static
../Core/Src/main.c:290:13:MX_TIM2_Init	40	static
../Core/Src/main.c:336:13:MX_TIM3_Init	48	static
../Core/Src/main.c:385:13:MX_TIM5_Init	40	static
../Core/Src/main.c:431:13:MX_TIM7_Init	16	static
../Core/Src/main.c:469:13:MX_TIM8_Init	80	static
../Core/Src/main.c:534:13:MX_TIM9_Init	32	static
../Core/Src/main.c:573:13:MX_USART2_UART_Init	8	static
../Core/Src/main.c:604:13:MX_DMA_Init	16	static
../Core/Src/main.c:622:13:MX_GPIO_Init	56	static
../Core/Src/main.c:749:6:Error_Handler	4	static,ignoring_inline_asm
