../Core/Src/stm32f4xx_it.c:86:6:NMI_Handler	4	static
../Core/Src/stm32f4xx_it.c:101:6:HardFault_Handler	4	static
../Core/Src/stm32f4xx_it.c:116:6:MemManage_Handler	4	static
../Core/Src/stm32f4xx_it.c:131:6:BusFault_Handler	4	static
../Core/Src/stm32f4xx_it.c:146:6:UsageFault_Handler	4	static
../Core/Src/stm32f4xx_it.c:161:6:SVC_Handler	4	static
../Core/Src/stm32f4xx_it.c:174:6:DebugMon_Handler	4	static
../Core/Src/stm32f4xx_it.c:187:6:PendSV_Handler	4	static
../Core/Src/stm32f4xx_it.c:200:6:SysTick_Handler	8	static
../Core/Src/stm32f4xx_it.c:221:6:EXTI0_IRQHandler	8	static
../Core/Src/stm32f4xx_it.c:256:6:EXTI2_IRQHandler	8	static
../Core/Src/stm32f4xx_it.c:292:6:EXTI3_IRQHandler	8	static
../Core/Src/stm32f4xx_it.c:327:6:DMA1_Stream5_IRQHandler	8	static
../Core/Src/stm32f4xx_it.c:341:6:TIM1_BRK_TIM9_IRQHandler	8	static
../Core/Src/stm32f4xx_it.c:358:6:TIM2_IRQHandler	8	static
../Core/Src/stm32f4xx_it.c:374:6:USART2_IRQHandler	8	static
../Core/Src/stm32f4xx_it.c:388:6:EXTI15_10_IRQHandler	8	static
../Core/Src/stm32f4xx_it.c:404:6:TIM5_IRQHandler	8	static
../Core/Src/stm32f4xx_it.c:420:6:TIM7_IRQHandler	8	static
../Core/Src/stm32f4xx_it.c:435:6:OTG_FS_IRQHandler	8	static
../Core/Src/stm32f4xx_it.c:447:6:HAL_UARTEx_RxEventCallback	16	static
../Core/Src/stm32f4xx_it.c:461:6:HAL_GPIO_EXTI_Callback	16	static
