../Drivers/CMSIS/Include/core_cm4.h:1938:34:__NVIC_SystemReset	4	static,ignoring_inline_asm
../Core/Src/stm32f4xx_it.c:87:6:NMI_Handler	4	static
../Core/Src/stm32f4xx_it.c:102:6:HardFault_Handler	4	static
../Core/Src/stm32f4xx_it.c:117:6:MemManage_Handler	4	static
../Core/Src/stm32f4xx_it.c:132:6:BusFault_Handler	4	static
../Core/Src/stm32f4xx_it.c:147:6:UsageFault_Handler	4	static
../Core/Src/stm32f4xx_it.c:162:6:SVC_Handler	4	static
../Core/Src/stm32f4xx_it.c:175:6:DebugMon_Handler	4	static
../Core/Src/stm32f4xx_it.c:188:6:PendSV_Handler	4	static
../Core/Src/stm32f4xx_it.c:201:6:SysTick_Handler	8	static
../Core/Src/stm32f4xx_it.c:222:6:EXTI0_IRQHandler	8	static
../Core/Src/stm32f4xx_it.c:260:6:EXTI1_IRQHandler	8	static
../Core/Src/stm32f4xx_it.c:304:6:EXTI2_IRQHandler	8	static
../Core/Src/stm32f4xx_it.c:355:6:EXTI3_IRQHandler	8	static
../Core/Src/stm32f4xx_it.c:371:6:EXTI4_IRQHandler	8	static
../Core/Src/stm32f4xx_it.c:385:6:DMA1_Stream5_IRQHandler	8	static
../Core/Src/stm32f4xx_it.c:399:6:EXTI9_5_IRQHandler	8	static
../Core/Src/stm32f4xx_it.c:415:6:TIM1_BRK_TIM9_IRQHandler	8	static
../Core/Src/stm32f4xx_it.c:432:6:TIM2_IRQHandler	8	static
../Core/Src/stm32f4xx_it.c:448:6:USART2_IRQHandler	8	static
../Core/Src/stm32f4xx_it.c:462:6:EXTI15_10_IRQHandler	8	static
../Core/Src/stm32f4xx_it.c:478:6:TIM5_IRQHandler	8	static
../Core/Src/stm32f4xx_it.c:494:6:TIM6_DAC_IRQHandler	8	static
../Core/Src/stm32f4xx_it.c:508:6:TIM7_IRQHandler	8	static
../Core/Src/stm32f4xx_it.c:523:6:OTG_FS_IRQHandler	8	static
../Core/Src/stm32f4xx_it.c:535:6:HAL_UARTEx_RxEventCallback	16	static
