Archive member included to satisfy reference by file (symbol)

C:/ST/STM32CubeIDE_1.16.0/STM32CubeIDE/plugins/com.st.stm32cube.ide.mcu.externaltools.gnu-tools-for-stm32.12.3.rel1.win32_1.0.200.202406191623/tools/bin/../lib/gcc/arm-none-eabi/12.3.1/../../../../arm-none-eabi/lib/thumb/v7e-m+fp/hard\libc_nano.a(libc_a-exit.o)
                              C:/ST/STM32CubeIDE_1.16.0/STM32CubeIDE/plugins/com.st.stm32cube.ide.mcu.externaltools.gnu-tools-for-stm32.12.3.rel1.win32_1.0.200.202406191623/tools/bin/../lib/gcc/arm-none-eabi/12.3.1/../../../../arm-none-eabi/lib/thumb/v7e-m+fp/hard/crt0.o (exit)
C:/ST/STM32CubeIDE_1.16.0/STM32CubeIDE/plugins/com.st.stm32cube.ide.mcu.externaltools.gnu-tools-for-stm32.12.3.rel1.win32_1.0.200.202406191623/tools/bin/../lib/gcc/arm-none-eabi/12.3.1/../../../../arm-none-eabi/lib/thumb/v7e-m+fp/hard\libc_nano.a(libc_a-findfp.o)
                              C:/ST/STM32CubeIDE_1.16.0/STM32CubeIDE/plugins/com.st.stm32cube.ide.mcu.externaltools.gnu-tools-for-stm32.12.3.rel1.win32_1.0.200.202406191623/tools/bin/../lib/gcc/arm-none-eabi/12.3.1/../../../../arm-none-eabi/lib/thumb/v7e-m+fp/hard\libc_nano.a(libc_a-exit.o) (__stdio_exit_handler)
C:/ST/STM32CubeIDE_1.16.0/STM32CubeIDE/plugins/com.st.stm32cube.ide.mcu.externaltools.gnu-tools-for-stm32.12.3.rel1.win32_1.0.200.202406191623/tools/bin/../lib/gcc/arm-none-eabi/12.3.1/../../../../arm-none-eabi/lib/thumb/v7e-m+fp/hard\libc_nano.a(libc_a-fwalk.o)
                              C:/ST/STM32CubeIDE_1.16.0/STM32CubeIDE/plugins/com.st.stm32cube.ide.mcu.externaltools.gnu-tools-for-stm32.12.3.rel1.win32_1.0.200.202406191623/tools/bin/../lib/gcc/arm-none-eabi/12.3.1/../../../../arm-none-eabi/lib/thumb/v7e-m+fp/hard\libc_nano.a(libc_a-findfp.o) (_fwalk_sglue)
C:/ST/STM32CubeIDE_1.16.0/STM32CubeIDE/plugins/com.st.stm32cube.ide.mcu.externaltools.gnu-tools-for-stm32.12.3.rel1.win32_1.0.200.202406191623/tools/bin/../lib/gcc/arm-none-eabi/12.3.1/../../../../arm-none-eabi/lib/thumb/v7e-m+fp/hard\libc_nano.a(libc_a-stdio.o)
                              C:/ST/STM32CubeIDE_1.16.0/STM32CubeIDE/plugins/com.st.stm32cube.ide.mcu.externaltools.gnu-tools-for-stm32.12.3.rel1.win32_1.0.200.202406191623/tools/bin/../lib/gcc/arm-none-eabi/12.3.1/../../../../arm-none-eabi/lib/thumb/v7e-m+fp/hard\libc_nano.a(libc_a-findfp.o) (__sread)
C:/ST/STM32CubeIDE_1.16.0/STM32CubeIDE/plugins/com.st.stm32cube.ide.mcu.externaltools.gnu-tools-for-stm32.12.3.rel1.win32_1.0.200.202406191623/tools/bin/../lib/gcc/arm-none-eabi/12.3.1/../../../../arm-none-eabi/lib/thumb/v7e-m+fp/hard\libc_nano.a(libc_a-memset.o)
                              C:/ST/STM32CubeIDE_1.16.0/STM32CubeIDE/plugins/com.st.stm32cube.ide.mcu.externaltools.gnu-tools-for-stm32.12.3.rel1.win32_1.0.200.202406191623/tools/bin/../lib/gcc/arm-none-eabi/12.3.1/../../../../arm-none-eabi/lib/thumb/v7e-m+fp/hard/crt0.o (memset)
C:/ST/STM32CubeIDE_1.16.0/STM32CubeIDE/plugins/com.st.stm32cube.ide.mcu.externaltools.gnu-tools-for-stm32.12.3.rel1.win32_1.0.200.202406191623/tools/bin/../lib/gcc/arm-none-eabi/12.3.1/../../../../arm-none-eabi/lib/thumb/v7e-m+fp/hard\libc_nano.a(libc_a-closer.o)
                              C:/ST/STM32CubeIDE_1.16.0/STM32CubeIDE/plugins/com.st.stm32cube.ide.mcu.externaltools.gnu-tools-for-stm32.12.3.rel1.win32_1.0.200.202406191623/tools/bin/../lib/gcc/arm-none-eabi/12.3.1/../../../../arm-none-eabi/lib/thumb/v7e-m+fp/hard\libc_nano.a(libc_a-stdio.o) (_close_r)
C:/ST/STM32CubeIDE_1.16.0/STM32CubeIDE/plugins/com.st.stm32cube.ide.mcu.externaltools.gnu-tools-for-stm32.12.3.rel1.win32_1.0.200.202406191623/tools/bin/../lib/gcc/arm-none-eabi/12.3.1/../../../../arm-none-eabi/lib/thumb/v7e-m+fp/hard\libc_nano.a(libc_a-reent.o)
                              C:/ST/STM32CubeIDE_1.16.0/STM32CubeIDE/plugins/com.st.stm32cube.ide.mcu.externaltools.gnu-tools-for-stm32.12.3.rel1.win32_1.0.200.202406191623/tools/bin/../lib/gcc/arm-none-eabi/12.3.1/../../../../arm-none-eabi/lib/thumb/v7e-m+fp/hard\libc_nano.a(libc_a-closer.o) (errno)
C:/ST/STM32CubeIDE_1.16.0/STM32CubeIDE/plugins/com.st.stm32cube.ide.mcu.externaltools.gnu-tools-for-stm32.12.3.rel1.win32_1.0.200.202406191623/tools/bin/../lib/gcc/arm-none-eabi/12.3.1/../../../../arm-none-eabi/lib/thumb/v7e-m+fp/hard\libc_nano.a(libc_a-impure.o)
                              C:/ST/STM32CubeIDE_1.16.0/STM32CubeIDE/plugins/com.st.stm32cube.ide.mcu.externaltools.gnu-tools-for-stm32.12.3.rel1.win32_1.0.200.202406191623/tools/bin/../lib/gcc/arm-none-eabi/12.3.1/../../../../arm-none-eabi/lib/thumb/v7e-m+fp/hard\libc_nano.a(libc_a-reent.o) (_impure_ptr)
C:/ST/STM32CubeIDE_1.16.0/STM32CubeIDE/plugins/com.st.stm32cube.ide.mcu.externaltools.gnu-tools-for-stm32.12.3.rel1.win32_1.0.200.202406191623/tools/bin/../lib/gcc/arm-none-eabi/12.3.1/../../../../arm-none-eabi/lib/thumb/v7e-m+fp/hard\libc_nano.a(libc_a-lseekr.o)
[...]
Memory Configuration

Name             Origin             Length             Attributes
CCMRAM           0x10000000         0x00010000         xrw
RAM              0x20000000         0x00020000         xrw
FLASH            0x08000000         0x00080000         xr
*default*        0x00000000         0xffffffff

Linker script and memory map

LOAD C:/ST/STM32CubeIDE_1.16.0/STM32CubeIDE/plugins/com.st.stm32cube.ide.mcu.externaltools.gnu-tools-for-stm32.12.3.rel1.win32_1.0.200.202406191623/tools/bin/../lib/gcc/arm-none-eabi/12.3.1/thumb/v7e-m+fp/hard/crti.o
LOAD C:/ST/STM32CubeIDE_1.16.0/STM32CubeIDE/plugins/com.st.stm32cube.ide.mcu.externaltools.gnu-tools-for-stm32.12.3.rel1.win32_1.0.200.202406191623/tools/bin/../lib/gcc/arm-none-eabi/12.3.1/thumb/v7e-m+fp/hard/crtbegin.o
LOAD C:/ST/STM32CubeIDE_1.16.0/STM32CubeIDE/plugins/com.st.stm32cube.ide.mcu.externaltools.gnu-tools-for-stm32.12.3.rel1.win32_1.0.200.202406191623/tools/bin/../lib/gcc/arm-none-eabi/12.3.1/../../../../arm-none-eabi/lib/thumb/v7e-m+fp/hard/crt0.o
LOAD ./Core/Src/app/application.o
LOAD ./Core/Src/driver/common.o
LOAD ./Core/Src/driver/dio_control.o
LOAD ./Core/Src/driver/flash.o
LOAD ./Core/Src/driver/hmi_control.o
LOAD ./Core/Src/driver/modbus_rtu.o
LOAD ./Core/Src/driver/motor_control.o
LOAD ./Core/Src/driver/tick.o
LOAD ./Core/Src/main.o
LOAD ./Core/Src/stm32f4xx_hal_msp.o
LOAD ./Core/Src/stm32f4xx_it.o
LOAD ./Core/Src/syscalls.o
LOAD ./Core/Src/sysmem.o
LOAD ./Core/Src/system_stm32f4xx.o
LOAD ./Core/Startup/startup_stm32f407vetx.o
LOAD ./Drivers/STM32F4xx_HAL_Driver/Src/stm32f4xx_hal.o
LOAD ./Drivers/STM32F4xx_HAL_Driver/Src/stm32f4xx_hal_cortex.o
LOAD ./Drivers/STM32F4xx_HAL_Driver/Src/stm32f4xx_hal_dma.o
LOAD ./Drivers/STM32F4xx_HAL_Driver/Src/stm32f4xx_hal_dma_ex.o
LOAD ./Drivers/STM32F4xx_HAL_Driver/Src/stm32f4xx_hal_exti.o
LOAD ./Drivers/STM32F4xx_HAL_Driver/Src/stm32f4xx_hal_flash.o
LOAD ./Drivers/STM32F4xx_HAL_Driver/Src/stm32f4xx_hal_flash_ex.o
LOAD ./Drivers/STM32F4xx_HAL_Driver/Src/stm32f4xx_hal_flash_ramfunc.o
LOAD ./Drivers/STM32F4xx_HAL_Driver/Src/stm32f4xx_hal_gpio.o
LOAD ./Drivers/STM32F4xx_HAL_Driver/Src/stm32f4xx_hal_pcd.o
LOAD ./Drivers/STM32F4xx_HAL_Driver/Src/stm32f4xx_hal_pcd_ex.o
LOAD ./Drivers/STM32F4xx_HAL_Driver/Src/stm32f4xx_hal_pwr.o
LOAD ./Drivers/STM32F4xx_HAL_Driver/Src/stm32f4xx_hal_pwr_ex.o
LOAD ./Drivers/STM32F4xx_HAL_Driver/Src/stm32f4xx_hal_rcc.o
LOAD ./Drivers/STM32F4xx_HAL_Driver/Src/stm32f4xx_hal_rcc_ex.o
LOAD ./Drivers/STM32F4xx_HAL_Driver/Src/stm32f4xx_hal_tim.o
LOAD ./Drivers/STM32F4xx_HAL_Driver/Src/stm32f4xx_hal_tim_ex.o
LOAD ./Drivers/STM32F4xx_HAL_Driver/Src/stm32f4xx_hal_uart.o
LOAD ./Drivers/STM32F4xx_HAL_Driver/Src/stm32f4xx_ll_usb.o
LOAD ./Middlewares/ST/STM32_USB_Device_Library/Class/CDC/Src/usbd_cdc.o
LOAD ./Middlewares/ST/STM32_USB_Device_Library/Core/Src/usbd_core.o
LOAD ./Middlewares/ST/STM32_USB_Device_Library/Core/Src/usbd_ctlreq.o
LOAD ./Middlewares/ST/STM32_USB_Device_Library/Core/Src/usbd_ioreq.o
LOAD ./USB_DEVICE/App/usb_device.o
LOAD ./USB_DEVICE/App/usbd_cdc_if.o
LOAD ./USB_DEVICE/App/usbd_desc.o
LOAD ./USB_DEVICE/Target/usbd_conf.o
START GROUP
LOAD C:/ST/STM32CubeIDE_1.16.0/STM32CubeIDE/plugins/com.st.stm32cube.ide.mcu.externaltools.gnu-tools-for-stm32.12.3.rel1.win32_1.0.200.202406191623/tools/bin/../lib/gcc/arm-none-eabi/12.3.1/../../../../arm-none-eabi/lib/thumb/v7e-m+fp/hard\libc_nano.a
LOAD C:/ST/STM32CubeIDE_1.16.0/STM32CubeIDE/plugins/com.st.stm32cube.ide.mcu.externaltools.gnu-tools-for-stm32.12.3.rel1.win32_1.0.200.202406191623/tools/bin/../lib/gcc/arm-none-eabi/12.3.1/../../../../arm-none-eabi/lib/thumb/v7e-m+fp/hard\libm.a
END GROUP
START GROUP
LOAD C:/ST/STM32CubeIDE_1.16.0/STM32CubeIDE/plugins/com.st.stm32cube.ide.mcu.externaltools.gnu-tools-for-stm32.12.3.rel1.win32_1.0.200.202406191623/tools/bin/../lib/gcc/arm-none-eabi/12.3.1/thumb/v7e-m+fp/hard\libgcc.a
LOAD C:/ST/STM32CubeIDE_1.16.0/STM32CubeIDE/plugins/com.st.stm32cube.ide.mcu.externaltools.gnu-tools-for-stm32.12.3.rel1.win32_1.0.200.202406191623/tools/bin/../lib/gcc/arm-none-eabi/12.3.1/../../../../arm-none-eabi/lib/thumb/v7e-m+fp/hard\libc_nano.a
END GROUP
START GROUP
LOAD C:/ST/STM32CubeIDE_1.16.0/STM32CubeIDE/plugins/com.st.stm32cube.ide.mcu.externaltools.gnu-tools-for-stm32.12.3.rel1.win32_1.0.200.202406191623/tools/bin/../lib/gcc/arm-none-eabi/12.3.1/thumb/v7e-m+fp/hard\libgcc.a
LOAD C:/ST/STM32CubeIDE_1.16.0/STM32CubeIDE/plugins/com.st.stm32cube.ide.mcu.externaltools.gnu-tools-for-stm32.12.3.rel1.win32_1.0.200.202406191623/tools/bin/../lib/gcc/arm-none-eabi/12.3.1/../../../../arm-none-eabi/lib/thumb/v7e-m+fp/hard\libc_nano.a
LOAD C:/ST/STM32CubeIDE_1.16.0/STM32CubeIDE/plugins/com.st.stm32cube.ide.mcu.externaltools.gnu-tools-for-stm32.12.3.rel1.win32_1.0.200.202406191623/tools/bin/../lib/gcc/arm-none-eabi/12.3.1/../../../../arm-none-eabi/lib/thumb/v7e-m+fp/hard\libnosys.a
END GROUP
START GROUP
LOAD C:/ST/STM32CubeIDE_1.16.0/STM32CubeIDE/plugins/com.st.stm32cube.ide.mcu.externaltools.gnu-tools-for-stm32.12.3.rel1.win32_1.0.200.202406191623/tools/bin/../lib/gcc/arm-none-eabi/12.3.1/thumb/v7e-m+fp/hard\libgcc.a
LOAD C:/ST/STM32CubeIDE_1.16.0/STM32CubeIDE/plugins/com.st.stm32cube.ide.mcu.externaltools.gnu-tools-for-stm32.12.3.rel1.win32_1.0.200.202406191623/tools/bin/../lib/gcc/arm-none-eabi/12.3.1/../../../../arm-none-eabi/lib/thumb/v7e-m+fp/hard\libc_nano.a
LOAD C:/ST/STM32CubeIDE_1.16.0/STM32CubeIDE/plugins/com.st.stm32cube.ide.mcu.externaltools.gnu-tools-for-stm32.12.3.rel1.win32_1.0.200.202406191623/tools/bin/../lib/gcc/arm-none-eabi/12.3.1/../../../../arm-none-eabi/lib/thumb/v7e-m+fp/hard\libnosys.a
END GROUP
LOAD C:/ST/STM32CubeIDE_1.16.0/STM32CubeIDE/plugins/com.st.stm32cube.ide.mcu.externaltools.gnu-tools-for-stm32.12.3.rel1.win32_1.0.200.202406191623/tools/bin/../lib/gcc/arm-none-eabi/12.3.1/thumb/v7e-m+fp/hard/crtend.o
LOAD C:/ST/STM32CubeIDE_1.16.0/STM32CubeIDE/plugins/com.st.stm32cube.ide.mcu.externaltools.gnu-tools-for-stm32.12.3.rel1.win32_1.0.200.202406191623/tools/bin/../lib/gcc/arm-none-eabi/12.3.1/thumb/v7e-m+fp/hard/crtn.o
                0x20020000                        _estack = (ORIGIN (RAM) + LENGTH (RAM))
                0x00000200                        _Min_Heap_Size = 0x200
                0x00000400                        _Min_Stack_Size = 0x400

.isr_vector     0x08000000      0x188
                0x08000000                        . = ALIGN (0x4)
 *(.isr_vector)
 .isr_vector    0x08000000      0x188 ./Core/Startup/startup_stm32f407vetx.o
                0x08000000                g_pfnVectors
                0x08000188                        . = ALIGN (0x4)

.text           0x08000188     0xc86c
                0x08000188                        . = ALIGN (0x4)
 *(.text)
 .text          0x08000188       0x40 C:/ST/STM32CubeIDE_1.16.0/STM32CubeIDE/plugins/com.st.stm32cube.ide.mcu.externaltools.gnu-tools-for-stm32.12.3.rel1.win32_1.0.200.202406191623/tools/bin/../lib/gcc/arm-none-eabi/12.3.1/thumb/v7e-m+fp/hard/crtbegin.o
 .text          0x080001c8       0x30 C:/ST/STM32CubeIDE_1.16.0/STM32CubeIDE/plugins/com.st.stm32cube.ide.mcu.externaltools.gnu-tools-for-stm32.12.3.rel1.win32_1.0.200.202406191623/tools/bin/../lib/gcc/arm-none-eabi/12.3.1/thumb/v7e-m+fp/hard\libgcc.a(_aeabi_uldivmod.o)
                0x080001c8                __aeabi_uldivmod
 .text          0x080001f8      0x2bc C:/ST/STM32CubeIDE_1.16.0/STM32CubeIDE/plugins/com.st.stm32cube.ide.mcu.externaltools.gnu-tools-for-stm32.12.3.rel1.win32_1.0.200.202406191623/tools/bin/../lib/gcc/arm-none-eabi/12.3.1/thumb/v7e-m+fp/hard\libgcc.a(_udivmoddi4.o)
                0x080001f8                __udivmoddi4
 .text          0x080004b4        0x4 C:/ST/STM32CubeIDE_1.16.0/STM32CubeIDE/plugins/com.st.stm32cube.ide.mcu.externaltools.gnu-tools-for-stm32.12.3.rel1.win32_1.0.200.202406191623/tools/bin/../lib/gcc/arm-none-eabi/12.3.1/thumb/v7e-m+fp/hard\libgcc.a(_dvmd_tls.o)
                0x080004b4                __aeabi_idiv0
                0x080004b4                __aeabi_ldiv0
 *(.text*)
 .text.application_init
                0x080004b8       0xac ./Core/Src/app/application.o
                0x080004b8                application_init
 .text.Try_go_home
                0x08000564        0xc ./Core/Src/app/application.o
                0x08000564                Try_go_home
 .text.application_run_main
                0x08000570       0xb0 ./Core/Src/app/application.o
                0x08000570                application_run_main
 .text.task_timer7
                0x08000620       0x14 ./Core/Src/app/application.o
                0x08000620                task_timer7
 .text.Set_PC_Position_Axis_X
                0x08000634       0x24 ./Core/Src/driver/hmi_control.o
                0x08000634                Set_PC_Position_Axis_X
 .text.Set_PC_Position_Axis_Y
                0x08000658       0x24 ./Core/Src/driver/hmi_control.o
                0x08000658                Set_PC_Position_Axis_Y
 .text.Set_PC_Position_Axis_Z
                0x0800067c       0x24 ./Core/Src/driver/hmi_control.o
                0x0800067c                Set_PC_Position_Axis_Z
 .text.Get_PC_Position_Axis_X
                0x080006a0       0x18 ./Core/Src/driver/hmi_control.o
                0x080006a0                Get_PC_Position_Axis_X
 .text.Get_PC_Position_Axis_Y
                0x080006b8       0x18 ./Core/Src/driver/hmi_control.o
                0x080006b8                Get_PC_Position_Axis_Y
 .text.Get_PC_Position_Axis_Z
                0x080006d0       0x18 ./Core/Src/driver/hmi_control.o
                0x080006d0                Get_PC_Position_Axis_Z
 .text.Set_PC_State_Axis_X
                0x080006e8       0x34 ./Core/Src/driver/hmi_control.o
                0x080006e8                Set_PC_State_Axis_X
 .text.Set_PC_State_Axis_Y
                0x0800071c       0x34 ./Core/Src/driver/hmi_control.o
                0x0800071c                Set_PC_State_Axis_Y
 .text.Set_PC_State_Axis_Z
                0x08000750       0x34 ./Core/Src/driver/hmi_control.o
                0x08000750                Set_PC_State_Axis_Z
 .text.Get_PC_Limit_Axis_X
                0x08000784       0x40 ./Core/Src/driver/hmi_control.o
                0x08000784                Get_PC_Limit_Axis_X
 .text.Get_PC_Limit_Axis_Y
                0x080007c4       0x40 ./Core/Src/driver/hmi_control.o
                0x080007c4                Get_PC_Limit_Axis_Y
 .text.Get_PC_Limit_Axis_Z
                0x08000804       0x40 ./Core/Src/driver/hmi_control.o
                0x08000804                Get_PC_Limit_Axis_Z
 .text.Handle_motor
                0x08000844       0x50 ./Core/Src/driver/hmi_control.o
                0x08000844                Handle_motor
 .text.Handle_output
                0x08000894       0xa4 ./Core/Src/driver/hmi_control.o
                0x08000894                Handle_output
 .text.Handle_homeprocess
                0x08000938       0xd0 ./Core/Src/driver/hmi_control.o
                0x08000938                Handle_homeprocess
 .text.Handle_setpoint
                0x08000a08       0x64 ./Core/Src/driver/hmi_control.o
                0x08000a08                Handle_setpoint
 .text.Handle_X_Left
                0x08000a6c       0x34 ./Core/Src/driver/hmi_control.o
                0x08000a6c                Handle_X_Left
 .text.Handle_X_Right
                0x08000aa0       0x48 ./Core/Src/driver/hmi_control.o
                0x08000aa0                Handle_X_Right
 .text.Handle_Y_Forward
                0x08000ae8       0x48 ./Core/Src/driver/hmi_control.o
                0x08000ae8                Handle_Y_Forward
 .text.Handle_Y_Backward
                0x08000b30       0x34 ./Core/Src/driver/hmi_control.o
                0x08000b30                Handle_Y_Backward
 .text.Handle_Z_Up
                0x08000b64       0x34 ./Core/Src/driver/hmi_control.o
                0x08000b64                Handle_Z_Up
 .text.Handle_Z_Down
                0x08000b98       0x48 ./Core/Src/driver/hmi_control.o
                0x08000b98                Handle_Z_Down
 .text.crc16    0x08000be0       0x78 ./Core/Src/driver/modbus_rtu.o
                0x08000be0                crc16
 .text.process_data
                0x08000c58       0x9c ./Core/Src/driver/modbus_rtu.o
                0x08000c58                process_data
 .text.sendData
                0x08000cf4       0x8c ./Core/Src/driver/modbus_rtu.o
                0x08000cf4                sendData
 .text.modbusException
                0x08000d80       0x40 ./Core/Src/driver/modbus_rtu.o
                0x08000d80                modbusException
 .text.readHoldingRegs
                0x08000dc0       0xe8 ./Core/Src/driver/modbus_rtu.o
                0x08000dc0                readHoldingRegs
 .text.readInputRegs
                0x08000ea8       0xe8 ./Core/Src/driver/modbus_rtu.o
                0x08000ea8                readInputRegs
 .text.readCoils
                0x08000f90      0x15c ./Core/Src/driver/modbus_rtu.o
                0x08000f90                readCoils
 .text.readInputs
                0x080010ec      0x160 ./Core/Src/driver/modbus_rtu.o
                0x080010ec                readInputs
 .text.writeHoldingRegs
                0x0800124c       0xf8 ./Core/Src/driver/modbus_rtu.o
                0x0800124c                writeHoldingRegs
 .text.writeSingleReg
                0x08001344       0x94 ./Core/Src/driver/modbus_rtu.o
                0x08001344                writeSingleReg
 .text.writeSingleCoil
                0x080013d8       0xf4 ./Core/Src/driver/modbus_rtu.o
                0x080013d8                writeSingleCoil
 .text.writeMultiCoils
                0x080014cc      0x16c ./Core/Src/driver/modbus_rtu.o
                0x080014cc                writeMultiCoils
 .text.Set_Speed_Motor_x
                0x08001638       0x64 ./Core/Src/driver/motor_control.o
                0x08001638                Set_Speed_Motor_x
 .text.Set_Speed_Motor_y
                0x0800169c       0x64 ./Core/Src/driver/motor_control.o
                0x0800169c                Set_Speed_Motor_y
 .text.Set_Speed_Motor_z
                0x08001700       0x64 ./Core/Src/driver/motor_control.o
                0x08001700                Set_Speed_Motor_z
 .text.excute_move_x_left
                0x08001764       0x24 ./Core/Src/driver/motor_control.o
                0x08001764                excute_move_x_left
 .text.excute_move_x_right
                0x08001788       0x24 ./Core/Src/driver/motor_control.o
                0x08001788                excute_move_x_right
 .text.excute_move_y_forward
                0x080017ac       0x24 ./Core/Src/driver/motor_control.o
                0x080017ac                excute_move_y_forward
 .text.excute_move_y_backward
                0x080017d0       0x24 ./Core/Src/driver/motor_control.o
                0x080017d0                excute_move_y_backward
 .text.excute_move_z_up
                0x080017f4       0x24 ./Core/Src/driver/motor_control.o
                0x080017f4                excute_move_z_up
 .text.excute_move_z_down
                0x08001818       0x24 ./Core/Src/driver/motor_control.o
                0x08001818                excute_move_z_down
 .text.move_x_left
                0x0800183c       0x44 ./Core/Src/driver/motor_control.o
                0x0800183c                move_x_left
 .text.move_x_right
                0x08001880       0x44 ./Core/Src/driver/motor_control.o
                0x08001880                move_x_right
 .text.move_y_forward
                0x080018c4       0x44 ./Core/Src/driver/motor_control.o
                0x080018c4                move_y_forward
 .text.move_y_backward
                0x08001908       0x44 ./Core/Src/driver/motor_control.o
                0x08001908                move_y_backward
 .text.move_z_up
                0x0800194c       0x44 ./Core/Src/driver/motor_control.o
                0x0800194c                move_z_up
 .text.move_z_down
                0x08001990       0x44 ./Core/Src/driver/motor_control.o
                0x08001990                move_z_down
 .text.abs_diff_u16
                0x080019d4       0x36 ./Core/Src/driver/motor_control.o
 *fill*         0x08001a0a        0x2 
 .text.move_axis
                0x08001a0c      0x1a0 ./Core/Src/driver/motor_control.o
                0x08001a0c                move_axis
 .text.Control_motor_x
                0x08001bac      0x118 ./Core/Src/driver/motor_control.o
                0x08001bac                Control_motor_x
 .text.Home_process_x
                0x08001cc4       0x78 ./Core/Src/driver/motor_control.o
                0x08001cc4                Home_process_x
 .text.Control_motor_y
                0x08001d3c      0x118 ./Core/Src/driver/motor_control.o
                0x08001d3c                Control_motor_y
 .text.Home_process_y
                0x08001e54       0x78 ./Core/Src/driver/motor_control.o
                0x08001e54                Home_process_y
 .text.Control_motor_z
                0x08001ecc      0x118 ./Core/Src/driver/motor_control.o
                0x08001ecc                Control_motor_z
 .text.Home_process_z
                0x08001fe4       0x78 ./Core/Src/driver/motor_control.o
                0x08001fe4                Home_process_z
 .text.Stop_motor_x
                0x0800205c       0xc4 ./Core/Src/driver/motor_control.o
                0x0800205c                Stop_motor_x
 .text.Stop_motor_y
                0x08002120       0xc4 ./Core/Src/driver/motor_control.o
                0x08002120                Stop_motor_y
 .text.Stop_motor_z
                0x080021e4       0xc4 ./Core/Src/driver/motor_control.o
                0x080021e4                Stop_motor_z
 .text.AllAxisStop
                0x080022a8       0x44 ./Core/Src/driver/motor_control.o
 .text.wait_handler_stop
                0x080022ec       0x38 ./Core/Src/driver/motor_control.o
                0x080022ec                wait_handler_stop
 .text.main     0x08002324       0x42 ./Core/Src/main.o
                0x08002324                main
 *fill*         0x08002366        0x2 
 .text.SystemClock_Config
                0x08002368       0xd4 ./Core/Src/main.o
                0x08002368                SystemClock_Config
 .text.MX_TIM1_Init
                0x0800243c      0x104 ./Core/Src/main.o
 .text.MX_TIM2_Init
                0x08002540       0x9c ./Core/Src/main.o
 .text.MX_TIM3_Init
                0x080025dc       0xb0 ./Core/Src/main.o
 .text.MX_TIM5_Init
                0x0800268c       0xa0 ./Core/Src/main.o
 .text.MX_TIM7_Init
                0x0800272c       0x6c ./Core/Src/main.o
 .text.MX_TIM8_Init
                0x08002798      0x104 ./Core/Src/main.o
 .text.MX_TIM9_Init
                0x0800289c       0x78 ./Core/Src/main.o
 .text.MX_USART2_UART_Init
                0x08002914       0x54 ./Core/Src/main.o
 .text.MX_DMA_Init
                0x08002968       0x40 ./Core/Src/main.o
 .text.MX_GPIO_Init
                0x080029a8      0x274 ./Core/Src/main.o
 .text.Error_Handler
                0x08002c1c        0xc ./Core/Src/main.o
                0x08002c1c                Error_Handler
 .text.HAL_MspInit
                0x08002c28       0x50 ./Core/Src/stm32f4xx_hal_msp.o
                0x08002c28                HAL_MspInit
 .text.HAL_TIM_PWM_MspInit
                0x08002c78       0xa8 ./Core/Src/stm32f4xx_hal_msp.o
                0x08002c78                HAL_TIM_PWM_MspInit
 .text.HAL_TIM_Base_MspInit
                0x08002d20      0x100 ./Core/Src/stm32f4xx_hal_msp.o
                0x08002d20                HAL_TIM_Base_MspInit
 .text.HAL_TIM_MspPostInit
                0x08002e20      0x114 ./Core/Src/stm32f4xx_hal_msp.o
                0x08002e20                HAL_TIM_MspPostInit
 .text.HAL_UART_MspInit
                0x08002f34      0x104 ./Core/Src/stm32f4xx_hal_msp.o
                0x08002f34                HAL_UART_MspInit
 .text.NMI_Handler
                0x08003038        0x8 ./Core/Src/stm32f4xx_it.o
                0x08003038                NMI_Handler
 .text.HardFault_Handler
                0x08003040        0x8 ./Core/Src/stm32f4xx_it.o
                0x08003040                HardFault_Handler
 .text.MemManage_Handler
                0x08003048        0x8 ./Core/Src/stm32f4xx_it.o
                0x08003048                MemManage_Handler
 .text.BusFault_Handler
                0x08003050        0x8 ./Core/Src/stm32f4xx_it.o
                0x08003050                BusFault_Handler
 .text.UsageFault_Handler
                0x08003058        0x8 ./Core/Src/stm32f4xx_it.o
                0x08003058                UsageFault_Handler
 .text.SVC_Handler
                0x08003060        0xe ./Core/Src/stm32f4xx_it.o
                0x08003060                SVC_Handler
 .text.DebugMon_Handler
                0x0800306e        0xe ./Core/Src/stm32f4xx_it.o
                0x0800306e                DebugMon_Handler
 .text.PendSV_Handler
                0x0800307c        0xe ./Core/Src/stm32f4xx_it.o
                0x0800307c                PendSV_Handler
 .text.SysTick_Handler
                0x0800308a        0xc ./Core/Src/stm32f4xx_it.o
                0x0800308a                SysTick_Handler
 *fill*         0x08003096        0x2 
 .text.EXTI0_IRQHandler
                0x08003098       0xd0 ./Core/Src/stm32f4xx_it.o
                0x08003098                EXTI0_IRQHandler
 .text.EXTI2_IRQHandler
                0x08003168       0xd0 ./Core/Src/stm32f4xx_it.o
                0x08003168                EXTI2_IRQHandler
 .text.EXTI3_IRQHandler
                0x08003238       0xd0 ./Core/Src/stm32f4xx_it.o
                0x08003238                EXTI3_IRQHandler
 .text.DMA1_Stream5_IRQHandler
                0x08003308       0x14 ./Core/Src/stm32f4xx_it.o
                0x08003308                DMA1_Stream5_IRQHandler
 .text.TIM1_BRK_TIM9_IRQHandler
                0x0800331c       0x34 ./Core/Src/stm32f4xx_it.o
                0x0800331c                TIM1_BRK_TIM9_IRQHandler
 .text.TIM2_IRQHandler
                0x08003350       0x2c ./Core/Src/stm32f4xx_it.o
                0x08003350                TIM2_IRQHandler
 .text.USART2_IRQHandler
                0x0800337c       0x14 ./Core/Src/stm32f4xx_it.o
                0x0800337c                USART2_IRQHandler
 .text.EXTI15_10_IRQHandler
                0x08003390       0x20 ./Core/Src/stm32f4xx_it.o
                0x08003390                EXTI15_10_IRQHandler
 .text.TIM5_IRQHandler
                0x080033b0       0x2c ./Core/Src/stm32f4xx_it.o
                0x080033b0                TIM5_IRQHandler
 .text.TIM7_IRQHandler
                0x080033dc       0x24 ./Core/Src/stm32f4xx_it.o
                0x080033dc                TIM7_IRQHandler
 .text.OTG_FS_IRQHandler
                0x08003400       0x14 ./Core/Src/stm32f4xx_it.o
                0x08003400                OTG_FS_IRQHandler
 .text.HAL_UARTEx_RxEventCallback
                0x08003414       0x64 ./Core/Src/stm32f4xx_it.o
                0x08003414                HAL_UARTEx_RxEventCallback
 .text.HAL_GPIO_EXTI_Callback
                0x08003478       0x9c ./Core/Src/stm32f4xx_it.o
                0x08003478                HAL_GPIO_EXTI_Callback
 .text.SystemInit
                0x08003514       0x24 ./Core/Src/system_stm32f4xx.o
                0x08003514                SystemInit
 .text.Reset_Handler
                0x08003538       0x50 ./Core/Startup/startup_stm32f407vetx.o
                0x08003538                Reset_Handler
 .text.Default_Handler
                0x08003588        0x2 ./Core/Startup/startup_stm32f407vetx.o
                0x08003588                RTC_Alarm_IRQHandler
                0x08003588                HASH_RNG_IRQHandler
                0x08003588                TIM8_CC_IRQHandler
                0x08003588                TIM1_CC_IRQHandler
                0x08003588                DMA2_Stream5_IRQHandler
                0x08003588                PVD_IRQHandler
                0x08003588                SDIO_IRQHandler
                0x08003588                TAMP_STAMP_IRQHandler
                0x08003588                CAN2_RX1_IRQHandler
                0x08003588                TIM8_TRG_COM_TIM14_IRQHandler
                0x08003588                TIM1_UP_TIM10_IRQHandler
                0x08003588                TIM8_UP_TIM13_IRQHandler
                0x08003588                I2C3_ER_IRQHandler
                0x08003588                I2C2_EV_IRQHandler
                0x08003588                DMA1_Stream2_IRQHandler
                0x08003588                CAN1_RX0_IRQHandler
                0x08003588                FPU_IRQHandler
                0x08003588                OTG_HS_WKUP_IRQHandler
                0x08003588                CAN2_SCE_IRQHandler
                0x08003588                DMA2_Stream2_IRQHandler
                0x08003588                SPI1_IRQHandler
                0x08003588                TIM6_DAC_IRQHandler
                0x08003588                DCMI_IRQHandler
                0x08003588                CAN2_RX0_IRQHandler
                0x08003588                DMA2_Stream3_IRQHandler
                0x08003588                USART6_IRQHandler
                0x08003588                USART3_IRQHandler
                0x08003588                CAN1_RX1_IRQHandler
                0x08003588                UART5_IRQHandler
                0x08003588                DMA2_Stream0_IRQHandler
                0x08003588                TIM4_IRQHandler
                0x08003588                I2C1_EV_IRQHandler
                0x08003588                DMA1_Stream6_IRQHandler
                0x08003588                DMA1_Stream1_IRQHandler
                0x08003588                UART4_IRQHandler
                0x08003588                TIM3_IRQHandler
                0x08003588                RCC_IRQHandler
                0x08003588                TIM8_BRK_TIM12_IRQHandler
                0x08003588                Default_Handler
                0x08003588                ADC_IRQHandler
                0x08003588                DMA1_Stream7_IRQHandler
                0x08003588                CAN2_TX_IRQHandler
                0x08003588                DMA2_Stream7_IRQHandler
                0x08003588                I2C3_EV_IRQHandler
                0x08003588                EXTI9_5_IRQHandler
                0x08003588                RTC_WKUP_IRQHandler
                0x08003588                ETH_WKUP_IRQHandler
                0x08003588                SPI2_IRQHandler
                0x08003588                OTG_HS_EP1_IN_IRQHandler
                0x08003588                DMA1_Stream0_IRQHandler
                0x08003588                CAN1_TX_IRQHandler
                0x08003588                EXTI4_IRQHandler
                0x08003588                FSMC_IRQHandler
                0x08003588                ETH_IRQHandler
                0x08003588                OTG_HS_EP1_OUT_IRQHandler
                0x08003588                WWDG_IRQHandler
                0x08003588                OTG_FS_WKUP_IRQHandler
                0x08003588                TIM1_TRG_COM_TIM11_IRQHandler
                0x08003588                OTG_HS_IRQHandler
                0x08003588                EXTI1_IRQHandler
                0x08003588                I2C2_ER_IRQHandler
                0x08003588                DMA2_Stream1_IRQHandler
                0x08003588                CAN1_SCE_IRQHandler
                0x08003588                FLASH_IRQHandler
                0x08003588                DMA2_Stream4_IRQHandler
                0x08003588                USART1_IRQHandler
                0x08003588                SPI3_IRQHandler
                0x08003588                DMA1_Stream4_IRQHandler
                0x08003588                I2C1_ER_IRQHandler
                0x08003588                DMA2_Stream6_IRQHandler
                0x08003588                DMA1_Stream3_IRQHandler
 *fill*         0x0800358a        0x2 
 .text.HAL_Init
                0x0800358c       0x44 ./Drivers/STM32F4xx_HAL_Driver/Src/stm32f4xx_hal.o
                0x0800358c                HAL_Init
 .text.HAL_InitTick
                0x080035d0       0x60 ./Drivers/STM32F4xx_HAL_Driver/Src/stm32f4xx_hal.o
                0x080035d0                HAL_InitTick
 .text.HAL_IncTick
                0x08003630       0x28 ./Drivers/STM32F4xx_HAL_Driver/Src/stm32f4xx_hal.o
                0x08003630                HAL_IncTick
 .text.HAL_GetTick
                0x08003658       0x18 ./Drivers/STM32F4xx_HAL_Driver/Src/stm32f4xx_hal.o
                0x08003658                HAL_GetTick
 .text.HAL_Delay
                0x08003670       0x48 ./Drivers/STM32F4xx_HAL_Driver/Src/stm32f4xx_hal.o
                0x08003670                HAL_Delay
 .text.__NVIC_SetPriorityGrouping
                0x080036b8       0x48 ./Drivers/STM32F4xx_HAL_Driver/Src/stm32f4xx_hal_cortex.o
 .text.__NVIC_GetPriorityGrouping
                0x08003700       0x1c ./Drivers/STM32F4xx_HAL_Driver/Src/stm32f4xx_hal_cortex.o
 .text.__NVIC_EnableIRQ
                0x0800371c       0x3c ./Drivers/STM32F4xx_HAL_Driver/Src/stm32f4xx_hal_cortex.o
 .text.__NVIC_SetPriority
                0x08003758       0x54 ./Drivers/STM32F4xx_HAL_Driver/Src/stm32f4xx_hal_cortex.o
 .text.NVIC_EncodePriority
                0x080037ac       0x66 ./Drivers/STM32F4xx_HAL_Driver/Src/stm32f4xx_hal_cortex.o
 *fill*         0x08003812        0x2 
 .text.SysTick_Config
                0x08003814       0x44 ./Drivers/STM32F4xx_HAL_Driver/Src/stm32f4xx_hal_cortex.o
 .text.HAL_NVIC_SetPriorityGrouping
                0x08003858       0x16 ./Drivers/STM32F4xx_HAL_Driver/Src/stm32f4xx_hal_cortex.o
                0x08003858                HAL_NVIC_SetPriorityGrouping
 .text.HAL_NVIC_SetPriority
                0x0800386e       0x38 ./Drivers/STM32F4xx_HAL_Driver/Src/stm32f4xx_hal_cortex.o
                0x0800386e                HAL_NVIC_SetPriority
 .text.HAL_NVIC_EnableIRQ
                0x080038a6       0x1c ./Drivers/STM32F4xx_HAL_Driver/Src/stm32f4xx_hal_cortex.o
                0x080038a6                HAL_NVIC_EnableIRQ
 .text.HAL_SYSTICK_Config
                0x080038c2       0x18 ./Drivers/STM32F4xx_HAL_Driver/Src/stm32f4xx_hal_cortex.o
                0x080038c2                HAL_SYSTICK_Config
 *fill*         0x080038da        0x2 
 .text.HAL_DMA_Init
                0x080038dc      0x15c ./Drivers/STM32F4xx_HAL_Driver/Src/stm32f4xx_hal_dma.o
                0x080038dc                HAL_DMA_Init
 .text.HAL_DMA_Start_IT
                0x08003a38       0xb0 ./Drivers/STM32F4xx_HAL_Driver/Src/stm32f4xx_hal_dma.o
                0x08003a38                HAL_DMA_Start_IT
 .text.HAL_DMA_Abort
                0x08003ae8       0xe0 ./Drivers/STM32F4xx_HAL_Driver/Src/stm32f4xx_hal_dma.o
                0x08003ae8                HAL_DMA_Abort
 .text.HAL_DMA_Abort_IT
                0x08003bc8       0x44 ./Drivers/STM32F4xx_HAL_Driver/Src/stm32f4xx_hal_dma.o
                0x08003bc8                HAL_DMA_Abort_IT
 .text.HAL_DMA_IRQHandler
                0x08003c0c      0x314 ./Drivers/STM32F4xx_HAL_Driver/Src/stm32f4xx_hal_dma.o
                0x08003c0c                HAL_DMA_IRQHandler
 .text.DMA_SetConfig
                0x08003f20       0x5c ./Drivers/STM32F4xx_HAL_Driver/Src/stm32f4xx_hal_dma.o
 .text.DMA_CalcBaseAndBitshift
                0x08003f7c       0x6c ./Drivers/STM32F4xx_HAL_Driver/Src/stm32f4xx_hal_dma.o
 .text.DMA_CheckFifoParam
                0x08003fe8       0xf8 ./Drivers/STM32F4xx_HAL_Driver/Src/stm32f4xx_hal_dma.o
 .text.HAL_GPIO_Init
                0x080040e0      0x338 ./Drivers/STM32F4xx_HAL_Driver/Src/stm32f4xx_hal_gpio.o
                0x080040e0                HAL_GPIO_Init
 .text.HAL_GPIO_ReadPin
                0x08004418       0x30 ./Drivers/STM32F4xx_HAL_Driver/Src/stm32f4xx_hal_gpio.o
                0x08004418                HAL_GPIO_ReadPin
 .text.HAL_GPIO_WritePin
                0x08004448       0x32 ./Drivers/STM32F4xx_HAL_Driver/Src/stm32f4xx_hal_gpio.o
                0x08004448                HAL_GPIO_WritePin
 *fill*         0x0800447a        0x2 
 .text.HAL_GPIO_EXTI_IRQHandler
                0x0800447c       0x30 ./Drivers/STM32F4xx_HAL_Driver/Src/stm32f4xx_hal_gpio.o
                0x0800447c                HAL_GPIO_EXTI_IRQHandler
 .text.HAL_PCD_Init
                0x080044ac      0x21e ./Drivers/STM32F4xx_HAL_Driver/Src/stm32f4xx_hal_pcd.o
                0x080044ac                HAL_PCD_Init
 .text.HAL_PCD_Start
                0x080046ca       0x6a ./Drivers/STM32F4xx_HAL_Driver/Src/stm32f4xx_hal_pcd.o
                0x080046ca                HAL_PCD_Start
 .text.HAL_PCD_IRQHandler
                0x08004734      0x942 ./Drivers/STM32F4xx_HAL_Driver/Src/stm32f4xx_hal_pcd.o
                0x08004734                HAL_PCD_IRQHandler
 .text.HAL_PCD_SetAddress
                0x08005076       0x48 ./Drivers/STM32F4xx_HAL_Driver/Src/stm32f4xx_hal_pcd.o
                0x08005076                HAL_PCD_SetAddress
 .text.HAL_PCD_EP_Open
                0x080050be       0xd4 ./Drivers/STM32F4xx_HAL_Driver/Src/stm32f4xx_hal_pcd.o
                0x080050be                HAL_PCD_EP_Open
 .text.HAL_PCD_EP_Close
                0x08005192       0x94 ./Drivers/STM32F4xx_HAL_Driver/Src/stm32f4xx_hal_pcd.o
                0x08005192                HAL_PCD_EP_Close
 .text.HAL_PCD_EP_Receive
                0x08005226       0x76 ./Drivers/STM32F4xx_HAL_Driver/Src/stm32f4xx_hal_pcd.o
                0x08005226                HAL_PCD_EP_Receive
 .text.HAL_PCD_EP_GetRxCount
                0x0800529c       0x30 ./Drivers/STM32F4xx_HAL_Driver/Src/stm32f4xx_hal_pcd.o
                0x0800529c                HAL_PCD_EP_GetRxCount
 .text.HAL_PCD_EP_Transmit
                0x080052cc       0x74 ./Drivers/STM32F4xx_HAL_Driver/Src/stm32f4xx_hal_pcd.o
                0x080052cc                HAL_PCD_EP_Transmit
 .text.HAL_PCD_EP_SetStall
                0x08005340       0xc6 ./Drivers/STM32F4xx_HAL_Driver/Src/stm32f4xx_hal_pcd.o
                0x08005340                HAL_PCD_EP_SetStall
 .text.HAL_PCD_EP_ClrStall
                0x08005406       0xac ./Drivers/STM32F4xx_HAL_Driver/Src/stm32f4xx_hal_pcd.o
                0x08005406                HAL_PCD_EP_ClrStall
 .text.HAL_PCD_EP_Abort
                0x080054b2       0x62 ./Drivers/STM32F4xx_HAL_Driver/Src/stm32f4xx_hal_pcd.o
                0x080054b2                HAL_PCD_EP_Abort
 .text.PCD_WriteEmptyTxFifo
                0x08005514      0x118 ./Drivers/STM32F4xx_HAL_Driver/Src/stm32f4xx_hal_pcd.o
 .text.PCD_EP_OutXfrComplete_int
                0x0800562c      0x1d0 ./Drivers/STM32F4xx_HAL_Driver/Src/stm32f4xx_hal_pcd.o
 .text.PCD_EP_OutSetupPacket_int
                0x080057fc       0x8c ./Drivers/STM32F4xx_HAL_Driver/Src/stm32f4xx_hal_pcd.o
 .text.HAL_PCDEx_SetTxFiFo
                0x08005888       0x8e ./Drivers/STM32F4xx_HAL_Driver/Src/stm32f4xx_hal_pcd_ex.o
                0x08005888                HAL_PCDEx_SetTxFiFo
 .text.HAL_PCDEx_SetRxFiFo
                0x08005916       0x22 ./Drivers/STM32F4xx_HAL_Driver/Src/stm32f4xx_hal_pcd_ex.o
                0x08005916                HAL_PCDEx_SetRxFiFo
 .text.HAL_PCDEx_LPM_Callback
                0x08005938       0x18 ./Drivers/STM32F4xx_HAL_Driver/Src/stm32f4xx_hal_pcd_ex.o
                0x08005938                HAL_PCDEx_LPM_Callback
 .text.HAL_RCC_OscConfig
                0x08005950      0x4f0 ./Drivers/STM32F4xx_HAL_Driver/Src/stm32f4xx_hal_rcc.o
                0x08005950                HAL_RCC_OscConfig
 .text.HAL_RCC_ClockConfig
                0x08005e40      0x1cc ./Drivers/STM32F4xx_HAL_Driver/Src/stm32f4xx_hal_rcc.o
                0x08005e40                HAL_RCC_ClockConfig
 .text.HAL_RCC_GetSysClockFreq
                0x0800600c      0x20c ./Drivers/STM32F4xx_HAL_Driver/Src/stm32f4xx_hal_rcc.o
                0x0800600c                HAL_RCC_GetSysClockFreq
 .text.HAL_RCC_GetHCLKFreq
                0x08006218       0x18 ./Drivers/STM32F4xx_HAL_Driver/Src/stm32f4xx_hal_rcc.o
                0x08006218                HAL_RCC_GetHCLKFreq
 .text.HAL_RCC_GetPCLK1Freq
                0x08006230       0x28 ./Drivers/STM32F4xx_HAL_Driver/Src/stm32f4xx_hal_rcc.o
                0x08006230                HAL_RCC_GetPCLK1Freq
 .text.HAL_RCC_GetPCLK2Freq
                0x08006258       0x28 ./Drivers/STM32F4xx_HAL_Driver/Src/stm32f4xx_hal_rcc.o
                0x08006258                HAL_RCC_GetPCLK2Freq
 .text.HAL_TIM_Base_Init
                0x08006280       0x9e ./Drivers/STM32F4xx_HAL_Driver/Src/stm32f4xx_hal_tim.o
                0x08006280                HAL_TIM_Base_Init
 *fill*         0x0800631e        0x2 
 .text.HAL_TIM_Base_Start_IT
                0x08006320       0xe0 ./Drivers/STM32F4xx_HAL_Driver/Src/stm32f4xx_hal_tim.o
                0x08006320                HAL_TIM_Base_Start_IT
 .text.HAL_TIM_PWM_Init
                0x08006400       0x9e ./Drivers/STM32F4xx_HAL_Driver/Src/stm32f4xx_hal_tim.o
                0x08006400                HAL_TIM_PWM_Init
 *fill*         0x0800649e        0x2 
 .text.HAL_TIM_PWM_Start
                0x080064a0      0x190 ./Drivers/STM32F4xx_HAL_Driver/Src/stm32f4xx_hal_tim.o
                0x080064a0                HAL_TIM_PWM_Start
 .text.HAL_TIM_PWM_Stop
                0x08006630       0xe0 ./Drivers/STM32F4xx_HAL_Driver/Src/stm32f4xx_hal_tim.o
                0x08006630                HAL_TIM_PWM_Stop
 .text.HAL_TIM_IRQHandler
                0x08006710      0x1e0 ./Drivers/STM32F4xx_HAL_Driver/Src/stm32f4xx_hal_tim.o
                0x08006710                HAL_TIM_IRQHandler
 .text.HAL_TIM_PWM_ConfigChannel
                0x080068f0      0x184 ./Drivers/STM32F4xx_HAL_Driver/Src/stm32f4xx_hal_tim.o
                0x080068f0                HAL_TIM_PWM_ConfigChannel
 .text.HAL_TIM_SlaveConfigSynchro
                0x08006a74       0x84 ./Drivers/STM32F4xx_HAL_Driver/Src/stm32f4xx_hal_tim.o
                0x08006a74                HAL_TIM_SlaveConfigSynchro
 .text.HAL_TIM_PeriodElapsedCallback
                0x08006af8       0x14 ./Drivers/STM32F4xx_HAL_Driver/Src/stm32f4xx_hal_tim.o
                0x08006af8                HAL_TIM_PeriodElapsedCallback
 .text.HAL_TIM_OC_DelayElapsedCallback
                0x08006b0c       0x14 ./Drivers/STM32F4xx_HAL_Driver/Src/stm32f4xx_hal_tim.o
                0x08006b0c                HAL_TIM_OC_DelayElapsedCallback
 .text.HAL_TIM_IC_CaptureCallback
                0x08006b20       0x14 ./Drivers/STM32F4xx_HAL_Driver/Src/stm32f4xx_hal_tim.o
                0x08006b20                HAL_TIM_IC_CaptureCallback
 .text.HAL_TIM_PWM_PulseFinishedCallback
                0x08006b34       0x14 ./Drivers/STM32F4xx_HAL_Driver/Src/stm32f4xx_hal_tim.o
                0x08006b34                HAL_TIM_PWM_PulseFinishedCallback
 .text.HAL_TIM_TriggerCallback
                0x08006b48       0x14 ./Drivers/STM32F4xx_HAL_Driver/Src/stm32f4xx_hal_tim.o
                0x08006b48                HAL_TIM_TriggerCallback
 .text.TIM_Base_SetConfig
                0x08006b5c      0x14c ./Drivers/STM32F4xx_HAL_Driver/Src/stm32f4xx_hal_tim.o
                0x08006b5c                TIM_Base_SetConfig
 .text.TIM_OC1_SetConfig
                0x08006ca8       0xe0 ./Drivers/STM32F4xx_HAL_Driver/Src/stm32f4xx_hal_tim.o
 .text.TIM_OC2_SetConfig
                0x08006d88       0xec ./Drivers/STM32F4xx_HAL_Driver/Src/stm32f4xx_hal_tim.o
                0x08006d88                TIM_OC2_SetConfig
 .text.TIM_OC3_SetConfig
                0x08006e74       0xe8 ./Drivers/STM32F4xx_HAL_Driver/Src/stm32f4xx_hal_tim.o
 .text.TIM_OC4_SetConfig
                0x08006f5c       0xac ./Drivers/STM32F4xx_HAL_Driver/Src/stm32f4xx_hal_tim.o
 .text.TIM_SlaveTimer_SetConfig
                0x08007008      0x122 ./Drivers/STM32F4xx_HAL_Driver/Src/stm32f4xx_hal_tim.o
 .text.TIM_TI1_ConfigInputStage
                0x0800712a       0x5e ./Drivers/STM32F4xx_HAL_Driver/Src/stm32f4xx_hal_tim.o
 .text.TIM_TI2_ConfigInputStage
                0x08007188       0x60 ./Drivers/STM32F4xx_HAL_Driver/Src/stm32f4xx_hal_tim.o
 .text.TIM_ETR_SetConfig
                0x080071e8       0x40 ./Drivers/STM32F4xx_HAL_Driver/Src/stm32f4xx_hal_tim.o
                0x080071e8                TIM_ETR_SetConfig
 .text.TIM_CCxChannelCmd
                0x08007228       0x4a ./Drivers/STM32F4xx_HAL_Driver/Src/stm32f4xx_hal_tim.o
                0x08007228                TIM_CCxChannelCmd
 *fill*         0x08007272        0x2 
 .text.HAL_TIMEx_MasterConfigSynchronization
                0x08007274       0xf8 ./Drivers/STM32F4xx_HAL_Driver/Src/stm32f4xx_hal_tim_ex.o
                0x08007274                HAL_TIMEx_MasterConfigSynchronization
 .text.HAL_TIMEx_ConfigBreakDeadTime
                0x0800736c       0xa4 ./Drivers/STM32F4xx_HAL_Driver/Src/stm32f4xx_hal_tim_ex.o
                0x0800736c                HAL_TIMEx_ConfigBreakDeadTime
 .text.HAL_TIMEx_CommutCallback
                0x08007410       0x14 ./Drivers/STM32F4xx_HAL_Driver/Src/stm32f4xx_hal_tim_ex.o
                0x08007410                HAL_TIMEx_CommutCallback
 .text.HAL_TIMEx_BreakCallback
                0x08007424       0x14 ./Drivers/STM32F4xx_HAL_Driver/Src/stm32f4xx_hal_tim_ex.o
                0x08007424                HAL_TIMEx_BreakCallback
 .text.HAL_UART_Init
                0x08007438       0xa0 ./Drivers/STM32F4xx_HAL_Driver/Src/stm32f4xx_hal_uart.o
                0x08007438                HAL_UART_Init
 .text.HAL_UART_Transmit
                0x080074d8      0x116 ./Drivers/STM32F4xx_HAL_Driver/Src/stm32f4xx_hal_uart.o
                0x080074d8                HAL_UART_Transmit
 .text.HAL_UARTEx_ReceiveToIdle_DMA
                0x080075ee       0xb2 ./Drivers/STM32F4xx_HAL_Driver/Src/stm32f4xx_hal_uart.o
                0x080075ee                HAL_UARTEx_ReceiveToIdle_DMA
 .text.HAL_UART_IRQHandler
                0x080076a0      0x554 ./Drivers/STM32F4xx_HAL_Driver/Src/stm32f4xx_hal_uart.o
                0x080076a0                HAL_UART_IRQHandler
 .text.HAL_UART_TxCpltCallback
                0x08007bf4       0x14 ./Drivers/STM32F4xx_HAL_Driver/Src/stm32f4xx_hal_uart.o
                0x08007bf4                HAL_UART_TxCpltCallback
 .text.HAL_UART_RxCpltCallback
                0x08007c08       0x14 ./Drivers/STM32F4xx_HAL_Driver/Src/stm32f4xx_hal_uart.o
                0x08007c08                HAL_UART_RxCpltCallback
 .text.HAL_UART_RxHalfCpltCallback
                0x08007c1c       0x14 ./Drivers/STM32F4xx_HAL_Driver/Src/stm32f4xx_hal_uart.o
                0x08007c1c                HAL_UART_RxHalfCpltCallback
 .text.HAL_UART_ErrorCallback
                0x08007c30       0x14 ./Drivers/STM32F4xx_HAL_Driver/Src/stm32f4xx_hal_uart.o
                0x08007c30                HAL_UART_ErrorCallback
 .text.UART_DMAReceiveCplt
                0x08007c44      0x12c ./Drivers/STM32F4xx_HAL_Driver/Src/stm32f4xx_hal_uart.o
 .text.UART_DMARxHalfCplt
                0x08007d70       0x3c ./Drivers/STM32F4xx_HAL_Driver/Src/stm32f4xx_hal_uart.o
 .text.UART_DMAError
                0x08007dac       0x94 ./Drivers/STM32F4xx_HAL_Driver/Src/stm32f4xx_hal_uart.o
 .text.UART_WaitOnFlagUntilTimeout
                0x08007e40       0xb2 ./Drivers/STM32F4xx_HAL_Driver/Src/stm32f4xx_hal_uart.o
 *fill*         0x08007ef2        0x2 
 .text.UART_Start_Receive_DMA
                0x08007ef4      0x14c ./Drivers/STM32F4xx_HAL_Driver/Src/stm32f4xx_hal_uart.o
                0x08007ef4                UART_Start_Receive_DMA
 .text.UART_EndTxTransfer
                0x08008040       0x50 ./Drivers/STM32F4xx_HAL_Driver/Src/stm32f4xx_hal_uart.o
 .text.UART_EndRxTransfer
                0x08008090       0xc6 ./Drivers/STM32F4xx_HAL_Driver/Src/stm32f4xx_hal_uart.o
 .text.UART_DMAAbortOnError
                0x08008156       0x22 ./Drivers/STM32F4xx_HAL_Driver/Src/stm32f4xx_hal_uart.o
 .text.UART_Transmit_IT
                0x08008178       0xa0 ./Drivers/STM32F4xx_HAL_Driver/Src/stm32f4xx_hal_uart.o
 .text.UART_EndTransmit_IT
                0x08008218       0x30 ./Drivers/STM32F4xx_HAL_Driver/Src/stm32f4xx_hal_uart.o
 .text.UART_Receive_IT
                0x08008248      0x17c ./Drivers/STM32F4xx_HAL_Driver/Src/stm32f4xx_hal_uart.o
 .text.UART_SetConfig
                0x080083c4      0x4e8 ./Drivers/STM32F4xx_HAL_Driver/Src/stm32f4xx_hal_uart.o
 .text.USB_CoreInit
                0x080088ac       0xc8 ./Drivers/STM32F4xx_HAL_Driver/Src/stm32f4xx_ll_usb.o
                0x080088ac                USB_CoreInit
 .text.USB_SetTurnaroundTime
                0x08008974      0x144 ./Drivers/STM32F4xx_HAL_Driver/Src/stm32f4xx_ll_usb.o
                0x08008974                USB_SetTurnaroundTime
 .text.USB_EnableGlobalInt
                0x08008ab8       0x22 ./Drivers/STM32F4xx_HAL_Driver/Src/stm32f4xx_ll_usb.o
                0x08008ab8                USB_EnableGlobalInt
 .text.USB_DisableGlobalInt
                0x08008ada       0x22 ./Drivers/STM32F4xx_HAL_Driver/Src/stm32f4xx_ll_usb.o
                0x08008ada                USB_DisableGlobalInt
 .text.USB_SetCurrentMode
                0x08008afc       0x98 ./Drivers/STM32F4xx_HAL_Driver/Src/stm32f4xx_ll_usb.o
                0x08008afc                USB_SetCurrentMode
 .text.USB_DevInit
                0x08008b94      0x2c8 ./Drivers/STM32F4xx_HAL_Driver/Src/stm32f4xx_ll_usb.o
                0x08008b94                USB_DevInit
 .text.USB_FlushTxFifo
                0x08008e5c       0x64 ./Drivers/STM32F4xx_HAL_Driver/Src/stm32f4xx_ll_usb.o
                0x08008e5c                USB_FlushTxFifo
 .text.USB_FlushRxFifo
                0x08008ec0       0x5c ./Drivers/STM32F4xx_HAL_Driver/Src/stm32f4xx_ll_usb.o
                0x08008ec0                USB_FlushRxFifo
 .text.USB_SetDevSpeed
                0x08008f1c       0x32 ./Drivers/STM32F4xx_HAL_Driver/Src/stm32f4xx_ll_usb.o
                0x08008f1c                USB_SetDevSpeed
 .text.USB_GetDevSpeed
                0x08008f4e       0x4a ./Drivers/STM32F4xx_HAL_Driver/Src/stm32f4xx_ll_usb.o
                0x08008f4e                USB_GetDevSpeed
 .text.USB_ActivateEndpoint
                0x08008f98      0x10e ./Drivers/STM32F4xx_HAL_Driver/Src/stm32f4xx_ll_usb.o
                0x08008f98                USB_ActivateEndpoint
 *fill*         0x080090a6        0x2 
 .text.USB_DeactivateEndpoint
                0x080090a8      0x1b8 ./Drivers/STM32F4xx_HAL_Driver/Src/stm32f4xx_ll_usb.o
                0x080090a8                USB_DeactivateEndpoint
 .text.USB_EPStartXfer
                0x08009260      0x53c ./Drivers/STM32F4xx_HAL_Driver/Src/stm32f4xx_ll_usb.o
                0x08009260                USB_EPStartXfer
 .text.USB_EPStopXfer
                0x0800979c      0x154 ./Drivers/STM32F4xx_HAL_Driver/Src/stm32f4xx_ll_usb.o
                0x0800979c                USB_EPStopXfer
 .text.USB_WritePacket
                0x080098f0       0x7c ./Drivers/STM32F4xx_HAL_Driver/Src/stm32f4xx_ll_usb.o
                0x080098f0                USB_WritePacket
 .text.USB_ReadPacket
                0x0800996c       0xb0 ./Drivers/STM32F4xx_HAL_Driver/Src/stm32f4xx_ll_usb.o
                0x0800996c                USB_ReadPacket
 .text.USB_EPSetStall
                0x08009a1c       0xdc ./Drivers/STM32F4xx_HAL_Driver/Src/stm32f4xx_ll_usb.o
                0x08009a1c                USB_EPSetStall
 .text.USB_EPClearStall
                0x08009af8       0xcc ./Drivers/STM32F4xx_HAL_Driver/Src/stm32f4xx_ll_usb.o
                0x08009af8                USB_EPClearStall
 .text.USB_SetDevAddress
                0x08009bc4       0x4c ./Drivers/STM32F4xx_HAL_Driver/Src/stm32f4xx_ll_usb.o
                0x08009bc4                USB_SetDevAddress
 .text.USB_DevConnect
                0x08009c10       0x42 ./Drivers/STM32F4xx_HAL_Driver/Src/stm32f4xx_ll_usb.o
                0x08009c10                USB_DevConnect
 .text.USB_DevDisconnect
                0x08009c52       0x42 ./Drivers/STM32F4xx_HAL_Driver/Src/stm32f4xx_ll_usb.o
                0x08009c52                USB_DevDisconnect
 .text.USB_ReadInterrupts
                0x08009c94       0x26 ./Drivers/STM32F4xx_HAL_Driver/Src/stm32f4xx_ll_usb.o
                0x08009c94                USB_ReadInterrupts
 .text.USB_ReadDevAllOutEpInterrupt
                0x08009cba       0x34 ./Drivers/STM32F4xx_HAL_Driver/Src/stm32f4xx_ll_usb.o
                0x08009cba                USB_ReadDevAllOutEpInterrupt
 .text.USB_ReadDevAllInEpInterrupt
                0x08009cee       0x34 ./Drivers/STM32F4xx_HAL_Driver/Src/stm32f4xx_ll_usb.o
                0x08009cee                USB_ReadDevAllInEpInterrupt
 .text.USB_ReadDevOutEPInterrupt
                0x08009d22       0x3c ./Drivers/STM32F4xx_HAL_Driver/Src/stm32f4xx_ll_usb.o
                0x08009d22                USB_ReadDevOutEPInterrupt
 .text.USB_ReadDevInEPInterrupt
                0x08009d5e       0x5c ./Drivers/STM32F4xx_HAL_Driver/Src/stm32f4xx_ll_usb.o
                0x08009d5e                USB_ReadDevInEPInterrupt
 .text.USB_GetMode
                0x08009dba       0x1c ./Drivers/STM32F4xx_HAL_Driver/Src/stm32f4xx_ll_usb.o
                0x08009dba                USB_GetMode
 .text.USB_ActivateSetup
                0x08009dd6       0x46 ./Drivers/STM32F4xx_HAL_Driver/Src/stm32f4xx_ll_usb.o
                0x08009dd6                USB_ActivateSetup
 .text.USB_EP0_OutStart
                0x08009e1c       0xbc ./Drivers/STM32F4xx_HAL_Driver/Src/stm32f4xx_ll_usb.o
                0x08009e1c                USB_EP0_OutStart
 .text.USB_CoreReset
                0x08009ed8       0x70 ./Drivers/STM32F4xx_HAL_Driver/Src/stm32f4xx_ll_usb.o
 .text.USBD_CDC_Init
                0x08009f48      0x1f0 ./Middlewares/ST/STM32_USB_Device_Library/Class/CDC/Src/usbd_cdc.o
 .text.USBD_CDC_DeInit
                0x0800a138      0x104 ./Middlewares/ST/STM32_USB_Device_Library/Class/CDC/Src/usbd_cdc.o
 .text.USBD_CDC_Setup
                0x0800a23c      0x1b8 ./Middlewares/ST/STM32_USB_Device_Library/Class/CDC/Src/usbd_cdc.o
 .text.USBD_CDC_DataIn
                0x0800a3f4       0xfe ./Middlewares/ST/STM32_USB_Device_Library/Class/CDC/Src/usbd_cdc.o
 .text.USBD_CDC_DataOut
                0x0800a4f2       0x70 ./Middlewares/ST/STM32_USB_Device_Library/Class/CDC/Src/usbd_cdc.o
 .text.USBD_CDC_EP0_RxReady
                0x0800a562       0x74 ./Middlewares/ST/STM32_USB_Device_Library/Class/CDC/Src/usbd_cdc.o
 *fill*         0x0800a5d6        0x2 
 .text.USBD_CDC_GetFSCfgDesc
                0x0800a5d8       0x70 ./Middlewares/ST/STM32_USB_Device_Library/Class/CDC/Src/usbd_cdc.o
 .text.USBD_CDC_GetHSCfgDesc
                0x0800a648       0x70 ./Middlewares/ST/STM32_USB_Device_Library/Class/CDC/Src/usbd_cdc.o
 .text.USBD_CDC_GetOtherSpeedCfgDesc
                0x0800a6b8       0x70 ./Middlewares/ST/STM32_USB_Device_Library/Class/CDC/Src/usbd_cdc.o
 .text.USBD_CDC_GetDeviceQualifierDescriptor
                0x0800a728       0x20 ./Middlewares/ST/STM32_USB_Device_Library/Class/CDC/Src/usbd_cdc.o
                0x0800a728                USBD_CDC_GetDeviceQualifierDescriptor
 .text.USBD_CDC_RegisterInterface
                0x0800a748       0x34 ./Middlewares/ST/STM32_USB_Device_Library/Class/CDC/Src/usbd_cdc.o
                0x0800a748                USBD_CDC_RegisterInterface
 .text.USBD_CDC_SetTxBuffer
                0x0800a77c       0x44 ./Middlewares/ST/STM32_USB_Device_Library/Class/CDC/Src/usbd_cdc.o
                0x0800a77c                USBD_CDC_SetTxBuffer
 .text.USBD_CDC_SetRxBuffer
                0x0800a7c0       0x3a ./Middlewares/ST/STM32_USB_Device_Library/Class/CDC/Src/usbd_cdc.o
                0x0800a7c0                USBD_CDC_SetRxBuffer
 *fill*         0x0800a7fa        0x2 
 .text.USBD_CDC_TransmitPacket
                0x0800a7fc       0x80 ./Middlewares/ST/STM32_USB_Device_Library/Class/CDC/Src/usbd_cdc.o
                0x0800a7fc                USBD_CDC_TransmitPacket
 .text.USBD_CDC_ReceivePacket
                0x0800a87c       0x6c ./Middlewares/ST/STM32_USB_Device_Library/Class/CDC/Src/usbd_cdc.o
                0x0800a87c                USBD_CDC_ReceivePacket
 .text.USBD_Init
                0x0800a8e8       0x60 ./Middlewares/ST/STM32_USB_Device_Library/Core/Src/usbd_core.o
                0x0800a8e8                USBD_Init
 .text.USBD_RegisterClass
                0x0800a948       0x6c ./Middlewares/ST/STM32_USB_Device_Library/Core/Src/usbd_core.o
                0x0800a948                USBD_RegisterClass
 .text.USBD_Start
                0x0800a9b4       0x18 ./Middlewares/ST/STM32_USB_Device_Library/Core/Src/usbd_core.o
                0x0800a9b4                USBD_Start
 .text.USBD_RunTestMode
                0x0800a9cc       0x16 ./Middlewares/ST/STM32_USB_Device_Library/Core/Src/usbd_core.o
                0x0800a9cc                USBD_RunTestMode
 .text.USBD_SetClassConfig
                0x0800a9e2       0x38 ./Middlewares/ST/STM32_USB_Device_Library/Core/Src/usbd_core.o
                0x0800a9e2                USBD_SetClassConfig
 .text.USBD_ClrClassConfig
                0x0800aa1a       0x34 ./Middlewares/ST/STM32_USB_Device_Library/Core/Src/usbd_core.o
                0x0800aa1a                USBD_ClrClassConfig
 .text.USBD_LL_SetupStage
                0x0800aa4e       0xaa ./Middlewares/ST/STM32_USB_Device_Library/Core/Src/usbd_core.o
                0x0800aa4e                USBD_LL_SetupStage
 .text.USBD_LL_DataOutStage
                0x0800aaf8      0x178 ./Middlewares/ST/STM32_USB_Device_Library/Core/Src/usbd_core.o
                0x0800aaf8                USBD_LL_DataOutStage
 .text.USBD_LL_DataInStage
                0x0800ac70      0x176 ./Middlewares/ST/STM32_USB_Device_Library/Core/Src/usbd_core.o
                0x0800ac70                USBD_LL_DataInStage
 .text.USBD_LL_Reset
                0x0800ade6       0xa6 ./Middlewares/ST/STM32_USB_Device_Library/Core/Src/usbd_core.o
                0x0800ade6                USBD_LL_Reset
 .text.USBD_LL_SetSpeed
                0x0800ae8c       0x20 ./Middlewares/ST/STM32_USB_Device_Library/Core/Src/usbd_core.o
                0x0800ae8c                USBD_LL_SetSpeed
 .text.USBD_LL_Suspend
                0x0800aeac       0x38 ./Middlewares/ST/STM32_USB_Device_Library/Core/Src/usbd_core.o
                0x0800aeac                USBD_LL_Suspend
 .text.USBD_LL_Resume
                0x0800aee4       0x30 ./Middlewares/ST/STM32_USB_Device_Library/Core/Src/usbd_core.o
                0x0800aee4                USBD_LL_Resume
 .text.USBD_LL_SOF
                0x0800af14       0x40 ./Middlewares/ST/STM32_USB_Device_Library/Core/Src/usbd_core.o
                0x0800af14                USBD_LL_SOF
 .text.USBD_LL_IsoINIncomplete
                0x0800af54       0x64 ./Middlewares/ST/STM32_USB_Device_Library/Core/Src/usbd_core.o
                0x0800af54                USBD_LL_IsoINIncomplete
 .text.USBD_LL_IsoOUTIncomplete
                0x0800afb8       0x64 ./Middlewares/ST/STM32_USB_Device_Library/Core/Src/usbd_core.o
                0x0800afb8                USBD_LL_IsoOUTIncomplete
 .text.USBD_LL_DevConnected
                0x0800b01c       0x16 ./Middlewares/ST/STM32_USB_Device_Library/Core/Src/usbd_core.o
                0x0800b01c                USBD_LL_DevConnected
 .text.USBD_LL_DevDisconnected
                0x0800b032       0x46 ./Middlewares/ST/STM32_USB_Device_Library/Core/Src/usbd_core.o
                0x0800b032                USBD_LL_DevDisconnected
 .text.USBD_CoreFindIF
                0x0800b078       0x1a ./Middlewares/ST/STM32_USB_Device_Library/Core/Src/usbd_core.o
                0x0800b078                USBD_CoreFindIF
 .text.USBD_CoreFindEP
                0x0800b092       0x1a ./Middlewares/ST/STM32_USB_Device_Library/Core/Src/usbd_core.o
                0x0800b092                USBD_CoreFindEP
 .text.USBD_GetEpDesc
                0x0800b0ac       0x70 ./Middlewares/ST/STM32_USB_Device_Library/Core/Src/usbd_core.o
                0x0800b0ac                USBD_GetEpDesc
 .text.USBD_GetNextDesc
                0x0800b11c       0x38 ./Middlewares/ST/STM32_USB_Device_Library/Core/Src/usbd_core.o
                0x0800b11c                USBD_GetNextDesc
 .text.SWAPBYTE
                0x0800b154       0x3c ./Middlewares/ST/STM32_USB_Device_Library/Core/Src/usbd_ctlreq.o
 .text.USBD_StdDevReq
                0x0800b190       0xe4 ./Middlewares/ST/STM32_USB_Device_Library/Core/Src/usbd_ctlreq.o
                0x0800b190                USBD_StdDevReq
 .text.USBD_StdItfReq
                0x0800b274       0xd8 ./Middlewares/ST/STM32_USB_Device_Library/Core/Src/usbd_ctlreq.o
                0x0800b274                USBD_StdItfReq
 .text.USBD_StdEPReq
                0x0800b34c      0x33e ./Middlewares/ST/STM32_USB_Device_Library/Core/Src/usbd_ctlreq.o
                0x0800b34c                USBD_StdEPReq
 *fill*         0x0800b68a        0x2 
 .text.USBD_GetDescriptor
                0x0800b68c      0x2d4 ./Middlewares/ST/STM32_USB_Device_Library/Core/Src/usbd_ctlreq.o
 .text.USBD_SetAddress
                0x0800b960       0x88 ./Middlewares/ST/STM32_USB_Device_Library/Core/Src/usbd_ctlreq.o
 .text.USBD_SetConfig
                0x0800b9e8      0x154 ./Middlewares/ST/STM32_USB_Device_Library/Core/Src/usbd_ctlreq.o
 .text.USBD_GetConfig
                0x0800bb3c       0x6c ./Middlewares/ST/STM32_USB_Device_Library/Core/Src/usbd_ctlreq.o
 .text.USBD_GetStatus
                0x0800bba8       0x68 ./Middlewares/ST/STM32_USB_Device_Library/Core/Src/usbd_ctlreq.o
 .text.USBD_SetFeature
                0x0800bc10       0x52 ./Middlewares/ST/STM32_USB_Device_Library/Core/Src/usbd_ctlreq.o
 .text.USBD_ClrFeature
                0x0800bc62       0x44 ./Middlewares/ST/STM32_USB_Device_Library/Core/Src/usbd_ctlreq.o
 .text.USBD_ParseSetupRequest
                0x0800bca6       0x74 ./Middlewares/ST/STM32_USB_Device_Library/Core/Src/usbd_ctlreq.o
                0x0800bca6                USBD_ParseSetupRequest
 .text.USBD_CtlError
                0x0800bd1a       0x22 ./Middlewares/ST/STM32_USB_Device_Library/Core/Src/usbd_ctlreq.o
                0x0800bd1a                USBD_CtlError
 .text.USBD_GetString
                0x0800bd3c       0xa4 ./Middlewares/ST/STM32_USB_Device_Library/Core/Src/usbd_ctlreq.o
                0x0800bd3c                USBD_GetString
 .text.USBD_GetLen
                0x0800bde0       0x34 ./Middlewares/ST/STM32_USB_Device_Library/Core/Src/usbd_ctlreq.o
 .text.USBD_CtlSendData
                0x0800be14       0x3c ./Middlewares/ST/STM32_USB_Device_Library/Core/Src/usbd_ioreq.o
                0x0800be14                USBD_CtlSendData
 .text.USBD_CtlContinueSendData
                0x0800be50       0x22 ./Middlewares/ST/STM32_USB_Device_Library/Core/Src/usbd_ioreq.o
                0x0800be50                USBD_CtlContinueSendData
 .text.USBD_CtlPrepareRx
                0x0800be72       0x42 ./Middlewares/ST/STM32_USB_Device_Library/Core/Src/usbd_ioreq.o
                0x0800be72                USBD_CtlPrepareRx
 .text.USBD_CtlContinueRx
                0x0800beb4       0x22 ./Middlewares/ST/STM32_USB_Device_Library/Core/Src/usbd_ioreq.o
                0x0800beb4                USBD_CtlContinueRx
 .text.USBD_CtlSendStatus
                0x0800bed6       0x26 ./Middlewares/ST/STM32_USB_Device_Library/Core/Src/usbd_ioreq.o
                0x0800bed6                USBD_CtlSendStatus
 .text.USBD_CtlReceiveStatus
                0x0800befc       0x26 ./Middlewares/ST/STM32_USB_Device_Library/Core/Src/usbd_ioreq.o
                0x0800befc                USBD_CtlReceiveStatus
 *fill*         0x0800bf22        0x2 
 .text.MX_USB_DEVICE_Init
                0x0800bf24       0x60 ./USB_DEVICE/App/usb_device.o
                0x0800bf24                MX_USB_DEVICE_Init
 .text.CDC_Init_FS
                0x0800bf84       0x28 ./USB_DEVICE/App/usbd_cdc_if.o
 .text.CDC_DeInit_FS
                0x0800bfac       0x10 ./USB_DEVICE/App/usbd_cdc_if.o
 .text.CDC_Control_FS
                0x0800bfbc       0xbc ./USB_DEVICE/App/usbd_cdc_if.o
 .text.CDC_Receive_FS
                0x0800c078       0x54 ./USB_DEVICE/App/usbd_cdc_if.o
 .text.CDC_Transmit_FS
                0x0800c0cc       0x4c ./USB_DEVICE/App/usbd_cdc_if.o
                0x0800c0cc                CDC_Transmit_FS
 .text.CDC_TransmitCplt_FS
                0x0800c118       0x22 ./USB_DEVICE/App/usbd_cdc_if.o
 *fill*         0x0800c13a        0x2 
 .text.USBD_FS_DeviceDescriptor
                0x0800c13c       0x24 ./USB_DEVICE/App/usbd_desc.o
                0x0800c13c                USBD_FS_DeviceDescriptor
 .text.USBD_FS_LangIDStrDescriptor
                0x0800c160       0x24 ./USB_DEVICE/App/usbd_desc.o
                0x0800c160                USBD_FS_LangIDStrDescriptor
 .text.USBD_FS_ProductStrDescriptor
                0x0800c184       0x3c ./USB_DEVICE/App/usbd_desc.o
                0x0800c184                USBD_FS_ProductStrDescriptor
 .text.USBD_FS_ManufacturerStrDescriptor
                0x0800c1c0       0x28 ./USB_DEVICE/App/usbd_desc.o
                0x0800c1c0                USBD_FS_ManufacturerStrDescriptor
 .text.USBD_FS_SerialStrDescriptor
                0x0800c1e8       0x24 ./USB_DEVICE/App/usbd_desc.o
                0x0800c1e8                USBD_FS_SerialStrDescriptor
 .text.USBD_FS_ConfigStrDescriptor
                0x0800c20c       0x3c ./USB_DEVICE/App/usbd_desc.o
                0x0800c20c                USBD_FS_ConfigStrDescriptor
 .text.USBD_FS_InterfaceStrDescriptor
                0x0800c248       0x3c ./USB_DEVICE/App/usbd_desc.o
                0x0800c248                USBD_FS_InterfaceStrDescriptor
 .text.Get_SerialNum
                0x0800c284       0x58 ./USB_DEVICE/App/usbd_desc.o
 .text.IntToUnicode
                0x0800c2dc       0x7e ./USB_DEVICE/App/usbd_desc.o
 *fill*         0x0800c35a        0x2 
 .text.HAL_PCD_MspInit
                0x0800c35c       0xa8 ./USB_DEVICE/Target/usbd_conf.o
                0x0800c35c                HAL_PCD_MspInit
 .text.HAL_PCD_SetupStageCallback
                0x0800c404       0x24 ./USB_DEVICE/Target/usbd_conf.o
                0x0800c404                HAL_PCD_SetupStageCallback
 .text.HAL_PCD_DataOutStageCallback
                0x0800c428       0x36 ./USB_DEVICE/Target/usbd_conf.o
                0x0800c428                HAL_PCD_DataOutStageCallback
 .text.HAL_PCD_DataInStageCallback
                0x0800c45e       0x34 ./USB_DEVICE/Target/usbd_conf.o
                0x0800c45e                HAL_PCD_DataInStageCallback
 .text.HAL_PCD_SOFCallback
                0x0800c492       0x1c ./USB_DEVICE/Target/usbd_conf.o
                0x0800c492                HAL_PCD_SOFCallback
 .text.HAL_PCD_ResetCallback
                0x0800c4ae       0x50 ./USB_DEVICE/Target/usbd_conf.o
                0x0800c4ae                HAL_PCD_ResetCallback
 *fill*         0x0800c4fe        0x2 
 .text.HAL_PCD_SuspendCallback
                0x0800c500       0x4c ./USB_DEVICE/Target/usbd_conf.o
                0x0800c500                HAL_PCD_SuspendCallback
 .text.HAL_PCD_ResumeCallback
                0x0800c54c       0x1c ./USB_DEVICE/Target/usbd_conf.o
                0x0800c54c                HAL_PCD_ResumeCallback
 .text.HAL_PCD_ISOOUTIncompleteCallback
                0x0800c568       0x24 ./USB_DEVICE/Target/usbd_conf.o
                0x0800c568                HAL_PCD_ISOOUTIncompleteCallback
 .text.HAL_PCD_ISOINIncompleteCallback
                0x0800c58c       0x24 ./USB_DEVICE/Target/usbd_conf.o
                0x0800c58c                HAL_PCD_ISOINIncompleteCallback
 .text.HAL_PCD_ConnectCallback
                0x0800c5b0       0x1c ./USB_DEVICE/Target/usbd_conf.o
                0x0800c5b0                HAL_PCD_ConnectCallback
 .text.HAL_PCD_DisconnectCallback
                0x0800c5cc       0x1c ./USB_DEVICE/Target/usbd_conf.o
                0x0800c5cc                HAL_PCD_DisconnectCallback
 .text.USBD_LL_Init
                0x0800c5e8       0x98 ./USB_DEVICE/Target/usbd_conf.o
                0x0800c5e8                USBD_LL_Init
 .text.USBD_LL_Start
                0x0800c680       0x36 ./USB_DEVICE/Target/usbd_conf.o
                0x0800c680                USBD_LL_Start
 .text.USBD_LL_OpenEP
                0x0800c6b6       0x4c ./USB_DEVICE/Target/usbd_conf.o
                0x0800c6b6                USBD_LL_OpenEP
 .text.USBD_LL_CloseEP
                0x0800c702       0x3e ./USB_DEVICE/Target/usbd_conf.o
                0x0800c702                USBD_LL_CloseEP
 .text.USBD_LL_StallEP
                0x0800c740       0x3e ./USB_DEVICE/Target/usbd_conf.o
                0x0800c740                USBD_LL_StallEP
 .text.USBD_LL_ClearStallEP
                0x0800c77e       0x3e ./USB_DEVICE/Target/usbd_conf.o
                0x0800c77e                USBD_LL_ClearStallEP
 .text.USBD_LL_IsStallEP
                0x0800c7bc       0x58 ./USB_DEVICE/Target/usbd_conf.o
                0x0800c7bc                USBD_LL_IsStallEP
 .text.USBD_LL_SetUSBAddress
                0x0800c814       0x3e ./USB_DEVICE/Target/usbd_conf.o
                0x0800c814                USBD_LL_SetUSBAddress
 .text.USBD_LL_Transmit
                0x0800c852       0x42 ./USB_DEVICE/Target/usbd_conf.o
                0x0800c852                USBD_LL_Transmit
 .text.USBD_LL_PrepareReceive
                0x0800c894       0x42 ./USB_DEVICE/Target/usbd_conf.o
                0x0800c894                USBD_LL_PrepareReceive
 .text.USBD_LL_GetRxDataSize
                0x0800c8d6       0x26 ./USB_DEVICE/Target/usbd_conf.o
                0x0800c8d6                USBD_LL_GetRxDataSize
 .text.USBD_static_malloc
                0x0800c8fc       0x1c ./USB_DEVICE/Target/usbd_conf.o
                0x0800c8fc                USBD_static_malloc
 .text.USBD_static_free
                0x0800c918       0x14 ./USB_DEVICE/Target/usbd_conf.o
                0x0800c918                USBD_static_free
 .text.USBD_Get_USB_Status
                0x0800c92c       0x58 ./USB_DEVICE/Target/usbd_conf.o
                0x0800c92c                USBD_Get_USB_Status
 .text.memset   0x0800c984       0x10 C:/ST/STM32CubeIDE_1.16.0/STM32CubeIDE/plugins/com.st.stm32cube.ide.mcu.externaltools.gnu-tools-for-stm32.12.3.rel1.win32_1.0.200.202406191623/tools/bin/../lib/gcc/arm-none-eabi/12.3.1/../../../../arm-none-eabi/lib/thumb/v7e-m+fp/hard\libc_nano.a(libc_a-memset.o)
                0x0800c984                memset
 .text.__libc_init_array
                0x0800c994       0x48 C:/ST/STM32CubeIDE_1.16.0/STM32CubeIDE/plugins/com.st.stm32cube.ide.mcu.externaltools.gnu-tools-for-stm32.12.3.rel1.win32_1.0.200.202406191623/tools/bin/../lib/gcc/arm-none-eabi/12.3.1/../../../../arm-none-eabi/lib/thumb/v7e-m+fp/hard\libc_nano.a(libc_a-init.o)
                0x0800c994                __libc_init_array
 *(.glue_7)
 .glue_7        0x0800c9dc        0x0 linker stubs
 *(.glue_7t)
 .glue_7t       0x0800c9dc        0x0 linker stubs
 *(.eh_frame)
 .eh_frame      0x0800c9dc        0x0 C:/ST/STM32CubeIDE_1.16.0/STM32CubeIDE/plugins/com.st.stm32cube.ide.mcu.externaltools.gnu-tools-for-stm32.12.3.rel1.win32_1.0.200.202406191623/tools/bin/../lib/gcc/arm-none-eabi/12.3.1/thumb/v7e-m+fp/hard/crtbegin.o
 *(.init)
 .init          0x0800c9dc        0x4 C:/ST/STM32CubeIDE_1.16.0/STM32CubeIDE/plugins/com.st.stm32cube.ide.mcu.externaltools.gnu-tools-for-stm32.12.3.rel1.win32_1.0.200.202406191623/tools/bin/../lib/gcc/arm-none-eabi/12.3.1/thumb/v7e-m+fp/hard/crti.o
                0x0800c9dc                _init
 .init          0x0800c9e0        0x8 C:/ST/STM32CubeIDE_1.16.0/STM32CubeIDE/plugins/com.st.stm32cube.ide.mcu.externaltools.gnu-tools-for-stm32.12.3.rel1.win32_1.0.200.202406191623/tools/bin/../lib/gcc/arm-none-eabi/12.3.1/thumb/v7e-m+fp/hard/crtn.o
 *(.fini)
 .fini          0x0800c9e8        0x4 C:/ST/STM32CubeIDE_1.16.0/STM32CubeIDE/plugins/com.st.stm32cube.ide.mcu.externaltools.gnu-tools-for-stm32.12.3.rel1.win32_1.0.200.202406191623/tools/bin/../lib/gcc/arm-none-eabi/12.3.1/thumb/v7e-m+fp/hard/crti.o
                0x0800c9e8                _fini
 .fini          0x0800c9ec        0x8 C:/ST/STM32CubeIDE_1.16.0/STM32CubeIDE/plugins/com.st.stm32cube.ide.mcu.externaltools.gnu-tools-for-stm32.12.3.rel1.win32_1.0.200.202406191623/tools/bin/../lib/gcc/arm-none-eabi/12.3.1/thumb/v7e-m+fp/hard/crtn.o
                0x0800c9f4                        . = ALIGN (0x4)
                0x0800c9f4                        _etext = .

.vfp11_veneer   0x0800c9f4        0x0
 .vfp11_veneer  0x0800c9f4        0x0 linker stubs

.v4_bx          0x0800c9f4        0x0
 .v4_bx         0x0800c9f4        0x0 linker stubs

.iplt           0x0800c9f4        0x0
 .iplt          0x0800c9f4        0x0 C:/ST/STM32CubeIDE_1.16.0/STM32CubeIDE/plugins/com.st.stm32cube.ide.mcu.externaltools.gnu-tools-for-stm32.12.3.rel1.win32_1.0.200.202406191623/tools/bin/../lib/gcc/arm-none-eabi/12.3.1/thumb/v7e-m+fp/hard/crtbegin.o

.rodata         0x0800c9f4       0x68
                0x0800c9f4                        . = ALIGN (0x4)
 *(.rodata)
 .rodata        0x0800c9f4       0x46 ./USB_DEVICE/App/usbd_desc.o
 *(.rodata*)
 *fill*         0x0800ca3a        0x2 
 .rodata.AHBPrescTable
                0x0800ca3c       0x10 ./Core/Src/system_stm32f4xx.o
                0x0800ca3c                AHBPrescTable
 .rodata.APBPrescTable
                0x0800ca4c        0x8 ./Core/Src/system_stm32f4xx.o
                0x0800ca4c                APBPrescTable
 .rodata.flagBitshiftOffset.0
                0x0800ca54        0x8 ./Drivers/STM32F4xx_HAL_Driver/Src/stm32f4xx_hal_dma.o
                0x0800ca5c                        . = ALIGN (0x4)

.ARM.extab      0x0800ca5c        0x0
                0x0800ca5c                        . = ALIGN (0x4)
 *(.ARM.extab* .gnu.linkonce.armextab.*)
                0x0800ca5c                        . = ALIGN (0x4)

.ARM            0x0800ca5c        0x8
                0x0800ca5c                        . = ALIGN (0x4)
                0x0800ca5c                        __exidx_start = .
 *(.ARM.exidx*)
 .ARM.exidx     0x0800ca5c        0x8 C:/ST/STM32CubeIDE_1.16.0/STM32CubeIDE/plugins/com.st.stm32cube.ide.mcu.externaltools.gnu-tools-for-stm32.12.3.rel1.win32_1.0.200.202406191623/tools/bin/../lib/gcc/arm-none-eabi/12.3.1/thumb/v7e-m+fp/hard\libgcc.a(_udivmoddi4.o)
                0x0800ca64                        __exidx_end = .
                0x0800ca64                        . = ALIGN (0x4)

.preinit_array  0x0800ca64        0x0
                0x0800ca64                        . = ALIGN (0x4)
                0x0800ca64                        PROVIDE (__preinit_array_start = .)
 *(.preinit_array*)
                0x0800ca64                        PROVIDE (__preinit_array_end = .)
                0x0800ca64                        . = ALIGN (0x4)

.init_array     0x0800ca64        0x4
                0x0800ca64                        . = ALIGN (0x4)
                0x0800ca64                        PROVIDE (__init_array_start = .)
 *(SORT_BY_NAME(.init_array.*))
 *(.init_array*)
 .init_array    0x0800ca64        0x4 C:/ST/STM32CubeIDE_1.16.0/STM32CubeIDE/plugins/com.st.stm32cube.ide.mcu.externaltools.gnu-tools-for-stm32.12.3.rel1.win32_1.0.200.202406191623/tools/bin/../lib/gcc/arm-none-eabi/12.3.1/thumb/v7e-m+fp/hard/crtbegin.o
                0x0800ca68                        PROVIDE (__init_array_end = .)
                0x0800ca68                        . = ALIGN (0x4)

.fini_array     0x0800ca68        0x4
                0x0800ca68                        . = ALIGN (0x4)
                [!provide]                        PROVIDE (__fini_array_start = .)
 *(SORT_BY_NAME(.fini_array.*))
 *(.fini_array*)
 .fini_array    0x0800ca68        0x4 C:/ST/STM32CubeIDE_1.16.0/STM32CubeIDE/plugins/com.st.stm32cube.ide.mcu.externaltools.gnu-tools-for-stm32.12.3.rel1.win32_1.0.200.202406191623/tools/bin/../lib/gcc/arm-none-eabi/12.3.1/thumb/v7e-m+fp/hard/crtbegin.o
                [!provide]                        PROVIDE (__fini_array_end = .)
                0x0800ca6c                        . = ALIGN (0x4)
                0x0800ca6c                        _sidata = LOADADDR (.data)

.rel.dyn        0x0800ca6c        0x0
 .rel.iplt      0x0800ca6c        0x0 C:/ST/STM32CubeIDE_1.16.0/STM32CubeIDE/plugins/com.st.stm32cube.ide.mcu.externaltools.gnu-tools-for-stm32.12.3.rel1.win32_1.0.200.202406191623/tools/bin/../lib/gcc/arm-none-eabi/12.3.1/thumb/v7e-m+fp/hard/crtbegin.o

.data           0x20000000      0x188 load address 0x0800ca6c
                0x20000000                        . = ALIGN (0x4)
                0x20000000                        _sdata = .
 *(.data)
 *(.data*)
 .data.Motor_control
                0x20000000        0x4 ./Core/Src/driver/hmi_control.o
                0x20000000                Motor_control
 .data.Output_control
                0x20000004        0x4 ./Core/Src/driver/hmi_control.o
                0x20000004                Output_control
 .data.Input_indicator
                0x20000008        0x4 ./Core/Src/driver/hmi_control.o
                0x20000008                Input_indicator
 .data.Axisfeedback
                0x2000000c        0x4 ./Core/Src/driver/hmi_control.o
                0x2000000c                Axisfeedback
 .data.Axiscommand
                0x20000010        0x4 ./Core/Src/driver/hmi_control.o
                0x20000010                Axiscommand
 .data.output_map
                0x20000014       0x40 ./Core/Src/driver/hmi_control.o
                0x20000014                output_map
 .data.Tab_main_table
                0x20000054       0x20 ./Core/Src/driver/hmi_control.o
                0x20000054                Tab_main_table
 .data.AxisX    0x20000074        0x8 ./Core/Src/driver/motor_control.o
                0x20000074                AxisX
 .data.AxisY    0x2000007c        0x8 ./Core/Src/driver/motor_control.o
                0x2000007c                AxisY
 .data.AxisZ    0x20000084        0x8 ./Core/Src/driver/motor_control.o
                0x20000084                AxisZ
 .data.SystemCoreClock
                0x2000008c        0x4 ./Core/Src/system_stm32f4xx.o
                0x2000008c                SystemCoreClock
 .data.uwTickPrio
                0x20000090        0x4 ./Drivers/STM32F4xx_HAL_Driver/Src/stm32f4xx_hal.o
                0x20000090                uwTickPrio
 .data.uwTickFreq
                0x20000094        0x1 ./Drivers/STM32F4xx_HAL_Driver/Src/stm32f4xx_hal.o
                0x20000094                uwTickFreq
 *fill*         0x20000095        0x3 
 .data.USBD_CDC_DeviceQualifierDesc
                0x20000098        0xa ./Middlewares/ST/STM32_USB_Device_Library/Class/CDC/Src/usbd_cdc.o
 *fill*         0x200000a2        0x2 
 .data.USBD_CDC
                0x200000a4       0x38 ./Middlewares/ST/STM32_USB_Device_Library/Class/CDC/Src/usbd_cdc.o
                0x200000a4                USBD_CDC
 .data.USBD_CDC_CfgDesc
                0x200000dc       0x43 ./Middlewares/ST/STM32_USB_Device_Library/Class/CDC/Src/usbd_cdc.o
 .data.CDCInEpAdd
                0x2000011f        0x1 ./Middlewares/ST/STM32_USB_Device_Library/Class/CDC/Src/usbd_cdc.o
 .data.CDCOutEpAdd
                0x20000120        0x1 ./Middlewares/ST/STM32_USB_Device_Library/Class/CDC/Src/usbd_cdc.o
 .data.CDCCmdEpAdd
                0x20000121        0x1 ./Middlewares/ST/STM32_USB_Device_Library/Class/CDC/Src/usbd_cdc.o
 *fill*         0x20000122        0x2 
 .data.USBD_Interface_fops_FS
                0x20000124       0x14 ./USB_DEVICE/App/usbd_cdc_if.o
                0x20000124                USBD_Interface_fops_FS
 .data.FS_Desc  0x20000138       0x1c ./USB_DEVICE/App/usbd_desc.o
                0x20000138                FS_Desc
 .data.USBD_FS_DeviceDesc
                0x20000154       0x12 ./USB_DEVICE/App/usbd_desc.o
                0x20000154                USBD_FS_DeviceDesc
 *fill*         0x20000166        0x2 
 .data.USBD_LangIDDesc
                0x20000168        0x4 ./USB_DEVICE/App/usbd_desc.o
                0x20000168                USBD_LangIDDesc
 .data.USBD_StringSerial
                0x2000016c       0x1a ./USB_DEVICE/App/usbd_desc.o
                0x2000016c                USBD_StringSerial
 *(.RamFunc)
 *(.RamFunc*)
                0x20000188                        . = ALIGN (0x4)
 *fill*         0x20000186        0x2 
                0x20000188                        _edata = .
                0x0800cbf4                        _siccmram = LOADADDR (.ccmram)

.igot.plt       0x20000188        0x0 load address 0x0800cbf4
 .igot.plt      0x20000188        0x0 C:/ST/STM32CubeIDE_1.16.0/STM32CubeIDE/plugins/com.st.stm32cube.ide.mcu.externaltools.gnu-tools-for-stm32.12.3.rel1.win32_1.0.200.202406191623/tools/bin/../lib/gcc/arm-none-eabi/12.3.1/thumb/v7e-m+fp/hard/crtbegin.o

.ccmram         0x10000000        0x0 load address 0x0800cbf4
                0x10000000                        . = ALIGN (0x4)
                0x10000000                        _sccmram = .
 *(.ccmram)
 *(.ccmram*)
                0x10000000                        . = ALIGN (0x4)
                0x10000000                        _eccmram = .
                0x10000000                        . = ALIGN (0x4)

.bss            0x20000188     0x12c0
                0x20000188                        _sbss = .
                0x20000188                        __bss_start__ = _sbss
 *(.bss)
 .bss           0x20000188       0x1c C:/ST/STM32CubeIDE_1.16.0/STM32CubeIDE/plugins/com.st.stm32cube.ide.mcu.externaltools.gnu-tools-for-stm32.12.3.rel1.win32_1.0.200.202406191623/tools/bin/../lib/gcc/arm-none-eabi/12.3.1/thumb/v7e-m+fp/hard/crtbegin.o
 *(.bss*)
 .bss.output_shadow
                0x200001a4        0x4 ./Core/Src/driver/hmi_control.o
                0x200001a4                output_shadow
 .bss.TxData    0x200001a8      0x100 ./Core/Src/driver/modbus_rtu.o
                0x200001a8                TxData
 .bss.RxData    0x200002a8      0x100 ./Core/Src/driver/modbus_rtu.o
                0x200002a8                RxData
 .bss.Input_Registers_Database
                0x200003a8       0x64 ./Core/Src/driver/modbus_rtu.o
                0x200003a8                Input_Registers_Database
 .bss.Inputs_Database
                0x2000040c       0x32 ./Core/Src/driver/modbus_rtu.o
                0x2000040c                Inputs_Database
 *fill*         0x2000043e        0x2 
 .bss.Coils_Database
                0x20000440       0x19 ./Core/Src/driver/modbus_rtu.o
                0x20000440                Coils_Database
 *fill*         0x20000459        0x3 
 .bss.Holding_Registers_Database
                0x2000045c      0x258 ./Core/Src/driver/modbus_rtu.o
                0x2000045c                Holding_Registers_Database
 .bss.htim1     0x200006b4       0x48 ./Core/Src/main.o
                0x200006b4                htim1
 .bss.htim2     0x200006fc       0x48 ./Core/Src/main.o
                0x200006fc                htim2
 .bss.htim3     0x20000744       0x48 ./Core/Src/main.o
                0x20000744                htim3
 .bss.htim5     0x2000078c       0x48 ./Core/Src/main.o
                0x2000078c                htim5
 .bss.htim7     0x200007d4       0x48 ./Core/Src/main.o
                0x200007d4                htim7
 .bss.htim8     0x2000081c       0x48 ./Core/Src/main.o
                0x2000081c                htim8
 .bss.htim9     0x20000864       0x48 ./Core/Src/main.o
                0x20000864                htim9
 .bss.huart2    0x200008ac       0x48 ./Core/Src/main.o
                0x200008ac                huart2
 .bss.hdma_usart2_rx
                0x200008f4       0x60 ./Core/Src/main.o
                0x200008f4                hdma_usart2_rx
 .bss.Tick      0x20000954        0x4 ./Core/Src/stm32f4xx_it.o
                0x20000954                Tick
 .bss.lastFrameTime
                0x20000958        0x4 ./Core/Src/stm32f4xx_it.o
                0x20000958                lastFrameTime
 .bss.activeTransport
                0x2000095c        0x1 ./Core/Src/stm32f4xx_it.o
                0x2000095c                activeTransport
 *fill*         0x2000095d        0x3 
 .bss.uwTick    0x20000960        0x4 ./Drivers/STM32F4xx_HAL_Driver/Src/stm32f4xx_hal.o
                0x20000960                uwTick
 .bss.cfgidx.0  0x20000964        0x1 ./Middlewares/ST/STM32_USB_Device_Library/Core/Src/usbd_ctlreq.o
 *fill*         0x20000965        0x3 
 .bss.hUsbDeviceFS
                0x20000968      0x2dc ./USB_DEVICE/App/usb_device.o
                0x20000968                hUsbDeviceFS
 .bss.USBD_StrDesc
                0x20000c44      0x100 ./USB_DEVICE/App/usbd_desc.o
                0x20000c44                USBD_StrDesc
 .bss.hpcd_USB_OTG_FS
                0x20000d44      0x4e4 ./USB_DEVICE/Target/usbd_conf.o
                0x20000d44                hpcd_USB_OTG_FS
 .bss.mem.0     0x20001228      0x220 ./USB_DEVICE/Target/usbd_conf.o
 *(COMMON)
                0x20001448                        . = ALIGN (0x4)
                0x20001448                        _ebss = .
                0x20001448                        __bss_end__ = _ebss

._user_heap_stack
                0x20001448      0x600
                0x20001448                        . = ALIGN (0x8)
                [!provide]                        PROVIDE (end = .)
                0x20001448                        PROVIDE (_end = .)
                0x20001648                        . = (. + _Min_Heap_Size)
 *fill*         0x20001448      0x200 
                0x20001a48                        . = (. + _Min_Stack_Size)
 *fill*         0x20001648      0x400 
                0x20001a48                        . = ALIGN (0x8)

/DISCARD/
 libc.a(*)
 libm.a(*)
 libgcc.a(*)

.ARM.attributes
                0x00000000       0x30
 *(.ARM.attributes)
 .ARM.attributes
                0x00000000       0x22 C:/ST/STM32CubeIDE_1.16.0/STM32CubeIDE/plugins/com.st.stm32cube.ide.mcu.externaltools.gnu-tools-for-stm32.12.3.rel1.win32_1.0.200.202406191623/tools/bin/../lib/gcc/arm-none-eabi/12.3.1/thumb/v7e-m+fp/hard/crti.o
 .ARM.attributes
                0x00000022       0x34 C:/ST/STM32CubeIDE_1.16.0/STM32CubeIDE/plugins/com.st.stm32cube.ide.mcu.externaltools.gnu-tools-for-stm32.12.3.rel1.win32_1.0.200.202406191623/tools/bin/../lib/gcc/arm-none-eabi/12.3.1/thumb/v7e-m+fp/hard/crtbegin.o
 .ARM.attributes
                0x00000056       0x34 ./Core/Src/app/application.o
 .ARM.attributes
                0x0000008a       0x34 ./Core/Src/driver/hmi_control.o
 .ARM.attributes
                0x000000be       0x34 ./Core/Src/driver/modbus_rtu.o
 .ARM.attributes
                0x000000f2       0x34 ./Core/Src/driver/motor_control.o
 .ARM.attributes
                0x00000126       0x34 ./Core/Src/main.o
 .ARM.attributes
                0x0000015a       0x34 ./Core/Src/stm32f4xx_hal_msp.o
 .ARM.attributes
                0x0000018e       0x34 ./Core/Src/stm32f4xx_it.o
 .ARM.attributes
                0x000001c2       0x34 ./Core/Src/system_stm32f4xx.o
 .ARM.attributes
                0x000001f6       0x21 ./Core/Startup/startup_stm32f407vetx.o
 .ARM.attributes
                0x00000217       0x34 ./Drivers/STM32F4xx_HAL_Driver/Src/stm32f4xx_hal.o
 .ARM.attributes
                0x0000024b       0x34 ./Drivers/STM32F4xx_HAL_Driver/Src/stm32f4xx_hal_cortex.o
 .ARM.attributes
                0x0000027f       0x34 ./Drivers/STM32F4xx_HAL_Driver/Src/stm32f4xx_hal_dma.o
 .ARM.attributes
                0x000002b3       0x34 ./Drivers/STM32F4xx_HAL_Driver/Src/stm32f4xx_hal_gpio.o
 .ARM.attributes
                0x000002e7       0x34 ./Drivers/STM32F4xx_HAL_Driver/Src/stm32f4xx_hal_pcd.o
 .ARM.attributes
                0x0000031b       0x34 ./Drivers/STM32F4xx_HAL_Driver/Src/stm32f4xx_hal_pcd_ex.o
 .ARM.attributes
                0x0000034f       0x34 ./Drivers/STM32F4xx_HAL_Driver/Src/stm32f4xx_hal_rcc.o
 .ARM.attributes
                0x00000383       0x34 ./Drivers/STM32F4xx_HAL_Driver/Src/stm32f4xx_hal_tim.o
 .ARM.attributes
                0x000003b7       0x34 ./Drivers/STM32F4xx_HAL_Driver/Src/stm32f4xx_hal_tim_ex.o
 .ARM.attributes
                0x000003eb       0x34 ./Drivers/STM32F4xx_HAL_Driver/Src/stm32f4xx_hal_uart.o
 .ARM.attributes
                0x0000041f       0x34 ./Drivers/STM32F4xx_HAL_Driver/Src/stm32f4xx_ll_usb.o
 .ARM.attributes
                0x00000453       0x34 ./Middlewares/ST/STM32_USB_Device_Library/Class/CDC/Src/usbd_cdc.o
 .ARM.attributes
                0x00000487       0x34 ./Middlewares/ST/STM32_USB_Device_Library/Core/Src/usbd_core.o
 .ARM.attributes
                0x000004bb       0x34 ./Middlewares/ST/STM32_USB_Device_Library/Core/Src/usbd_ctlreq.o
 .ARM.attributes
                0x000004ef       0x34 ./Middlewares/ST/STM32_USB_Device_Library/Core/Src/usbd_ioreq.o
 .ARM.attributes
                0x00000523       0x34 ./USB_DEVICE/App/usb_device.o
 .ARM.attributes
                0x00000557       0x34 ./USB_DEVICE/App/usbd_cdc_if.o
 .ARM.attributes
                0x0000058b       0x34 ./USB_DEVICE/App/usbd_desc.o
 .ARM.attributes
                0x000005bf       0x34 ./USB_DEVICE/Target/usbd_conf.o
 .ARM.attributes
                0x000005f3       0x34 C:/ST/STM32CubeIDE_1.16.0/STM32CubeIDE/plugins/com.st.stm32cube.ide.mcu.externaltools.gnu-tools-for-stm32.12.3.rel1.win32_1.0.200.202406191623/tools/bin/../lib/gcc/arm-none-eabi/12.3.1/../../../../arm-none-eabi/lib/thumb/v7e-m+fp/hard\libc_nano.a(libc_a-memset.o)
 .ARM.attributes
                0x00000627       0x34 C:/ST/STM32CubeIDE_1.16.0/STM32CubeIDE/plugins/com.st.stm32cube.ide.mcu.externaltools.gnu-tools-for-stm32.12.3.rel1.win32_1.0.200.202406191623/tools/bin/../lib/gcc/arm-none-eabi/12.3.1/../../../../arm-none-eabi/lib/thumb/v7e-m+fp/hard\libc_nano.a(libc_a-init.o)
 .ARM.attributes
                0x0000065b       0x22 C:/ST/STM32CubeIDE_1.16.0/STM32CubeIDE/plugins/com.st.stm32cube.ide.mcu.externaltools.gnu-tools-for-stm32.12.3.rel1.win32_1.0.200.202406191623/tools/bin/../lib/gcc/arm-none-eabi/12.3.1/thumb/v7e-m+fp/hard\libgcc.a(_aeabi_uldivmod.o)
 .ARM.attributes
                0x0000067d       0x34 C:/ST/STM32CubeIDE_1.16.0/STM32CubeIDE/plugins/com.st.stm32cube.ide.mcu.externaltools.gnu-tools-for-stm32.12.3.rel1.win32_1.0.200.202406191623/tools/bin/../lib/gcc/arm-none-eabi/12.3.1/thumb/v7e-m+fp/hard\libgcc.a(_udivmoddi4.o)
 .ARM.attributes
                0x000006b1       0x22 C:/ST/STM32CubeIDE_1.16.0/STM32CubeIDE/plugins/com.st.stm32cube.ide.mcu.externaltools.gnu-tools-for-stm32.12.3.rel1.win32_1.0.200.202406191623/tools/bin/../lib/gcc/arm-none-eabi/12.3.1/thumb/v7e-m+fp/hard\libgcc.a(_dvmd_tls.o)
 .ARM.attributes
                0x000006d3       0x22 C:/ST/STM32CubeIDE_1.16.0/STM32CubeIDE/plugins/com.st.stm32cube.ide.mcu.externaltools.gnu-tools-for-stm32.12.3.rel1.win32_1.0.200.202406191623/tools/bin/../lib/gcc/arm-none-eabi/12.3.1/thumb/v7e-m+fp/hard/crtn.o
OUTPUT(MC_start.elf elf32-littlearm)
LOAD linker stubs
LOAD C:/ST/STM32CubeIDE_1.16.0/STM32CubeIDE/plugins/com.st.stm32cube.ide.mcu.externaltools.gnu-tools-for-stm32.12.3.rel1.win32_1.0.200.202406191623/tools/bin/../lib/gcc/arm-none-eabi/12.3.1/../../../../arm-none-eabi/lib/thumb/v7e-m+fp/hard\libc.a
LOAD C:/ST/STM32CubeIDE_1.16.0/STM32CubeIDE/plugins/com.st.stm32cube.ide.mcu.externaltools.gnu-tools-for-stm32.12.3.rel1.win32_1.0.200.202406191623/tools/bin/../lib/gcc/arm-none-eabi/12.3.1/../../../../arm-none-eabi/lib/thumb/v7e-m+fp/hard\libm.a
LOAD C:/ST/STM32CubeIDE_1.16.0/STM32CubeIDE/plugins/com.st.stm32cube.ide.mcu.externaltools.gnu-tools-for-stm32.12.3.rel1.win32_1.0.200.202406191623/tools/bin/../lib/gcc/arm-none-eabi/12.3.1/thumb/v7e-m+fp/hard\libgcc.a

.debug_info     0x00000000    0x1ab9e
 .debug_info    0x00000000      0xcaf ./Core/Src/app/application.o
 .debug_info    0x00000caf      0xb75 ./Core/Src/driver/hmi_control.o
 .debug_info    0x00001824      0xbad ./Core/Src/driver/modbus_rtu.o
 .debug_info    0x000023d1      0xf26 ./Core/Src/driver/motor_control.o
 .debug_info    0x000032f7     0x16f2 ./Core/Src/main.o
 .debug_info    0x000049e9     0x110c ./Core/Src/stm32f4xx_hal_msp.o
 .debug_info    0x00005af5     0x13fe ./Core/Src/stm32f4xx_it.o
 .debug_info    0x00006ef3      0x512 ./Core/Src/system_stm32f4xx.o
 .debug_info    0x00007405       0x30 ./Core/Startup/startup_stm32f407vetx.o
 .debug_info    0x00007435      0x944 ./Drivers/STM32F4xx_HAL_Driver/Src/stm32f4xx_hal.o
 .debug_info    0x00007d79      0xd8c ./Drivers/STM32F4xx_HAL_Driver/Src/stm32f4xx_hal_cortex.o
 .debug_info    0x00008b05      0x8e7 ./Drivers/STM32F4xx_HAL_Driver/Src/stm32f4xx_hal_dma.o
 .debug_info    0x000093ec      0x6c3 ./Drivers/STM32F4xx_HAL_Driver/Src/stm32f4xx_hal_gpio.o
 .debug_info    0x00009aaf     0x156f ./Drivers/STM32F4xx_HAL_Driver/Src/stm32f4xx_hal_pcd.o
 .debug_info    0x0000b01e      0x6ea ./Drivers/STM32F4xx_HAL_Driver/Src/stm32f4xx_hal_pcd_ex.o
 .debug_info    0x0000b708      0x8c3 ./Drivers/STM32F4xx_HAL_Driver/Src/stm32f4xx_hal_rcc.o
 .debug_info    0x0000bfcb     0x299d ./Drivers/STM32F4xx_HAL_Driver/Src/stm32f4xx_hal_tim.o
 .debug_info    0x0000e968     0x14db ./Drivers/STM32F4xx_HAL_Driver/Src/stm32f4xx_hal_tim_ex.o
 .debug_info    0x0000fe43     0x2f4f ./Drivers/STM32F4xx_HAL_Driver/Src/stm32f4xx_hal_uart.o
 .debug_info    0x00012d92     0x1993 ./Drivers/STM32F4xx_HAL_Driver/Src/stm32f4xx_ll_usb.o
 .debug_info    0x00014725     0x12b1 ./Middlewares/ST/STM32_USB_Device_Library/Class/CDC/Src/usbd_cdc.o
 .debug_info    0x000159d6      0xe12 ./Middlewares/ST/STM32_USB_Device_Library/Core/Src/usbd_core.o
 .debug_info    0x000167e8      0xaeb ./Middlewares/ST/STM32_USB_Device_Library/Core/Src/usbd_ctlreq.o
 .debug_info    0x000172d3      0x762 ./Middlewares/ST/STM32_USB_Device_Library/Core/Src/usbd_ioreq.o
 .debug_info    0x00017a35      0x70e ./USB_DEVICE/App/usb_device.o
 .debug_info    0x00018143      0x98d ./USB_DEVICE/App/usbd_cdc_if.o
 .debug_info    0x00018ad0      0x457 ./USB_DEVICE/App/usbd_desc.o
 .debug_info    0x00018f27     0x1c77 ./USB_DEVICE/Target/usbd_conf.o

.debug_abbrev   0x00000000     0x4212
 .debug_abbrev  0x00000000      0x22d ./Core/Src/app/application.o
 .debug_abbrev  0x0000022d      0x2a0 ./Core/Src/driver/hmi_control.o
 .debug_abbrev  0x000004cd      0x28c ./Core/Src/driver/modbus_rtu.o
 .debug_abbrev  0x00000759      0x30d ./Core/Src/driver/motor_control.o
 .debug_abbrev  0x00000a66      0x2da ./Core/Src/main.o
 .debug_abbrev  0x00000d40      0x279 ./Core/Src/stm32f4xx_hal_msp.o
 .debug_abbrev  0x00000fb9      0x2e6 ./Core/Src/stm32f4xx_it.o
 .debug_abbrev  0x0000129f      0x11a ./Core/Src/system_stm32f4xx.o
 .debug_abbrev  0x000013b9       0x24 ./Core/Startup/startup_stm32f407vetx.o
 .debug_abbrev  0x000013dd      0x214 ./Drivers/STM32F4xx_HAL_Driver/Src/stm32f4xx_hal.o
 .debug_abbrev  0x000015f1      0x31d ./Drivers/STM32F4xx_HAL_Driver/Src/stm32f4xx_hal_cortex.o
 .debug_abbrev  0x0000190e      0x264 ./Drivers/STM32F4xx_HAL_Driver/Src/stm32f4xx_hal_dma.o
 .debug_abbrev  0x00001b72      0x1d4 ./Drivers/STM32F4xx_HAL_Driver/Src/stm32f4xx_hal_gpio.o
 .debug_abbrev  0x00001d46      0x2b9 ./Drivers/STM32F4xx_HAL_Driver/Src/stm32f4xx_hal_pcd.o
 .debug_abbrev  0x00001fff      0x1da ./Drivers/STM32F4xx_HAL_Driver/Src/stm32f4xx_hal_pcd_ex.o
 .debug_abbrev  0x000021d9      0x2b7 ./Drivers/STM32F4xx_HAL_Driver/Src/stm32f4xx_hal_rcc.o
 .debug_abbrev  0x00002490      0x278 ./Drivers/STM32F4xx_HAL_Driver/Src/stm32f4xx_hal_tim.o
 .debug_abbrev  0x00002708      0x283 ./Drivers/STM32F4xx_HAL_Driver/Src/stm32f4xx_hal_tim_ex.o
 .debug_abbrev  0x0000298b      0x30e ./Drivers/STM32F4xx_HAL_Driver/Src/stm32f4xx_hal_uart.o
 .debug_abbrev  0x00002c99      0x2b3 ./Drivers/STM32F4xx_HAL_Driver/Src/stm32f4xx_ll_usb.o
 .debug_abbrev  0x00002f4c      0x2d2 ./Middlewares/ST/STM32_USB_Device_Library/Class/CDC/Src/usbd_cdc.o
 .debug_abbrev  0x0000321e      0x27c ./Middlewares/ST/STM32_USB_Device_Library/Core/Src/usbd_core.o
 .debug_abbrev  0x0000349a      0x26f ./Middlewares/ST/STM32_USB_Device_Library/Core/Src/usbd_ctlreq.o
 .debug_abbrev  0x00003709      0x19a ./Middlewares/ST/STM32_USB_Device_Library/Core/Src/usbd_ioreq.o
 .debug_abbrev  0x000038a3      0x195 ./USB_DEVICE/App/usb_device.o
 .debug_abbrev  0x00003a38      0x2c3 ./USB_DEVICE/App/usbd_cdc_if.o
 .debug_abbrev  0x00003cfb      0x1d8 ./USB_DEVICE/App/usbd_desc.o
 .debug_abbrev  0x00003ed3      0x33f ./USB_DEVICE/Target/usbd_conf.o

.debug_aranges  0x00000000     0x16b0
 .debug_aranges
                0x00000000       0x40 ./Core/Src/app/application.o
 .debug_aranges
                0x00000040       0xf8 ./Core/Src/driver/hmi_control.o
 .debug_aranges
                0x00000138       0x78 ./Core/Src/driver/modbus_rtu.o
 .debug_aranges
                0x000001b0      0x100 ./Core/Src/driver/motor_control.o
 .debug_aranges
                0x000002b0       0x80 ./Core/Src/main.o
 .debug_aranges
                0x00000330       0x58 ./Core/Src/stm32f4xx_hal_msp.o
 .debug_aranges
                0x00000388       0xc8 ./Core/Src/stm32f4xx_it.o
 .debug_aranges
                0x00000450       0x28 ./Core/Src/system_stm32f4xx.o
 .debug_aranges
                0x00000478       0x28 ./Core/Startup/startup_stm32f407vetx.o
 .debug_aranges
                0x000004a0       0xf0 ./Drivers/STM32F4xx_HAL_Driver/Src/stm32f4xx_hal.o
 .debug_aranges
                0x00000590      0x130 ./Drivers/STM32F4xx_HAL_Driver/Src/stm32f4xx_hal_cortex.o
 .debug_aranges
                0x000006c0       0x90 ./Drivers/STM32F4xx_HAL_Driver/Src/stm32f4xx_hal_dma.o
 .debug_aranges
                0x00000750       0x58 ./Drivers/STM32F4xx_HAL_Driver/Src/stm32f4xx_hal_gpio.o
 .debug_aranges
                0x000007a8      0x148 ./Drivers/STM32F4xx_HAL_Driver/Src/stm32f4xx_hal_pcd.o
 .debug_aranges
                0x000008f0       0x38 ./Drivers/STM32F4xx_HAL_Driver/Src/stm32f4xx_hal_pcd_ex.o
 .debug_aranges
                0x00000928       0x88 ./Drivers/STM32F4xx_HAL_Driver/Src/stm32f4xx_hal_rcc.o
 .debug_aranges
                0x000009b0      0x3d0 ./Drivers/STM32F4xx_HAL_Driver/Src/stm32f4xx_hal_tim.o
 .debug_aranges
                0x00000d80      0x168 ./Drivers/STM32F4xx_HAL_Driver/Src/stm32f4xx_hal_tim_ex.o
 .debug_aranges
                0x00000ee8      0x208 ./Drivers/STM32F4xx_HAL_Driver/Src/stm32f4xx_hal_uart.o
 .debug_aranges
                0x000010f0      0x1a0 ./Drivers/STM32F4xx_HAL_Driver/Src/stm32f4xx_ll_usb.o
 .debug_aranges
                0x00001290       0x90 ./Middlewares/ST/STM32_USB_Device_Library/Class/CDC/Src/usbd_cdc.o
 .debug_aranges
                0x00001320       0xd8 ./Middlewares/ST/STM32_USB_Device_Library/Core/Src/usbd_core.o
 .debug_aranges