Archive member included to satisfy reference by file (symbol)

C:/ST/STM32CubeIDE_1.16.0/STM32CubeIDE/plugins/com.st.stm32cube.ide.mcu.externaltools.gnu-tools-for-stm32.12.3.rel1.win32_1.0.200.202406191623/tools/bin/../lib/gcc/arm-none-eabi/12.3.1/../../../../arm-none-eabi/lib/thumb/v7e-m+fp/hard\libc_nano.a(libc_a-exit.o)
                              C:/ST/STM32CubeIDE_1.16.0/STM32CubeIDE/plugins/com.st.stm32cube.ide.mcu.externaltools.gnu-tools-for-stm32.12.3.rel1.win32_1.0.200.202406191623/tools/bin/../lib/gcc/arm-none-eabi/12.3.1/../../../../arm-none-eabi/lib/thumb/v7e-m+fp/hard/crt0.o (exit)
C:/ST/STM32CubeIDE_1.16.0/STM32CubeIDE/plugins/com.st.stm32cube.ide.mcu.externaltools.gnu-tools-for-stm32.12.3.rel1.win32_1.0.200.202406191623/tools/bin/../lib/gcc/arm-none-eabi/12.3.1/../../../../arm-none-eabi/lib/thumb/v7e-m+fp/hard\libc_nano.a(libc_a-findfp.o)
                              C:/ST/STM32CubeIDE_1.16.0/STM32CubeIDE/plugins/com.st.stm32cube.ide.mcu.externaltools.gnu-tools-for-stm32.12.3.rel1.win32_1.0.200.202406191623/tools/bin/../lib/gcc/arm-none-eabi/12.3.1/../../../../arm-none-eabi/lib/thumb/v7e-m+fp/hard\libc_nano.a(libc_a-exit.o) (__stdio_exit_handler)
C:/ST/STM32CubeIDE_1.16.0/STM32CubeIDE/plugins/com.st.stm32cube.ide.mcu.externaltools.gnu-tools-for-stm32.12.3.rel1.win32_1.0.200.202406191623/tools/bin/../lib/gcc/arm-none-eabi/12.3.1/../../../../arm-none-eabi/lib/thumb/v7e-m+fp/hard\libc_nano.a(libc_a-fwalk.o)
                              C:/ST/STM32CubeIDE_1.16.0/STM32CubeIDE/plugins/com.st.stm32cube.ide.mcu.externaltools.gnu-tools-for-stm32.12.3.rel1.win32_1.0.200.202406191623/tools/bin/../lib/gcc/arm-none-eabi/12.3.1/../../../../arm-none-eabi/lib/thumb/v7e-m+fp/hard\libc_nano.a(libc_a-findfp.o) (_fwalk_sglue)
C:/ST/STM32CubeIDE_1.16.0/STM32CubeIDE/plugins/com.st.stm32cube.ide.mcu.externaltools.gnu-tools-for-stm32.12.3.rel1.win32_1.0.200.202406191623/tools/bin/../lib/gcc/arm-none-eabi/12.3.1/../../../../arm-none-eabi/lib/thumb/v7e-m+fp/hard\libc_nano.a(libc_a-stdio.o)
                              C:/ST/STM32CubeIDE_1.16.0/STM32CubeIDE/plugins/com.st.stm32cube.ide.mcu.externaltools.gnu-tools-for-stm32.12.3.rel1.win32_1.0.200.202406191623/tools/bin/../lib/gcc/arm-none-eabi/12.3.1/../../../../arm-none-eabi/lib/thumb/v7e-m+fp/hard\libc_nano.a(libc_a-findfp.o) (__sread)
C:/ST/STM32CubeIDE_1.16.0/STM32CubeIDE/plugins/com.st.stm32cube.ide.mcu.externaltools.gnu-tools-for-stm32.12.3.rel1.win32_1.0.200.202406191623/tools/bin/../lib/gcc/arm-none-eabi/12.3.1/../../../../arm-none-eabi/lib/thumb/v7e-m+fp/hard\libc_nano.a(libc_a-memset.o)
                              C:/ST/STM32CubeIDE_1.16.0/STM32CubeIDE/plugins/com.st.stm32cube.ide.mcu.externaltools.gnu-tools-for-stm32.12.3.rel1.win32_1.0.200.202406191623/tools/bin/../lib/gcc/arm-none-eabi/12.3.1/../../../../arm-none-eabi/lib/thumb/v7e-m+fp/hard/crt0.o (memset)
C:/ST/STM32CubeIDE_1.16.0/STM32CubeIDE/plugins/com.st.stm32cube.ide.mcu.externaltools.gnu-tools-for-stm32.12.3.rel1.win32_1.0.200.202406191623/tools/bin/../lib/gcc/arm-none-eabi/12.3.1/../../../../arm-none-eabi/lib/thumb/v7e-m+fp/hard\libc_nano.a(libc_a-closer.o)
                              C:/ST/STM32CubeIDE_1.16.0/STM32CubeIDE/plugins/com.st.stm32cube.ide.mcu.externaltools.gnu-tools-for-stm32.12.3.rel1.win32_1.0.200.202406191623/tools/bin/../lib/gcc/arm-none-eabi/12.3.1/../../../../arm-none-eabi/lib/thumb/v7e-m+fp/hard\libc_nano.a(libc_a-stdio.o) (_close_r)
C:/ST/STM32CubeIDE_1.16.0/STM32CubeIDE/plugins/com.st.stm32cube.ide.mcu.externaltools.gnu-tools-for-stm32.12.3.rel1.win32_1.0.200.202406191623/tools/bin/../lib/gcc/arm-none-eabi/12.3.1/../../../../arm-none-eabi/lib/thumb/v7e-m+fp/hard\libc_nano.a(libc_a-reent.o)
                              C:/ST/STM32CubeIDE_1.16.0/STM32CubeIDE/plugins/com.st.stm32cube.ide.mcu.externaltools.gnu-tools-for-stm32.12.3.rel1.win32_1.0.200.202406191623/tools/bin/../lib/gcc/arm-none-eabi/12.3.1/../../../../arm-none-eabi/lib/thumb/v7e-m+fp/hard\libc_nano.a(libc_a-closer.o) (errno)
C:/ST/STM32CubeIDE_1.16.0/STM32CubeIDE/plugins/com.st.stm32cube.ide.mcu.externaltools.gnu-tools-for-stm32.12.3.rel1.win32_1.0.200.202406191623/tools/bin/../lib/gcc/arm-none-eabi/12.3.1/../../../../arm-none-eabi/lib/thumb/v7e-m+fp/hard\libc_nano.a(libc_a-impure.o)
                              C:/ST/STM32CubeIDE_1.16.0/STM32CubeIDE/plugins/com.st.stm32cube.ide.mcu.externaltools.gnu-tools-for-stm32.12.3.rel1.win32_1.0.200.202406191623/tools/bin/../lib/gcc/arm-none-eabi/12.3.1/../../../../arm-none-eabi/lib/thumb/v7e-m+fp/hard\libc_nano.a(libc_a-reent.o) (_impure_ptr)
C:/ST/STM32CubeIDE_1.16.0/STM32CubeIDE/plugins/com.st.stm32cube.ide.mcu.externaltools.gnu-tools-for-stm32.12.3.rel1.win32_1.0.200.202406191623/tools/bin/../lib/gcc/arm-none-eabi/12.3.1/../../../../arm-none-eabi/lib/thumb/v7e-m+fp/hard\libc_nano.a(libc_a-lseekr.o)
[...]
Memory Configuration

Name             Origin             Length             Attributes
CCMRAM           0x10000000         0x00010000         xrw
RAM              0x20000000         0x00020000         xrw
FLASH            0x08000000         0x00080000         xr
*default*        0x00000000         0xffffffff

Linker script and memory map

LOAD C:/ST/STM32CubeIDE_1.16.0/STM32CubeIDE/plugins/com.st.stm32cube.ide.mcu.externaltools.gnu-tools-for-stm32.12.3.rel1.win32_1.0.200.202406191623/tools/bin/../lib/gcc/arm-none-eabi/12.3.1/thumb/v7e-m+fp/hard/crti.o
LOAD C:/ST/STM32CubeIDE_1.16.0/STM32CubeIDE/plugins/com.st.stm32cube.ide.mcu.externaltools.gnu-tools-for-stm32.12.3.rel1.win32_1.0.200.202406191623/tools/bin/../lib/gcc/arm-none-eabi/12.3.1/thumb/v7e-m+fp/hard/crtbegin.o
LOAD C:/ST/STM32CubeIDE_1.16.0/STM32CubeIDE/plugins/com.st.stm32cube.ide.mcu.externaltools.gnu-tools-for-stm32.12.3.rel1.win32_1.0.200.202406191623/tools/bin/../lib/gcc/arm-none-eabi/12.3.1/../../../../arm-none-eabi/lib/thumb/v7e-m+fp/hard/crt0.o
LOAD ./Core/Src/app/application.o
LOAD ./Core/Src/driver/common.o
LOAD ./Core/Src/driver/dio_control.o
LOAD ./Core/Src/driver/flash.o
LOAD ./Core/Src/driver/hmi_control.o
LOAD ./Core/Src/driver/modbus_rtu.o
LOAD ./Core/Src/driver/motor_control.o
LOAD ./Core/Src/driver/tick.o
LOAD ./Core/Src/main.o
LOAD ./Core/Src/stm32f4xx_hal_msp.o
LOAD ./Core/Src/stm32f4xx_it.o
LOAD ./Core/Src/syscalls.o
LOAD ./Core/Src/sysmem.o
LOAD ./Core/Src/system_stm32f4xx.o
LOAD ./Core/Startup/startup_stm32f407vetx.o
LOAD ./Drivers/STM32F4xx_HAL_Driver/Src/stm32f4xx_hal.o
LOAD ./Drivers/STM32F4xx_HAL_Driver/Src/stm32f4xx_hal_cortex.o
LOAD ./Drivers/STM32F4xx_HAL_Driver/Src/stm32f4xx_hal_dma.o
LOAD ./Drivers/STM32F4xx_HAL_Driver/Src/stm32f4xx_hal_dma_ex.o
LOAD ./Drivers/STM32F4xx_HAL_Driver/Src/stm32f4xx_hal_exti.o
LOAD ./Drivers/STM32F4xx_HAL_Driver/Src/stm32f4xx_hal_flash.o
LOAD ./Drivers/STM32F4xx_HAL_Driver/Src/stm32f4xx_hal_flash_ex.o
LOAD ./Drivers/STM32F4xx_HAL_Driver/Src/stm32f4xx_hal_flash_ramfunc.o
LOAD ./Drivers/STM32F4xx_HAL_Driver/Src/stm32f4xx_hal_gpio.o
LOAD ./Drivers/STM32F4xx_HAL_Driver/Src/stm32f4xx_hal_pcd.o
LOAD ./Drivers/STM32F4xx_HAL_Driver/Src/stm32f4xx_hal_pcd_ex.o
LOAD ./Drivers/STM32F4xx_HAL_Driver/Src/stm32f4xx_hal_pwr.o
LOAD ./Drivers/STM32F4xx_HAL_Driver/Src/stm32f4xx_hal_pwr_ex.o
LOAD ./Drivers/STM32F4xx_HAL_Driver/Src/stm32f4xx_hal_rcc.o
LOAD ./Drivers/STM32F4xx_HAL_Driver/Src/stm32f4xx_hal_rcc_ex.o
LOAD ./Drivers/STM32F4xx_HAL_Driver/Src/stm32f4xx_hal_tim.o
LOAD ./Drivers/STM32F4xx_HAL_Driver/Src/stm32f4xx_hal_tim_ex.o
LOAD ./Drivers/STM32F4xx_HAL_Driver/Src/stm32f4xx_hal_uart.o
LOAD ./Drivers/STM32F4xx_HAL_Driver/Src/stm32f4xx_ll_usb.o
LOAD ./Middlewares/ST/STM32_USB_Device_Library/Class/CDC/Src/usbd_cdc.o
LOAD ./Middlewares/ST/STM32_USB_Device_Library/Core/Src/usbd_core.o
LOAD ./Middlewares/ST/STM32_USB_Device_Library/Core/Src/usbd_ctlreq.o
LOAD ./Middlewares/ST/STM32_USB_Device_Library/Core/Src/usbd_ioreq.o
LOAD ./USB_DEVICE/App/usb_device.o
LOAD ./USB_DEVICE/App/usbd_cdc_if.o
LOAD ./USB_DEVICE/App/usbd_desc.o
LOAD ./USB_DEVICE/Target/usbd_conf.o
START GROUP
LOAD C:/ST/STM32CubeIDE_1.16.0/STM32CubeIDE/plugins/com.st.stm32cube.ide.mcu.externaltools.gnu-tools-for-stm32.12.3.rel1.win32_1.0.200.202406191623/tools/bin/../lib/gcc/arm-none-eabi/12.3.1/../../../../arm-none-eabi/lib/thumb/v7e-m+fp/hard\libc_nano.a
LOAD C:/ST/STM32CubeIDE_1.16.0/STM32CubeIDE/plugins/com.st.stm32cube.ide.mcu.externaltools.gnu-tools-for-stm32.12.3.rel1.win32_1.0.200.202406191623/tools/bin/../lib/gcc/arm-none-eabi/12.3.1/../../../../arm-none-eabi/lib/thumb/v7e-m+fp/hard\libm.a
END GROUP
START GROUP
LOAD C:/ST/STM32CubeIDE_1.16.0/STM32CubeIDE/plugins/com.st.stm32cube.ide.mcu.externaltools.gnu-tools-for-stm32.12.3.rel1.win32_1.0.200.202406191623/tools/bin/../lib/gcc/arm-none-eabi/12.3.1/thumb/v7e-m+fp/hard\libgcc.a
LOAD C:/ST/STM32CubeIDE_1.16.0/STM32CubeIDE/plugins/com.st.stm32cube.ide.mcu.externaltools.gnu-tools-for-stm32.12.3.rel1.win32_1.0.200.202406191623/tools/bin/../lib/gcc/arm-none-eabi/12.3.1/../../../../arm-none-eabi/lib/thumb/v7e-m+fp/hard\libc_nano.a
END GROUP
START GROUP
LOAD C:/ST/STM32CubeIDE_1.16.0/STM32CubeIDE/plugins/com.st.stm32cube.ide.mcu.externaltools.gnu-tools-for-stm32.12.3.rel1.win32_1.0.200.202406191623/tools/bin/../lib/gcc/arm-none-eabi/12.3.1/thumb/v7e-m+fp/hard\libgcc.a
LOAD C:/ST/STM32CubeIDE_1.16.0/STM32CubeIDE/plugins/com.st.stm32cube.ide.mcu.externaltools.gnu-tools-for-stm32.12.3.rel1.win32_1.0.200.202406191623/tools/bin/../lib/gcc/arm-none-eabi/12.3.1/../../../../arm-none-eabi/lib/thumb/v7e-m+fp/hard\libc_nano.a
LOAD C:/ST/STM32CubeIDE_1.16.0/STM32CubeIDE/plugins/com.st.stm32cube.ide.mcu.externaltools.gnu-tools-for-stm32.12.3.rel1.win32_1.0.200.202406191623/tools/bin/../lib/gcc/arm-none-eabi/12.3.1/../../../../arm-none-eabi/lib/thumb/v7e-m+fp/hard\libnosys.a
END GROUP
START GROUP
LOAD C:/ST/STM32CubeIDE_1.16.0/STM32CubeIDE/plugins/com.st.stm32cube.ide.mcu.externaltools.gnu-tools-for-stm32.12.3.rel1.win32_1.0.200.202406191623/tools/bin/../lib/gcc/arm-none-eabi/12.3.1/thumb/v7e-m+fp/hard\libgcc.a
LOAD C:/ST/STM32CubeIDE_1.16.0/STM32CubeIDE/plugins/com.st.stm32cube.ide.mcu.externaltools.gnu-tools-for-stm32.12.3.rel1.win32_1.0.200.202406191623/tools/bin/../lib/gcc/arm-none-eabi/12.3.1/../../../../arm-none-eabi/lib/thumb/v7e-m+fp/hard\libc_nano.a
LOAD C:/ST/STM32CubeIDE_1.16.0/STM32CubeIDE/plugins/com.st.stm32cube.ide.mcu.externaltools.gnu-tools-for-stm32.12.3.rel1.win32_1.0.200.202406191623/tools/bin/../lib/gcc/arm-none-eabi/12.3.1/../../../../arm-none-eabi/lib/thumb/v7e-m+fp/hard\libnosys.a
END GROUP
LOAD C:/ST/STM32CubeIDE_1.16.0/STM32CubeIDE/plugins/com.st.stm32cube.ide.mcu.externaltools.gnu-tools-for-stm32.12.3.rel1.win32_1.0.200.202406191623/tools/bin/../lib/gcc/arm-none-eabi/12.3.1/thumb/v7e-m+fp/hard/crtend.o
LOAD C:/ST/STM32CubeIDE_1.16.0/STM32CubeIDE/plugins/com.st.stm32cube.ide.mcu.externaltools.gnu-tools-for-stm32.12.3.rel1.win32_1.0.200.202406191623/tools/bin/../lib/gcc/arm-none-eabi/12.3.1/thumb/v7e-m+fp/hard/crtn.o
                0x20020000                        _estack = (ORIGIN (RAM) + LENGTH (RAM))
                0x00000200                        _Min_Heap_Size = 0x200
                0x00000400                        _Min_Stack_Size = 0x400

.isr_vector     0x08000000      0x188
                0x08000000                        . = ALIGN (0x4)
 *(.isr_vector)
 .isr_vector    0x08000000      0x188 ./Core/Startup/startup_stm32f407vetx.o
                0x08000000                g_pfnVectors
                0x08000188                        . = ALIGN (0x4)

.text           0x08000188     0xc858
                0x08000188                        . = ALIGN (0x4)
 *(.text)
 .text          0x08000188       0x40 C:/ST/STM32CubeIDE_1.16.0/STM32CubeIDE/plugins/com.st.stm32cube.ide.mcu.externaltools.gnu-tools-for-stm32.12.3.rel1.win32_1.0.200.202406191623/tools/bin/../lib/gcc/arm-none-eabi/12.3.1/thumb/v7e-m+fp/hard/crtbegin.o
 .text          0x080001c8       0x30 C:/ST/STM32CubeIDE_1.16.0/STM32CubeIDE/plugins/com.st.stm32cube.ide.mcu.externaltools.gnu-tools-for-stm32.12.3.rel1.win32_1.0.200.202406191623/tools/bin/../lib/gcc/arm-none-eabi/12.3.1/thumb/v7e-m+fp/hard\libgcc.a(_aeabi_uldivmod.o)
                0x080001c8                __aeabi_uldivmod
 .text          0x080001f8      0x2bc C:/ST/STM32CubeIDE_1.16.0/STM32CubeIDE/plugins/com.st.stm32cube.ide.mcu.externaltools.gnu-tools-for-stm32.12.3.rel1.win32_1.0.200.202406191623/tools/bin/../lib/gcc/arm-none-eabi/12.3.1/thumb/v7e-m+fp/hard\libgcc.a(_udivmoddi4.o)
                0x080001f8                __udivmoddi4
 .text          0x080004b4        0x4 C:/ST/STM32CubeIDE_1.16.0/STM32CubeIDE/plugins/com.st.stm32cube.ide.mcu.externaltools.gnu-tools-for-stm32.12.3.rel1.win32_1.0.200.202406191623/tools/bin/../lib/gcc/arm-none-eabi/12.3.1/thumb/v7e-m+fp/hard\libgcc.a(_dvmd_tls.o)
                0x080004b4                __aeabi_idiv0
                0x080004b4                __aeabi_ldiv0
 *(.text*)
 .text.application_init
                0x080004b8       0xc8 ./Core/Src/app/application.o
                0x080004b8                application_init
 .text.Try_go_home
                0x08000580      0x118 ./Core/Src/app/application.o
                0x08000580                Try_go_home
 .text.application_run_main
                0x08000698       0x2c ./Core/Src/app/application.o
                0x08000698                application_run_main
 .text.task_timer6
                0x080006c4       0x10 ./Core/Src/app/application.o
                0x080006c4                task_timer6
 .text.task_timer7
                0x080006d4       0x14 ./Core/Src/app/application.o
                0x080006d4                task_timer7
 .text.Set_PC_Position_Axis_X
                0x080006e8       0x24 ./Core/Src/driver/hmi_control.o
                0x080006e8                Set_PC_Position_Axis_X
 .text.Set_PC_Position_Axis_Y
                0x0800070c       0x24 ./Core/Src/driver/hmi_control.o
                0x0800070c                Set_PC_Position_Axis_Y
 .text.Set_PC_Position_Axis_Z
                0x08000730       0x24 ./Core/Src/driver/hmi_control.o
                0x08000730                Set_PC_Position_Axis_Z
 .text.Get_PC_Position_Axis_X
                0x08000754       0x18 ./Core/Src/driver/hmi_control.o
                0x08000754                Get_PC_Position_Axis_X
 .text.Get_PC_Position_Axis_Y
                0x0800076c       0x18 ./Core/Src/driver/hmi_control.o
                0x0800076c                Get_PC_Position_Axis_Y
 .text.Get_PC_Position_Axis_Z
                0x08000784       0x18 ./Core/Src/driver/hmi_control.o
                0x08000784                Get_PC_Position_Axis_Z
 .text.Set_PC_State_Axis_X
                0x0800079c       0x24 ./Core/Src/driver/hmi_control.o
                0x0800079c                Set_PC_State_Axis_X
 .text.Set_PC_State_Axis_Y
                0x080007c0       0x24 ./Core/Src/driver/hmi_control.o
                0x080007c0                Set_PC_State_Axis_Y
 .text.Set_PC_State_Axis_Z
                0x080007e4       0x24 ./Core/Src/driver/hmi_control.o
                0x080007e4                Set_PC_State_Axis_Z
 .text.Handle_main
                0x08000808       0x50 ./Core/Src/driver/hmi_control.o
                0x08000808                Handle_main
 .text.Handle_output
                0x08000858       0xa4 ./Core/Src/driver/hmi_control.o
                0x08000858                Handle_output
 .text.Handle_stop
                0x080008fc        0xe ./Core/Src/driver/hmi_control.o
                0x080008fc                Handle_stop
 *fill*         0x0800090a        0x2 
 .text.Handle_gohome
                0x0800090c      0x134 ./Core/Src/driver/hmi_control.o
                0x0800090c                Handle_gohome
 .text.Handle_setpoint
                0x08000a40       0x5c ./Core/Src/driver/hmi_control.o
                0x08000a40                Handle_setpoint
 .text.Handle_estop
                0x08000a9c        0xe ./Core/Src/driver/hmi_control.o
                0x08000a9c                Handle_estop
 .text.Handle_restart
                0x08000aaa        0xe ./Core/Src/driver/hmi_control.o
                0x08000aaa                Handle_restart
 .text.Handle_reserve
                0x08000ab8        0xe ./Core/Src/driver/hmi_control.o
                0x08000ab8                Handle_reserve
 *fill*         0x08000ac6        0x2 
 .text.Handle_X_Left
                0x08000ac8       0x34 ./Core/Src/driver/hmi_control.o
                0x08000ac8                Handle_X_Left
 .text.Handle_X_Right
                0x08000afc       0x40 ./Core/Src/driver/hmi_control.o
                0x08000afc                Handle_X_Right
 .text.Handle_Y_Forward
                0x08000b3c       0x40 ./Core/Src/driver/hmi_control.o
                0x08000b3c                Handle_Y_Forward
 .text.Handle_Y_Backward
                0x08000b7c       0x34 ./Core/Src/driver/hmi_control.o
                0x08000b7c                Handle_Y_Backward
 .text.Handle_Z_Up
                0x08000bb0       0x34 ./Core/Src/driver/hmi_control.o
                0x08000bb0                Handle_Z_Up
 .text.Handle_Z_Down
                0x08000be4       0x40 ./Core/Src/driver/hmi_control.o
                0x08000be4                Handle_Z_Down
 .text.crc16    0x08000c24       0x78 ./Core/Src/driver/modbus_rtu.o
                0x08000c24                crc16
 .text.process_data
                0x08000c9c       0x9c ./Core/Src/driver/modbus_rtu.o
                0x08000c9c                process_data
 .text.sendData
                0x08000d38       0x8c ./Core/Src/driver/modbus_rtu.o
                0x08000d38                sendData
 .text.modbusException
                0x08000dc4       0x40 ./Core/Src/driver/modbus_rtu.o
                0x08000dc4                modbusException
 .text.readHoldingRegs
                0x08000e04       0xe8 ./Core/Src/driver/modbus_rtu.o
                0x08000e04                readHoldingRegs
 .text.readInputRegs
                0x08000eec       0xe8 ./Core/Src/driver/modbus_rtu.o
                0x08000eec                readInputRegs
 .text.readCoils
                0x08000fd4      0x15c ./Core/Src/driver/modbus_rtu.o
                0x08000fd4                readCoils
 .text.readInputs
                0x08001130      0x160 ./Core/Src/driver/modbus_rtu.o
                0x08001130                readInputs
 .text.writeHoldingRegs
                0x08001290       0xf8 ./Core/Src/driver/modbus_rtu.o
                0x08001290                writeHoldingRegs
 .text.writeSingleReg
                0x08001388       0x94 ./Core/Src/driver/modbus_rtu.o
                0x08001388                writeSingleReg
 .text.writeSingleCoil
                0x0800141c       0xf4 ./Core/Src/driver/modbus_rtu.o
                0x0800141c                writeSingleCoil
 .text.writeMultiCoils
                0x08001510      0x16c ./Core/Src/driver/modbus_rtu.o
                0x08001510                writeMultiCoils
 .text.Set_Speed_Motor_x
                0x0800167c       0x5c ./Core/Src/driver/motor_control.o
                0x0800167c                Set_Speed_Motor_x
 .text.Set_Speed_Motor_y
                0x080016d8       0x5c ./Core/Src/driver/motor_control.o
                0x080016d8                Set_Speed_Motor_y
 .text.Set_Speed_Motor_z
                0x08001734       0x5c ./Core/Src/driver/motor_control.o
                0x08001734                Set_Speed_Motor_z
 .text.excute_move_x_left
                0x08001790       0x24 ./Core/Src/driver/motor_control.o
                0x08001790                excute_move_x_left
 .text.excute_move_x_right
                0x080017b4       0x24 ./Core/Src/driver/motor_control.o
                0x080017b4                excute_move_x_right
 .text.excute_move_y_forward
                0x080017d8       0x24 ./Core/Src/driver/motor_control.o
                0x080017d8                excute_move_y_forward
 .text.excute_move_y_backward
                0x080017fc       0x24 ./Core/Src/driver/motor_control.o
                0x080017fc                excute_move_y_backward
 .text.excute_move_z_up
                0x08001820       0x24 ./Core/Src/driver/motor_control.o
                0x08001820                excute_move_z_up
 .text.excute_move_z_down
                0x08001844       0x24 ./Core/Src/driver/motor_control.o
                0x08001844                excute_move_z_down
 .text.move_x_left
                0x08001868       0x44 ./Core/Src/driver/motor_control.o
                0x08001868                move_x_left
 .text.move_x_right
                0x080018ac       0x44 ./Core/Src/driver/motor_control.o
                0x080018ac                move_x_right
 .text.move_y_forward
                0x080018f0       0x44 ./Core/Src/driver/motor_control.o
                0x080018f0                move_y_forward
 .text.move_y_backward
                0x08001934       0x44 ./Core/Src/driver/motor_control.o
                0x08001934                move_y_backward
 .text.move_z_up
                0x08001978       0x44 ./Core/Src/driver/motor_control.o
                0x08001978                move_z_up
 .text.move_z_down
                0x080019bc       0x44 ./Core/Src/driver/motor_control.o
                0x080019bc                move_z_down
 .text.abs_diff_u16
                0x08001a00       0x36 ./Core/Src/driver/motor_control.o
 *fill*         0x08001a36        0x2 
 .text.move_axis
                0x08001a38      0x164 ./Core/Src/driver/motor_control.o
                0x08001a38                move_axis
 .text.Control_motor_x
                0x08001b9c      0x114 ./Core/Src/driver/motor_control.o
                0x08001b9c                Control_motor_x
 .text.Control_motor_y
                0x08001cb0      0x114 ./Core/Src/driver/motor_control.o
                0x08001cb0                Control_motor_y
 .text.Control_motor_z
                0x08001dc4      0x114 ./Core/Src/driver/motor_control.o
                0x08001dc4                Control_motor_z
 .text.Stop_motor_x
                0x08001ed8       0xc0 ./Core/Src/driver/motor_control.o
                0x08001ed8                Stop_motor_x
 .text.Stop_motor_y
                0x08001f98       0xc0 ./Core/Src/driver/motor_control.o
                0x08001f98                Stop_motor_y
 .text.Stop_motor_z
                0x08002058       0xc0 ./Core/Src/driver/motor_control.o
                0x08002058                Stop_motor_z
 .text.AllAxisStop
                0x08002118       0x40 ./Core/Src/driver/motor_control.o
 .text.wait_handler_stop
                0x08002158       0x38 ./Core/Src/driver/motor_control.o
                0x08002158                wait_handler_stop
 .text.main     0x08002190       0x46 ./Core/Src/main.o
                0x08002190                main
 *fill*         0x080021d6        0x2 
 .text.SystemClock_Config
                0x080021d8       0xd4 ./Core/Src/main.o
                0x080021d8                SystemClock_Config
 .text.MX_TIM1_Init
                0x080022ac      0x104 ./Core/Src/main.o
 .text.MX_TIM2_Init
                0x080023b0       0x9c ./Core/Src/main.o
 .text.MX_TIM3_Init
                0x0800244c       0xb0 ./Core/Src/main.o
 .text.MX_TIM5_Init
                0x080024fc       0xa0 ./Core/Src/main.o
 .text.MX_TIM6_Init
                0x0800259c       0x6c ./Core/Src/main.o
 .text.MX_TIM7_Init
                0x08002608       0x6c ./Core/Src/main.o
 .text.MX_TIM8_Init
                0x08002674      0x104 ./Core/Src/main.o
 .text.MX_TIM9_Init
                0x08002778       0x78 ./Core/Src/main.o
 .text.MX_USART2_UART_Init
                0x080027f0       0x54 ./Core/Src/main.o
 .text.MX_DMA_Init
                0x08002844       0x40 ./Core/Src/main.o
 .text.MX_GPIO_Init
                0x08002884      0x274 ./Core/Src/main.o
 .text.Error_Handler
                0x08002af8        0xc ./Core/Src/main.o
                0x08002af8                Error_Handler
 .text.HAL_MspInit
                0x08002b04       0x50 ./Core/Src/stm32f4xx_hal_msp.o
                0x08002b04                HAL_MspInit
 .text.HAL_TIM_PWM_MspInit
                0x08002b54       0xa8 ./Core/Src/stm32f4xx_hal_msp.o
                0x08002b54                HAL_TIM_PWM_MspInit
 .text.HAL_TIM_Base_MspInit
                0x08002bfc      0x13c ./Core/Src/stm32f4xx_hal_msp.o
                0x08002bfc                HAL_TIM_Base_MspInit
 .text.HAL_TIM_MspPostInit
                0x08002d38      0x114 ./Core/Src/stm32f4xx_hal_msp.o
                0x08002d38                HAL_TIM_MspPostInit
 .text.HAL_UART_MspInit
                0x08002e4c      0x104 ./Core/Src/stm32f4xx_hal_msp.o
                0x08002e4c                HAL_UART_MspInit
 .text.__NVIC_SystemReset
                0x08002f50       0x2c ./Core/Src/stm32f4xx_it.o
 .text.NMI_Handler
                0x08002f7c        0x8 ./Core/Src/stm32f4xx_it.o
                0x08002f7c                NMI_Handler
 .text.HardFault_Handler
                0x08002f84        0x8 ./Core/Src/stm32f4xx_it.o
                0x08002f84                HardFault_Handler
 .text.MemManage_Handler
                0x08002f8c        0x8 ./Core/Src/stm32f4xx_it.o
                0x08002f8c                MemManage_Handler
 .text.BusFault_Handler
                0x08002f94        0x8 ./Core/Src/stm32f4xx_it.o
                0x08002f94                BusFault_Handler
 .text.UsageFault_Handler
                0x08002f9c        0x8 ./Core/Src/stm32f4xx_it.o
                0x08002f9c                UsageFault_Handler
 .text.SVC_Handler
                0x08002fa4        0xe ./Core/Src/stm32f4xx_it.o
                0x08002fa4                SVC_Handler
 .text.DebugMon_Handler
                0x08002fb2        0xe ./Core/Src/stm32f4xx_it.o
                0x08002fb2                DebugMon_Handler
 .text.PendSV_Handler
                0x08002fc0        0xe ./Core/Src/stm32f4xx_it.o
                0x08002fc0                PendSV_Handler
 .text.SysTick_Handler
                0x08002fce        0xc ./Core/Src/stm32f4xx_it.o
                0x08002fce                SysTick_Handler
 *fill*         0x08002fda        0x2 
 .text.EXTI0_IRQHandler
                0x08002fdc       0xd4 ./Core/Src/stm32f4xx_it.o
                0x08002fdc                EXTI0_IRQHandler
 .text.EXTI1_IRQHandler
                0x080030b0       0xd4 ./Core/Src/stm32f4xx_it.o
                0x080030b0                EXTI1_IRQHandler
 .text.EXTI2_IRQHandler
                0x08003184       0xd4 ./Core/Src/stm32f4xx_it.o
                0x08003184                EXTI2_IRQHandler
 .text.EXTI3_IRQHandler
                0x08003258       0x30 ./Core/Src/stm32f4xx_it.o
                0x08003258                EXTI3_IRQHandler
 .text.EXTI4_IRQHandler
                0x08003288       0x38 ./Core/Src/stm32f4xx_it.o
                0x08003288                EXTI4_IRQHandler
 .text.DMA1_Stream5_IRQHandler
                0x080032c0       0x14 ./Core/Src/stm32f4xx_it.o
                0x080032c0                DMA1_Stream5_IRQHandler
 .text.EXTI9_5_IRQHandler
                0x080032d4       0x64 ./Core/Src/stm32f4xx_it.o
                0x080032d4                EXTI9_5_IRQHandler
 .text.TIM1_BRK_TIM9_IRQHandler
                0x08003338       0x34 ./Core/Src/stm32f4xx_it.o
                0x08003338                TIM1_BRK_TIM9_IRQHandler
 .text.TIM2_IRQHandler
                0x0800336c       0x28 ./Core/Src/stm32f4xx_it.o
                0x0800336c                TIM2_IRQHandler
 .text.USART2_IRQHandler
                0x08003394       0x14 ./Core/Src/stm32f4xx_it.o
                0x08003394                USART2_IRQHandler
 .text.EXTI15_10_IRQHandler
                0x080033a8       0x64 ./Core/Src/stm32f4xx_it.o
                0x080033a8                EXTI15_10_IRQHandler
 .text.TIM5_IRQHandler
                0x0800340c       0x28 ./Core/Src/stm32f4xx_it.o
                0x0800340c                TIM5_IRQHandler
 .text.TIM6_DAC_IRQHandler
                0x08003434       0x18 ./Core/Src/stm32f4xx_it.o
                0x08003434                TIM6_DAC_IRQHandler
 .text.TIM7_IRQHandler
                0x0800344c       0x24 ./Core/Src/stm32f4xx_it.o
                0x0800344c                TIM7_IRQHandler
 .text.OTG_FS_IRQHandler
                0x08003470       0x14 ./Core/Src/stm32f4xx_it.o
                0x08003470                OTG_FS_IRQHandler
 .text.HAL_UARTEx_RxEventCallback
                0x08003484       0x64 ./Core/Src/stm32f4xx_it.o
                0x08003484                HAL_UARTEx_RxEventCallback
 .text.SystemInit
                0x080034e8       0x24 ./Core/Src/system_stm32f4xx.o
                0x080034e8                SystemInit
 .text.Reset_Handler
                0x0800350c       0x50 ./Core/Startup/startup_stm32f407vetx.o
                0x0800350c                Reset_Handler
 .text.Default_Handler
                0x0800355c        0x2 ./Core/Startup/startup_stm32f407vetx.o
                0x0800355c                RTC_Alarm_IRQHandler
                0x0800355c                HASH_RNG_IRQHandler
                0x0800355c                TIM8_CC_IRQHandler
                0x0800355c                TIM1_CC_IRQHandler
                0x0800355c                DMA2_Stream5_IRQHandler
                0x0800355c                PVD_IRQHandler
                0x0800355c                SDIO_IRQHandler
                0x0800355c                TAMP_STAMP_IRQHandler
                0x0800355c                CAN2_RX1_IRQHandler
                0x0800355c                TIM8_TRG_COM_TIM14_IRQHandler
                0x0800355c                TIM1_UP_TIM10_IRQHandler
                0x0800355c                TIM8_UP_TIM13_IRQHandler
                0x0800355c                I2C3_ER_IRQHandler
                0x0800355c                I2C2_EV_IRQHandler
                0x0800355c                DMA1_Stream2_IRQHandler
                0x0800355c                CAN1_RX0_IRQHandler
                0x0800355c                FPU_IRQHandler
                0x0800355c                OTG_HS_WKUP_IRQHandler
                0x0800355c                CAN2_SCE_IRQHandler
                0x0800355c                DMA2_Stream2_IRQHandler
                0x0800355c                SPI1_IRQHandler
                0x0800355c                DCMI_IRQHandler
                0x0800355c                CAN2_RX0_IRQHandler
                0x0800355c                DMA2_Stream3_IRQHandler
                0x0800355c                USART6_IRQHandler
                0x0800355c                USART3_IRQHandler
                0x0800355c                CAN1_RX1_IRQHandler
                0x0800355c                UART5_IRQHandler
                0x0800355c                DMA2_Stream0_IRQHandler
                0x0800355c                TIM4_IRQHandler
                0x0800355c                I2C1_EV_IRQHandler
                0x0800355c                DMA1_Stream6_IRQHandler
                0x0800355c                DMA1_Stream1_IRQHandler
                0x0800355c                UART4_IRQHandler
                0x0800355c                TIM3_IRQHandler
                0x0800355c                RCC_IRQHandler
                0x0800355c                TIM8_BRK_TIM12_IRQHandler
                0x0800355c                Default_Handler
                0x0800355c                ADC_IRQHandler
                0x0800355c                DMA1_Stream7_IRQHandler
                0x0800355c                CAN2_TX_IRQHandler
                0x0800355c                DMA2_Stream7_IRQHandler
                0x0800355c                I2C3_EV_IRQHandler
                0x0800355c                RTC_WKUP_IRQHandler
                0x0800355c                ETH_WKUP_IRQHandler
                0x0800355c                SPI2_IRQHandler
                0x0800355c                OTG_HS_EP1_IN_IRQHandler
                0x0800355c                DMA1_Stream0_IRQHandler
                0x0800355c                CAN1_TX_IRQHandler
                0x0800355c                FSMC_IRQHandler
                0x0800355c                ETH_IRQHandler
                0x0800355c                OTG_HS_EP1_OUT_IRQHandler
                0x0800355c                WWDG_IRQHandler
                0x0800355c                OTG_FS_WKUP_IRQHandler
                0x0800355c                TIM1_TRG_COM_TIM11_IRQHandler
                0x0800355c                OTG_HS_IRQHandler
                0x0800355c                I2C2_ER_IRQHandler
                0x0800355c                DMA2_Stream1_IRQHandler
                0x0800355c                CAN1_SCE_IRQHandler
                0x0800355c                FLASH_IRQHandler
                0x0800355c                DMA2_Stream4_IRQHandler
                0x0800355c                USART1_IRQHandler
                0x0800355c                SPI3_IRQHandler
                0x0800355c                DMA1_Stream4_IRQHandler
                0x0800355c                I2C1_ER_IRQHandler
                0x0800355c                DMA2_Stream6_IRQHandler
                0x0800355c                DMA1_Stream3_IRQHandler
 *fill*         0x0800355e        0x2 
 .text.HAL_Init
                0x08003560       0x44 ./Drivers/STM32F4xx_HAL_Driver/Src/stm32f4xx_hal.o
                0x08003560                HAL_Init
 .text.HAL_InitTick
                0x080035a4       0x60 ./Drivers/STM32F4xx_HAL_Driver/Src/stm32f4xx_hal.o
                0x080035a4                HAL_InitTick
 .text.HAL_IncTick
                0x08003604       0x28 ./Drivers/STM32F4xx_HAL_Driver/Src/stm32f4xx_hal.o
                0x08003604                HAL_IncTick
 .text.HAL_GetTick
                0x0800362c       0x18 ./Drivers/STM32F4xx_HAL_Driver/Src/stm32f4xx_hal.o
                0x0800362c                HAL_GetTick
 .text.HAL_Delay
                0x08003644       0x48 ./Drivers/STM32F4xx_HAL_Driver/Src/stm32f4xx_hal.o
                0x08003644                HAL_Delay
 .text.__NVIC_SetPriorityGrouping
                0x0800368c       0x48 ./Drivers/STM32F4xx_HAL_Driver/Src/stm32f4xx_hal_cortex.o
 .text.__NVIC_GetPriorityGrouping
                0x080036d4       0x1c ./Drivers/STM32F4xx_HAL_Driver/Src/stm32f4xx_hal_cortex.o
 .text.__NVIC_EnableIRQ
                0x080036f0       0x3c ./Drivers/STM32F4xx_HAL_Driver/Src/stm32f4xx_hal_cortex.o
 .text.__NVIC_SetPriority
                0x0800372c       0x54 ./Drivers/STM32F4xx_HAL_Driver/Src/stm32f4xx_hal_cortex.o
 .text.NVIC_EncodePriority
                0x08003780       0x66 ./Drivers/STM32F4xx_HAL_Driver/Src/stm32f4xx_hal_cortex.o
 *fill*         0x080037e6        0x2 
 .text.SysTick_Config
                0x080037e8       0x44 ./Drivers/STM32F4xx_HAL_Driver/Src/stm32f4xx_hal_cortex.o
 .text.HAL_NVIC_SetPriorityGrouping
                0x0800382c       0x16 ./Drivers/STM32F4xx_HAL_Driver/Src/stm32f4xx_hal_cortex.o
                0x0800382c                HAL_NVIC_SetPriorityGrouping
 .text.HAL_NVIC_SetPriority
                0x08003842       0x38 ./Drivers/STM32F4xx_HAL_Driver/Src/stm32f4xx_hal_cortex.o
                0x08003842                HAL_NVIC_SetPriority
 .text.HAL_NVIC_EnableIRQ
                0x0800387a       0x1c ./Drivers/STM32F4xx_HAL_Driver/Src/stm32f4xx_hal_cortex.o
                0x0800387a                HAL_NVIC_EnableIRQ
 .text.HAL_SYSTICK_Config
                0x08003896       0x18 ./Drivers/STM32F4xx_HAL_Driver/Src/stm32f4xx_hal_cortex.o
                0x08003896                HAL_SYSTICK_Config
 *fill*         0x080038ae        0x2 
 .text.HAL_DMA_Init
                0x080038b0      0x15c ./Drivers/STM32F4xx_HAL_Driver/Src/stm32f4xx_hal_dma.o
                0x080038b0                HAL_DMA_Init
 .text.HAL_DMA_Start_IT
                0x08003a0c       0xb0 ./Drivers/STM32F4xx_HAL_Driver/Src/stm32f4xx_hal_dma.o
                0x08003a0c                HAL_DMA_Start_IT
 .text.HAL_DMA_Abort
                0x08003abc       0xe0 ./Drivers/STM32F4xx_HAL_Driver/Src/stm32f4xx_hal_dma.o
                0x08003abc                HAL_DMA_Abort
 .text.HAL_DMA_Abort_IT
                0x08003b9c       0x44 ./Drivers/STM32F4xx_HAL_Driver/Src/stm32f4xx_hal_dma.o
                0x08003b9c                HAL_DMA_Abort_IT
 .text.HAL_DMA_IRQHandler
                0x08003be0      0x314 ./Drivers/STM32F4xx_HAL_Driver/Src/stm32f4xx_hal_dma.o
                0x08003be0                HAL_DMA_IRQHandler
 .text.DMA_SetConfig
                0x08003ef4       0x5c ./Drivers/STM32F4xx_HAL_Driver/Src/stm32f4xx_hal_dma.o
 .text.DMA_CalcBaseAndBitshift
                0x08003f50       0x6c ./Drivers/STM32F4xx_HAL_Driver/Src/stm32f4xx_hal_dma.o
 .text.DMA_CheckFifoParam
                0x08003fbc       0xf8 ./Drivers/STM32F4xx_HAL_Driver/Src/stm32f4xx_hal_dma.o
 .text.HAL_GPIO_Init
                0x080040b4      0x338 ./Drivers/STM32F4xx_HAL_Driver/Src/stm32f4xx_hal_gpio.o
                0x080040b4                HAL_GPIO_Init
 .text.HAL_GPIO_ReadPin
                0x080043ec       0x30 ./Drivers/STM32F4xx_HAL_Driver/Src/stm32f4xx_hal_gpio.o
                0x080043ec                HAL_GPIO_ReadPin
 .text.HAL_GPIO_WritePin
                0x0800441c       0x32 ./Drivers/STM32F4xx_HAL_Driver/Src/stm32f4xx_hal_gpio.o
                0x0800441c                HAL_GPIO_WritePin
 *fill*         0x0800444e        0x2 
 .text.HAL_GPIO_EXTI_IRQHandler
                0x08004450       0x30 ./Drivers/STM32F4xx_HAL_Driver/Src/stm32f4xx_hal_gpio.o
                0x08004450                HAL_GPIO_EXTI_IRQHandler
 .text.HAL_GPIO_EXTI_Callback
                0x08004480       0x16 ./Drivers/STM32F4xx_HAL_Driver/Src/stm32f4xx_hal_gpio.o
                0x08004480                HAL_GPIO_EXTI_Callback
 .text.HAL_PCD_Init
                0x08004496      0x21e ./Drivers/STM32F4xx_HAL_Driver/Src/stm32f4xx_hal_pcd.o
                0x08004496                HAL_PCD_Init
 .text.HAL_PCD_Start
                0x080046b4       0x6a ./Drivers/STM32F4xx_HAL_Driver/Src/stm32f4xx_hal_pcd.o
                0x080046b4                HAL_PCD_Start
 .text.HAL_PCD_IRQHandler
                0x0800471e      0x942 ./Drivers/STM32F4xx_HAL_Driver/Src/stm32f4xx_hal_pcd.o
                0x0800471e                HAL_PCD_IRQHandler
 .text.HAL_PCD_SetAddress
                0x08005060       0x48 ./Drivers/STM32F4xx_HAL_Driver/Src/stm32f4xx_hal_pcd.o
                0x08005060                HAL_PCD_SetAddress
 .text.HAL_PCD_EP_Open
                0x080050a8       0xd4 ./Drivers/STM32F4xx_HAL_Driver/Src/stm32f4xx_hal_pcd.o
                0x080050a8                HAL_PCD_EP_Open
 .text.HAL_PCD_EP_Close
                0x0800517c       0x94 ./Drivers/STM32F4xx_HAL_Driver/Src/stm32f4xx_hal_pcd.o
                0x0800517c                HAL_PCD_EP_Close
 .text.HAL_PCD_EP_Receive
                0x08005210       0x76 ./Drivers/STM32F4xx_HAL_Driver/Src/stm32f4xx_hal_pcd.o
                0x08005210                HAL_PCD_EP_Receive
 .text.HAL_PCD_EP_GetRxCount
                0x08005286       0x30 ./Drivers/STM32F4xx_HAL_Driver/Src/stm32f4xx_hal_pcd.o
                0x08005286                HAL_PCD_EP_GetRxCount
 .text.HAL_PCD_EP_Transmit
                0x080052b6       0x74 ./Drivers/STM32F4xx_HAL_Driver/Src/stm32f4xx_hal_pcd.o
                0x080052b6                HAL_PCD_EP_Transmit
 .text.HAL_PCD_EP_SetStall
                0x0800532a       0xc6 ./Drivers/STM32F4xx_HAL_Driver/Src/stm32f4xx_hal_pcd.o
                0x0800532a                HAL_PCD_EP_SetStall
 .text.HAL_PCD_EP_ClrStall
                0x080053f0       0xac ./Drivers/STM32F4xx_HAL_Driver/Src/stm32f4xx_hal_pcd.o
                0x080053f0                HAL_PCD_EP_ClrStall
 .text.HAL_PCD_EP_Abort
                0x0800549c       0x62 ./Drivers/STM32F4xx_HAL_Driver/Src/stm32f4xx_hal_pcd.o
                0x0800549c                HAL_PCD_EP_Abort
 .text.PCD_WriteEmptyTxFifo
                0x080054fe      0x118 ./Drivers/STM32F4xx_HAL_Driver/Src/stm32f4xx_hal_pcd.o
 *fill*         0x08005616        0x2 
 .text.PCD_EP_OutXfrComplete_int
                0x08005618      0x1d0 ./Drivers/STM32F4xx_HAL_Driver/Src/stm32f4xx_hal_pcd.o
 .text.PCD_EP_OutSetupPacket_int
                0x080057e8       0x8c ./Drivers/STM32F4xx_HAL_Driver/Src/stm32f4xx_hal_pcd.o
 .text.HAL_PCDEx_SetTxFiFo
                0x08005874       0x8e ./Drivers/STM32F4xx_HAL_Driver/Src/stm32f4xx_hal_pcd_ex.o
                0x08005874                HAL_PCDEx_SetTxFiFo
 .text.HAL_PCDEx_SetRxFiFo
                0x08005902       0x22 ./Drivers/STM32F4xx_HAL_Driver/Src/stm32f4xx_hal_pcd_ex.o
                0x08005902                HAL_PCDEx_SetRxFiFo
 .text.HAL_PCDEx_LPM_Callback
                0x08005924       0x18 ./Drivers/STM32F4xx_HAL_Driver/Src/stm32f4xx_hal_pcd_ex.o
                0x08005924                HAL_PCDEx_LPM_Callback
 .text.HAL_RCC_OscConfig
                0x0800593c      0x4f0 ./Drivers/STM32F4xx_HAL_Driver/Src/stm32f4xx_hal_rcc.o
                0x0800593c                HAL_RCC_OscConfig
 .text.HAL_RCC_ClockConfig
                0x08005e2c      0x1cc ./Drivers/STM32F4xx_HAL_Driver/Src/stm32f4xx_hal_rcc.o
                0x08005e2c                HAL_RCC_ClockConfig
 .text.HAL_RCC_GetSysClockFreq
                0x08005ff8      0x20c ./Drivers/STM32F4xx_HAL_Driver/Src/stm32f4xx_hal_rcc.o
                0x08005ff8                HAL_RCC_GetSysClockFreq
 .text.HAL_RCC_GetHCLKFreq
                0x08006204       0x18 ./Drivers/STM32F4xx_HAL_Driver/Src/stm32f4xx_hal_rcc.o
                0x08006204                HAL_RCC_GetHCLKFreq
 .text.HAL_RCC_GetPCLK1Freq
                0x0800621c       0x28 ./Drivers/STM32F4xx_HAL_Driver/Src/stm32f4xx_hal_rcc.o
                0x0800621c                HAL_RCC_GetPCLK1Freq
 .text.HAL_RCC_GetPCLK2Freq
                0x08006244       0x28 ./Drivers/STM32F4xx_HAL_Driver/Src/stm32f4xx_hal_rcc.o
                0x08006244                HAL_RCC_GetPCLK2Freq
 .text.HAL_TIM_Base_Init
                0x0800626c       0x9e ./Drivers/STM32F4xx_HAL_Driver/Src/stm32f4xx_hal_tim.o
                0x0800626c                HAL_TIM_Base_Init
 *fill*         0x0800630a        0x2 
 .text.HAL_TIM_Base_Start_IT
                0x0800630c       0xe0 ./Drivers/STM32F4xx_HAL_Driver/Src/stm32f4xx_hal_tim.o
                0x0800630c                HAL_TIM_Base_Start_IT
 .text.HAL_TIM_PWM_Init
                0x080063ec       0x9e ./Drivers/STM32F4xx_HAL_Driver/Src/stm32f4xx_hal_tim.o
                0x080063ec                HAL_TIM_PWM_Init
 *fill*         0x0800648a        0x2 
 .text.HAL_TIM_PWM_Start
                0x0800648c      0x190 ./Drivers/STM32F4xx_HAL_Driver/Src/stm32f4xx_hal_tim.o
                0x0800648c                HAL_TIM_PWM_Start
 .text.HAL_TIM_PWM_Stop
                0x0800661c       0xe0 ./Drivers/STM32F4xx_HAL_Driver/Src/stm32f4xx_hal_tim.o
                0x0800661c                HAL_TIM_PWM_Stop
 .text.HAL_TIM_IRQHandler
                0x080066fc      0x1e0 ./Drivers/STM32F4xx_HAL_Driver/Src/stm32f4xx_hal_tim.o
                0x080066fc                HAL_TIM_IRQHandler
 .text.HAL_TIM_PWM_ConfigChannel
                0x080068dc      0x184 ./Drivers/STM32F4xx_HAL_Driver/Src/stm32f4xx_hal_tim.o
                0x080068dc                HAL_TIM_PWM_ConfigChannel
 .text.HAL_TIM_SlaveConfigSynchro
                0x08006a60       0x84 ./Drivers/STM32F4xx_HAL_Driver/Src/stm32f4xx_hal_tim.o
                0x08006a60                HAL_TIM_SlaveConfigSynchro
 .text.HAL_TIM_PeriodElapsedCallback
                0x08006ae4       0x14 ./Drivers/STM32F4xx_HAL_Driver/Src/stm32f4xx_hal_tim.o
                0x08006ae4                HAL_TIM_PeriodElapsedCallback
 .text.HAL_TIM_OC_DelayElapsedCallback
                0x08006af8       0x14 ./Drivers/STM32F4xx_HAL_Driver/Src/stm32f4xx_hal_tim.o
                0x08006af8                HAL_TIM_OC_DelayElapsedCallback
 .text.HAL_TIM_IC_CaptureCallback
                0x08006b0c       0x14 ./Drivers/STM32F4xx_HAL_Driver/Src/stm32f4xx_hal_tim.o
                0x08006b0c                HAL_TIM_IC_CaptureCallback
 .text.HAL_TIM_PWM_PulseFinishedCallback
                0x08006b20       0x14 ./Drivers/STM32F4xx_HAL_Driver/Src/stm32f4xx_hal_tim.o
                0x08006b20                HAL_TIM_PWM_PulseFinishedCallback
 .text.HAL_TIM_TriggerCallback
                0x08006b34       0x14 ./Drivers/STM32F4xx_HAL_Driver/Src/stm32f4xx_hal_tim.o
                0x08006b34                HAL_TIM_TriggerCallback
 .text.TIM_Base_SetConfig
                0x08006b48      0x14c ./Drivers/STM32F4xx_HAL_Driver/Src/stm32f4xx_hal_tim.o
                0x08006b48                TIM_Base_SetConfig
 .text.TIM_OC1_SetConfig
                0x08006c94       0xe0 ./Drivers/STM32F4xx_HAL_Driver/Src/stm32f4xx_hal_tim.o
 .text.TIM_OC2_SetConfig
                0x08006d74       0xec ./Drivers/STM32F4xx_HAL_Driver/Src/stm32f4xx_hal_tim.o
                0x08006d74                TIM_OC2_SetConfig
 .text.TIM_OC3_SetConfig
                0x08006e60       0xe8 ./Drivers/STM32F4xx_HAL_Driver/Src/stm32f4xx_hal_tim.o
 .text.TIM_OC4_SetConfig
                0x08006f48       0xac ./Drivers/STM32F4xx_HAL_Driver/Src/stm32f4xx_hal_tim.o
 .text.TIM_SlaveTimer_SetConfig
                0x08006ff4      0x122 ./Drivers/STM32F4xx_HAL_Driver/Src/stm32f4xx_hal_tim.o
 .text.TIM_TI1_ConfigInputStage
                0x08007116       0x5e ./Drivers/STM32F4xx_HAL_Driver/Src/stm32f4xx_hal_tim.o
 .text.TIM_TI2_ConfigInputStage
                0x08007174       0x60 ./Drivers/STM32F4xx_HAL_Driver/Src/stm32f4xx_hal_tim.o
 .text.TIM_ETR_SetConfig
                0x080071d4       0x40 ./Drivers/STM32F4xx_HAL_Driver/Src/stm32f4xx_hal_tim.o
                0x080071d4                TIM_ETR_SetConfig
 .text.TIM_CCxChannelCmd
                0x08007214       0x4a ./Drivers/STM32F4xx_HAL_Driver/Src/stm32f4xx_hal_tim.o
                0x08007214                TIM_CCxChannelCmd
 *fill*         0x0800725e        0x2 
 .text.HAL_TIMEx_MasterConfigSynchronization
                0x08007260       0xf8 ./Drivers/STM32F4xx_HAL_Driver/Src/stm32f4xx_hal_tim_ex.o
                0x08007260                HAL_TIMEx_MasterConfigSynchronization
 .text.HAL_TIMEx_ConfigBreakDeadTime
                0x08007358       0xa4 ./Drivers/STM32F4xx_HAL_Driver/Src/stm32f4xx_hal_tim_ex.o
                0x08007358                HAL_TIMEx_ConfigBreakDeadTime
 .text.HAL_TIMEx_CommutCallback
                0x080073fc       0x14 ./Drivers/STM32F4xx_HAL_Driver/Src/stm32f4xx_hal_tim_ex.o
                0x080073fc                HAL_TIMEx_CommutCallback
 .text.HAL_TIMEx_BreakCallback
                0x08007410       0x14 ./Drivers/STM32F4xx_HAL_Driver/Src/stm32f4xx_hal_tim_ex.o
                0x08007410                HAL_TIMEx_BreakCallback
 .text.HAL_UART_Init
                0x08007424       0xa0 ./Drivers/STM32F4xx_HAL_Driver/Src/stm32f4xx_hal_uart.o
                0x08007424                HAL_UART_Init
 .text.HAL_UART_Transmit
                0x080074c4      0x116 ./Drivers/STM32F4xx_HAL_Driver/Src/stm32f4xx_hal_uart.o
                0x080074c4                HAL_UART_Transmit
 .text.HAL_UARTEx_ReceiveToIdle_DMA
                0x080075da       0xb2 ./Drivers/STM32F4xx_HAL_Driver/Src/stm32f4xx_hal_uart.o
                0x080075da                HAL_UARTEx_ReceiveToIdle_DMA
 .text.HAL_UART_IRQHandler
                0x0800768c      0x554 ./Drivers/STM32F4xx_HAL_Driver/Src/stm32f4xx_hal_uart.o
                0x0800768c                HAL_UART_IRQHandler
 .text.HAL_UART_TxCpltCallback
                0x08007be0       0x14 ./Drivers/STM32F4xx_HAL_Driver/Src/stm32f4xx_hal_uart.o
                0x08007be0                HAL_UART_TxCpltCallback
 .text.HAL_UART_RxCpltCallback
                0x08007bf4       0x14 ./Drivers/STM32F4xx_HAL_Driver/Src/stm32f4xx_hal_uart.o
                0x08007bf4                HAL_UART_RxCpltCallback
 .text.HAL_UART_RxHalfCpltCallback
                0x08007c08       0x14 ./Drivers/STM32F4xx_HAL_Driver/Src/stm32f4xx_hal_uart.o
                0x08007c08                HAL_UART_RxHalfCpltCallback
 .text.HAL_UART_ErrorCallback
                0x08007c1c       0x14 ./Drivers/STM32F4xx_HAL_Driver/Src/stm32f4xx_hal_uart.o
                0x08007c1c                HAL_UART_ErrorCallback
 .text.UART_DMAReceiveCplt
                0x08007c30      0x12c ./Drivers/STM32F4xx_HAL_Driver/Src/stm32f4xx_hal_uart.o
 .text.UART_DMARxHalfCplt
                0x08007d5c       0x3c ./Drivers/STM32F4xx_HAL_Driver/Src/stm32f4xx_hal_uart.o
 .text.UART_DMAError
                0x08007d98       0x94 ./Drivers/STM32F4xx_HAL_Driver/Src/stm32f4xx_hal_uart.o
 .text.UART_WaitOnFlagUntilTimeout
                0x08007e2c       0xb2 ./Drivers/STM32F4xx_HAL_Driver/Src/stm32f4xx_hal_uart.o
 *fill*         0x08007ede        0x2 
 .text.UART_Start_Receive_DMA
                0x08007ee0      0x14c ./Drivers/STM32F4xx_HAL_Driver/Src/stm32f4xx_hal_uart.o
                0x08007ee0                UART_Start_Receive_DMA
 .text.UART_EndTxTransfer
                0x0800802c       0x50 ./Drivers/STM32F4xx_HAL_Driver/Src/stm32f4xx_hal_uart.o
 .text.UART_EndRxTransfer
                0x0800807c       0xc6 ./Drivers/STM32F4xx_HAL_Driver/Src/stm32f4xx_hal_uart.o
 .text.UART_DMAAbortOnError
                0x08008142       0x22 ./Drivers/STM32F4xx_HAL_Driver/Src/stm32f4xx_hal_uart.o
 .text.UART_Transmit_IT
                0x08008164       0xa0 ./Drivers/STM32F4xx_HAL_Driver/Src/stm32f4xx_hal_uart.o
 .text.UART_EndTransmit_IT
                0x08008204       0x30 ./Drivers/STM32F4xx_HAL_Driver/Src/stm32f4xx_hal_uart.o
 .text.UART_Receive_IT
                0x08008234      0x17c ./Drivers/STM32F4xx_HAL_Driver/Src/stm32f4xx_hal_uart.o
 .text.UART_SetConfig
                0x080083b0      0x4e8 ./Drivers/STM32F4xx_HAL_Driver/Src/stm32f4xx_hal_uart.o
 .text.USB_CoreInit
                0x08008898       0xc8 ./Drivers/STM32F4xx_HAL_Driver/Src/stm32f4xx_ll_usb.o
                0x08008898                USB_CoreInit
 .text.USB_SetTurnaroundTime
                0x08008960      0x144 ./Drivers/STM32F4xx_HAL_Driver/Src/stm32f4xx_ll_usb.o
                0x08008960                USB_SetTurnaroundTime
 .text.USB_EnableGlobalInt
                0x08008aa4       0x22 ./Drivers/STM32F4xx_HAL_Driver/Src/stm32f4xx_ll_usb.o
                0x08008aa4                USB_EnableGlobalInt
 .text.USB_DisableGlobalInt
                0x08008ac6       0x22 ./Drivers/STM32F4xx_HAL_Driver/Src/stm32f4xx_ll_usb.o
                0x08008ac6                USB_DisableGlobalInt
 .text.USB_SetCurrentMode
                0x08008ae8       0x98 ./Drivers/STM32F4xx_HAL_Driver/Src/stm32f4xx_ll_usb.o
                0x08008ae8                USB_SetCurrentMode
 .text.USB_DevInit
                0x08008b80      0x2c8 ./Drivers/STM32F4xx_HAL_Driver/Src/stm32f4xx_ll_usb.o
                0x08008b80                USB_DevInit
 .text.USB_FlushTxFifo
                0x08008e48       0x64 ./Drivers/STM32F4xx_HAL_Driver/Src/stm32f4xx_ll_usb.o
                0x08008e48                USB_FlushTxFifo
 .text.USB_FlushRxFifo
                0x08008eac       0x5c ./Drivers/STM32F4xx_HAL_Driver/Src/stm32f4xx_ll_usb.o
                0x08008eac                USB_FlushRxFifo
 .text.USB_SetDevSpeed
                0x08008f08       0x32 ./Drivers/STM32F4xx_HAL_Driver/Src/stm32f4xx_ll_usb.o
                0x08008f08                USB_SetDevSpeed
 .text.USB_GetDevSpeed
                0x08008f3a       0x4a ./Drivers/STM32F4xx_HAL_Driver/Src/stm32f4xx_ll_usb.o
                0x08008f3a                USB_GetDevSpeed
 .text.USB_ActivateEndpoint
                0x08008f84      0x10e ./Drivers/STM32F4xx_HAL_Driver/Src/stm32f4xx_ll_usb.o
                0x08008f84                USB_ActivateEndpoint
 *fill*         0x08009092        0x2 
 .text.USB_DeactivateEndpoint
                0x08009094      0x1b8 ./Drivers/STM32F4xx_HAL_Driver/Src/stm32f4xx_ll_usb.o
                0x08009094                USB_DeactivateEndpoint
 .text.USB_EPStartXfer
                0x0800924c      0x53c ./Drivers/STM32F4xx_HAL_Driver/Src/stm32f4xx_ll_usb.o
                0x0800924c                USB_EPStartXfer
 .text.USB_EPStopXfer
                0x08009788      0x154 ./Drivers/STM32F4xx_HAL_Driver/Src/stm32f4xx_ll_usb.o
                0x08009788                USB_EPStopXfer
 .text.USB_WritePacket
                0x080098dc       0x7c ./Drivers/STM32F4xx_HAL_Driver/Src/stm32f4xx_ll_usb.o
                0x080098dc                USB_WritePacket
 .text.USB_ReadPacket
                0x08009958       0xb0 ./Drivers/STM32F4xx_HAL_Driver/Src/stm32f4xx_ll_usb.o
                0x08009958                USB_ReadPacket
 .text.USB_EPSetStall
                0x08009a08       0xdc ./Drivers/STM32F4xx_HAL_Driver/Src/stm32f4xx_ll_usb.o
                0x08009a08                USB_EPSetStall
 .text.USB_EPClearStall
                0x08009ae4       0xcc ./Drivers/STM32F4xx_HAL_Driver/Src/stm32f4xx_ll_usb.o
                0x08009ae4                USB_EPClearStall
 .text.USB_SetDevAddress
                0x08009bb0       0x4c ./Drivers/STM32F4xx_HAL_Driver/Src/stm32f4xx_ll_usb.o
                0x08009bb0                USB_SetDevAddress
 .text.USB_DevConnect
                0x08009bfc       0x42 ./Drivers/STM32F4xx_HAL_Driver/Src/stm32f4xx_ll_usb.o
                0x08009bfc                USB_DevConnect
 .text.USB_DevDisconnect
                0x08009c3e       0x42 ./Drivers/STM32F4xx_HAL_Driver/Src/stm32f4xx_ll_usb.o
                0x08009c3e                USB_DevDisconnect
 .text.USB_ReadInterrupts
                0x08009c80       0x26 ./Drivers/STM32F4xx_HAL_Driver/Src/stm32f4xx_ll_usb.o
                0x08009c80                USB_ReadInterrupts
 .text.USB_ReadDevAllOutEpInterrupt
                0x08009ca6       0x34 ./Drivers/STM32F4xx_HAL_Driver/Src/stm32f4xx_ll_usb.o
                0x08009ca6                USB_ReadDevAllOutEpInterrupt
 .text.USB_ReadDevAllInEpInterrupt
                0x08009cda       0x34 ./Drivers/STM32F4xx_HAL_Driver/Src/stm32f4xx_ll_usb.o
                0x08009cda                USB_ReadDevAllInEpInterrupt
 .text.USB_ReadDevOutEPInterrupt
                0x08009d0e       0x3c ./Drivers/STM32F4xx_HAL_Driver/Src/stm32f4xx_ll_usb.o
                0x08009d0e                USB_ReadDevOutEPInterrupt
 .text.USB_ReadDevInEPInterrupt
                0x08009d4a       0x5c ./Drivers/STM32F4xx_HAL_Driver/Src/stm32f4xx_ll_usb.o
                0x08009d4a                USB_ReadDevInEPInterrupt
 .text.USB_GetMode
                0x08009da6       0x1c ./Drivers/STM32F4xx_HAL_Driver/Src/stm32f4xx_ll_usb.o
                0x08009da6                USB_GetMode
 .text.USB_ActivateSetup
                0x08009dc2       0x46 ./Drivers/STM32F4xx_HAL_Driver/Src/stm32f4xx_ll_usb.o
                0x08009dc2                USB_ActivateSetup
 .text.USB_EP0_OutStart
                0x08009e08       0xbc ./Drivers/STM32F4xx_HAL_Driver/Src/stm32f4xx_ll_usb.o
                0x08009e08                USB_EP0_OutStart
 .text.USB_CoreReset
                0x08009ec4       0x70 ./Drivers/STM32F4xx_HAL_Driver/Src/stm32f4xx_ll_usb.o
 .text.USBD_CDC_Init
                0x08009f34      0x1f0 ./Middlewares/ST/STM32_USB_Device_Library/Class/CDC/Src/usbd_cdc.o
 .text.USBD_CDC_DeInit
                0x0800a124      0x104 ./Middlewares/ST/STM32_USB_Device_Library/Class/CDC/Src/usbd_cdc.o
 .text.USBD_CDC_Setup
                0x0800a228      0x1b8 ./Middlewares/ST/STM32_USB_Device_Library/Class/CDC/Src/usbd_cdc.o
 .text.USBD_CDC_DataIn
                0x0800a3e0       0xfe ./Middlewares/ST/STM32_USB_Device_Library/Class/CDC/Src/usbd_cdc.o
 .text.USBD_CDC_DataOut
                0x0800a4de       0x70 ./Middlewares/ST/STM32_USB_Device_Library/Class/CDC/Src/usbd_cdc.o
 .text.USBD_CDC_EP0_RxReady
                0x0800a54e       0x74 ./Middlewares/ST/STM32_USB_Device_Library/Class/CDC/Src/usbd_cdc.o
 *fill*         0x0800a5c2        0x2 
 .text.USBD_CDC_GetFSCfgDesc
                0x0800a5c4       0x70 ./Middlewares/ST/STM32_USB_Device_Library/Class/CDC/Src/usbd_cdc.o
 .text.USBD_CDC_GetHSCfgDesc
                0x0800a634       0x70 ./Middlewares/ST/STM32_USB_Device_Library/Class/CDC/Src/usbd_cdc.o
 .text.USBD_CDC_GetOtherSpeedCfgDesc
                0x0800a6a4       0x70 ./Middlewares/ST/STM32_USB_Device_Library/Class/CDC/Src/usbd_cdc.o
 .text.USBD_CDC_GetDeviceQualifierDescriptor
                0x0800a714       0x20 ./Middlewares/ST/STM32_USB_Device_Library/Class/CDC/Src/usbd_cdc.o
                0x0800a714                USBD_CDC_GetDeviceQualifierDescriptor
 .text.USBD_CDC_RegisterInterface
                0x0800a734       0x34 ./Middlewares/ST/STM32_USB_Device_Library/Class/CDC/Src/usbd_cdc.o
                0x0800a734                USBD_CDC_RegisterInterface
 .text.USBD_CDC_SetTxBuffer
                0x0800a768       0x44 ./Middlewares/ST/STM32_USB_Device_Library/Class/CDC/Src/usbd_cdc.o
                0x0800a768                USBD_CDC_SetTxBuffer
 .text.USBD_CDC_SetRxBuffer
                0x0800a7ac       0x3a ./Middlewares/ST/STM32_USB_Device_Library/Class/CDC/Src/usbd_cdc.o
                0x0800a7ac                USBD_CDC_SetRxBuffer
 *fill*         0x0800a7e6        0x2 
 .text.USBD_CDC_TransmitPacket
                0x0800a7e8       0x80 ./Middlewares/ST/STM32_USB_Device_Library/Class/CDC/Src/usbd_cdc.o
                0x0800a7e8                USBD_CDC_TransmitPacket
 .text.USBD_CDC_ReceivePacket
                0x0800a868       0x6c ./Middlewares/ST/STM32_USB_Device_Library/Class/CDC/Src/usbd_cdc.o
                0x0800a868                USBD_CDC_ReceivePacket
 .text.USBD_Init
                0x0800a8d4       0x60 ./Middlewares/ST/STM32_USB_Device_Library/Core/Src/usbd_core.o
                0x0800a8d4                USBD_Init
 .text.USBD_RegisterClass
                0x0800a934       0x6c ./Middlewares/ST/STM32_USB_Device_Library/Core/Src/usbd_core.o
                0x0800a934                USBD_RegisterClass
 .text.USBD_Start
                0x0800a9a0       0x18 ./Middlewares/ST/STM32_USB_Device_Library/Core/Src/usbd_core.o
                0x0800a9a0                USBD_Start
 .text.USBD_RunTestMode
                0x0800a9b8       0x16 ./Middlewares/ST/STM32_USB_Device_Library/Core/Src/usbd_core.o
                0x0800a9b8                USBD_RunTestMode
 .text.USBD_SetClassConfig
                0x0800a9ce       0x38 ./Middlewares/ST/STM32_USB_Device_Library/Core/Src/usbd_core.o
                0x0800a9ce                USBD_SetClassConfig
 .text.USBD_ClrClassConfig
                0x0800aa06       0x34 ./Middlewares/ST/STM32_USB_Device_Library/Core/Src/usbd_core.o
                0x0800aa06                USBD_ClrClassConfig
 .text.USBD_LL_SetupStage
                0x0800aa3a       0xaa ./Middlewares/ST/STM32_USB_Device_Library/Core/Src/usbd_core.o
                0x0800aa3a                USBD_LL_SetupStage
 .text.USBD_LL_DataOutStage
                0x0800aae4      0x178 ./Middlewares/ST/STM32_USB_Device_Library/Core/Src/usbd_core.o
                0x0800aae4                USBD_LL_DataOutStage
 .text.USBD_LL_DataInStage
                0x0800ac5c      0x176 ./Middlewares/ST/STM32_USB_Device_Library/Core/Src/usbd_core.o
                0x0800ac5c                USBD_LL_DataInStage
 .text.USBD_LL_Reset
                0x0800add2       0xa6 ./Middlewares/ST/STM32_USB_Device_Library/Core/Src/usbd_core.o
                0x0800add2                USBD_LL_Reset
 .text.USBD_LL_SetSpeed
                0x0800ae78       0x20 ./Middlewares/ST/STM32_USB_Device_Library/Core/Src/usbd_core.o
                0x0800ae78                USBD_LL_SetSpeed
 .text.USBD_LL_Suspend
                0x0800ae98       0x38 ./Middlewares/ST/STM32_USB_Device_Library/Core/Src/usbd_core.o
                0x0800ae98                USBD_LL_Suspend
 .text.USBD_LL_Resume
                0x0800aed0       0x30 ./Middlewares/ST/STM32_USB_Device_Library/Core/Src/usbd_core.o
                0x0800aed0                USBD_LL_Resume
 .text.USBD_LL_SOF
                0x0800af00       0x40 ./Middlewares/ST/STM32_USB_Device_Library/Core/Src/usbd_core.o
                0x0800af00                USBD_LL_SOF
 .text.USBD_LL_IsoINIncomplete
                0x0800af40       0x64 ./Middlewares/ST/STM32_USB_Device_Library/Core/Src/usbd_core.o
                0x0800af40                USBD_LL_IsoINIncomplete
 .text.USBD_LL_IsoOUTIncomplete
                0x0800afa4       0x64 ./Middlewares/ST/STM32_USB_Device_Library/Core/Src/usbd_core.o
                0x0800afa4                USBD_LL_IsoOUTIncomplete
 .text.USBD_LL_DevConnected
                0x0800b008       0x16 ./Middlewares/ST/STM32_USB_Device_Library/Core/Src/usbd_core.o
                0x0800b008                USBD_LL_DevConnected
 .text.USBD_LL_DevDisconnected
                0x0800b01e       0x46 ./Middlewares/ST/STM32_USB_Device_Library/Core/Src/usbd_core.o
                0x0800b01e                USBD_LL_DevDisconnected
 .text.USBD_CoreFindIF
                0x0800b064       0x1a ./Middlewares/ST/STM32_USB_Device_Library/Core/Src/usbd_core.o
                0x0800b064                USBD_CoreFindIF
 .text.USBD_CoreFindEP
                0x0800b07e       0x1a ./Middlewares/ST/STM32_USB_Device_Library/Core/Src/usbd_core.o
                0x0800b07e                USBD_CoreFindEP
 .text.USBD_GetEpDesc
                0x0800b098       0x70 ./Middlewares/ST/STM32_USB_Device_Library/Core/Src/usbd_core.o
                0x0800b098                USBD_GetEpDesc
 .text.USBD_GetNextDesc
                0x0800b108       0x38 ./Middlewares/ST/STM32_USB_Device_Library/Core/Src/usbd_core.o
                0x0800b108                USBD_GetNextDesc
 .text.SWAPBYTE
                0x0800b140       0x3c ./Middlewares/ST/STM32_USB_Device_Library/Core/Src/usbd_ctlreq.o
 .text.USBD_StdDevReq
                0x0800b17c       0xe4 ./Middlewares/ST/STM32_USB_Device_Library/Core/Src/usbd_ctlreq.o
                0x0800b17c                USBD_StdDevReq
 .text.USBD_StdItfReq
                0x0800b260       0xd8 ./Middlewares/ST/STM32_USB_Device_Library/Core/Src/usbd_ctlreq.o
                0x0800b260                USBD_StdItfReq
 .text.USBD_StdEPReq
                0x0800b338      0x33e ./Middlewares/ST/STM32_USB_Device_Library/Core/Src/usbd_ctlreq.o
                0x0800b338                USBD_StdEPReq
 *fill*         0x0800b676        0x2 
 .text.USBD_GetDescriptor
                0x0800b678      0x2d4 ./Middlewares/ST/STM32_USB_Device_Library/Core/Src/usbd_ctlreq.o
 .text.USBD_SetAddress
                0x0800b94c       0x88 ./Middlewares/ST/STM32_USB_Device_Library/Core/Src/usbd_ctlreq.o
 .text.USBD_SetConfig
                0x0800b9d4      0x154 ./Middlewares/ST/STM32_USB_Device_Library/Core/Src/usbd_ctlreq.o
 .text.USBD_GetConfig
                0x0800bb28       0x6c ./Middlewares/ST/STM32_USB_Device_Library/Core/Src/usbd_ctlreq.o
 .text.USBD_GetStatus
                0x0800bb94       0x68 ./Middlewares/ST/STM32_USB_Device_Library/Core/Src/usbd_ctlreq.o
 .text.USBD_SetFeature
                0x0800bbfc       0x52 ./Middlewares/ST/STM32_USB_Device_Library/Core/Src/usbd_ctlreq.o
 .text.USBD_ClrFeature
                0x0800bc4e       0x44 ./Middlewares/ST/STM32_USB_Device_Library/Core/Src/usbd_ctlreq.o
 .text.USBD_ParseSetupRequest
                0x0800bc92       0x74 ./Middlewares/ST/STM32_USB_Device_Library/Core/Src/usbd_ctlreq.o
                0x0800bc92                USBD_ParseSetupRequest
 .text.USBD_CtlError
                0x0800bd06       0x22 ./Middlewares/ST/STM32_USB_Device_Library/Core/Src/usbd_ctlreq.o
                0x0800bd06                USBD_CtlError
 .text.USBD_GetString
                0x0800bd28       0xa4 ./Middlewares/ST/STM32_USB_Device_Library/Core/Src/usbd_ctlreq.o
                0x0800bd28                USBD_GetString
 .text.USBD_GetLen
                0x0800bdcc       0x34 ./Middlewares/ST/STM32_USB_Device_Library/Core/Src/usbd_ctlreq.o
 .text.USBD_CtlSendData
                0x0800be00       0x3c ./Middlewares/ST/STM32_USB_Device_Library/Core/Src/usbd_ioreq.o
                0x0800be00                USBD_CtlSendData
 .text.USBD_CtlContinueSendData
                0x0800be3c       0x22 ./Middlewares/ST/STM32_USB_Device_Library/Core/Src/usbd_ioreq.o
                0x0800be3c                USBD_CtlContinueSendData
 .text.USBD_CtlPrepareRx
                0x0800be5e       0x42 ./Middlewares/ST/STM32_USB_Device_Library/Core/Src/usbd_ioreq.o
                0x0800be5e                USBD_CtlPrepareRx
 .text.USBD_CtlContinueRx
                0x0800bea0       0x22 ./Middlewares/ST/STM32_USB_Device_Library/Core/Src/usbd_ioreq.o
                0x0800bea0                USBD_CtlContinueRx
 .text.USBD_CtlSendStatus
                0x0800bec2       0x26 ./Middlewares/ST/STM32_USB_Device_Library/Core/Src/usbd_ioreq.o
                0x0800bec2                USBD_CtlSendStatus
 .text.USBD_CtlReceiveStatus
                0x0800bee8       0x26 ./Middlewares/ST/STM32_USB_Device_Library/Core/Src/usbd_ioreq.o
                0x0800bee8                USBD_CtlReceiveStatus
 *fill*         0x0800bf0e        0x2 
 .text.MX_USB_DEVICE_Init
                0x0800bf10       0x60 ./USB_DEVICE/App/usb_device.o
                0x0800bf10                MX_USB_DEVICE_Init
 .text.CDC_Init_FS
                0x0800bf70       0x28 ./USB_DEVICE/App/usbd_cdc_if.o
 .text.CDC_DeInit_FS
                0x0800bf98       0x10 ./USB_DEVICE/App/usbd_cdc_if.o
 .text.CDC_Control_FS
                0x0800bfa8       0xbc ./USB_DEVICE/App/usbd_cdc_if.o
 .text.CDC_Receive_FS
                0x0800c064       0x54 ./USB_DEVICE/App/usbd_cdc_if.o
 .text.CDC_Transmit_FS
                0x0800c0b8       0x4c ./USB_DEVICE/App/usbd_cdc_if.o
                0x0800c0b8                CDC_Transmit_FS
 .text.CDC_TransmitCplt_FS
                0x0800c104       0x22 ./USB_DEVICE/App/usbd_cdc_if.o
 *fill*         0x0800c126        0x2 
 .text.USBD_FS_DeviceDescriptor
                0x0800c128       0x24 ./USB_DEVICE/App/usbd_desc.o
                0x0800c128                USBD_FS_DeviceDescriptor
 .text.USBD_FS_LangIDStrDescriptor
                0x0800c14c       0x24 ./USB_DEVICE/App/usbd_desc.o
                0x0800c14c                USBD_FS_LangIDStrDescriptor
 .text.USBD_FS_ProductStrDescriptor
                0x0800c170       0x3c ./USB_DEVICE/App/usbd_desc.o
                0x0800c170                USBD_FS_ProductStrDescriptor
 .text.USBD_FS_ManufacturerStrDescriptor
                0x0800c1ac       0x28 ./USB_DEVICE/App/usbd_desc.o
                0x0800c1ac                USBD_FS_ManufacturerStrDescriptor
 .text.USBD_FS_SerialStrDescriptor
                0x0800c1d4       0x24 ./USB_DEVICE/App/usbd_desc.o
                0x0800c1d4                USBD_FS_SerialStrDescriptor
 .text.USBD_FS_ConfigStrDescriptor
                0x0800c1f8       0x3c ./USB_DEVICE/App/usbd_desc.o
                0x0800c1f8                USBD_FS_ConfigStrDescriptor
 .text.USBD_FS_InterfaceStrDescriptor
                0x0800c234       0x3c ./USB_DEVICE/App/usbd_desc.o
                0x0800c234                USBD_FS_InterfaceStrDescriptor
 .text.Get_SerialNum
                0x0800c270       0x58 ./USB_DEVICE/App/usbd_desc.o
 .text.IntToUnicode
                0x0800c2c8       0x7e ./USB_DEVICE/App/usbd_desc.o
 *fill*         0x0800c346        0x2 
 .text.HAL_PCD_MspInit
                0x0800c348       0xa8 ./USB_DEVICE/Target/usbd_conf.o
                0x0800c348                HAL_PCD_MspInit
 .text.HAL_PCD_SetupStageCallback
                0x0800c3f0       0x24 ./USB_DEVICE/Target/usbd_conf.o
                0x0800c3f0                HAL_PCD_SetupStageCallback
 .text.HAL_PCD_DataOutStageCallback
                0x0800c414       0x36 ./USB_DEVICE/Target/usbd_conf.o
                0x0800c414                HAL_PCD_DataOutStageCallback
 .text.HAL_PCD_DataInStageCallback
                0x0800c44a       0x34 ./USB_DEVICE/Target/usbd_conf.o
                0x0800c44a                HAL_PCD_DataInStageCallback
 .text.HAL_PCD_SOFCallback
                0x0800c47e       0x1c ./USB_DEVICE/Target/usbd_conf.o
                0x0800c47e                HAL_PCD_SOFCallback
 .text.HAL_PCD_ResetCallback
                0x0800c49a       0x50 ./USB_DEVICE/Target/usbd_conf.o
                0x0800c49a                HAL_PCD_ResetCallback
 *fill*         0x0800c4ea        0x2 
 .text.HAL_PCD_SuspendCallback
                0x0800c4ec       0x4c ./USB_DEVICE/Target/usbd_conf.o
                0x0800c4ec                HAL_PCD_SuspendCallback
 .text.HAL_PCD_ResumeCallback
                0x0800c538       0x1c ./USB_DEVICE/Target/usbd_conf.o
                0x0800c538                HAL_PCD_ResumeCallback
 .text.HAL_PCD_ISOOUTIncompleteCallback
                0x0800c554       0x24 ./USB_DEVICE/Target/usbd_conf.o
                0x0800c554                HAL_PCD_ISOOUTIncompleteCallback
 .text.HAL_PCD_ISOINIncompleteCallback
                0x0800c578       0x24 ./USB_DEVICE/Target/usbd_conf.o
                0x0800c578                HAL_PCD_ISOINIncompleteCallback
 .text.HAL_PCD_ConnectCallback
                0x0800c59c       0x1c ./USB_DEVICE/Target/usbd_conf.o
                0x0800c59c                HAL_PCD_ConnectCallback
 .text.HAL_PCD_DisconnectCallback
                0x0800c5b8       0x1c ./USB_DEVICE/Target/usbd_conf.o
                0x0800c5b8                HAL_PCD_DisconnectCallback
 .text.USBD_LL_Init
                0x0800c5d4       0x98 ./USB_DEVICE/Target/usbd_conf.o
                0x0800c5d4                USBD_LL_Init
 .text.USBD_LL_Start
                0x0800c66c       0x36 ./USB_DEVICE/Target/usbd_conf.o
                0x0800c66c                USBD_LL_Start
 .text.USBD_LL_OpenEP
                0x0800c6a2       0x4c ./USB_DEVICE/Target/usbd_conf.o
                0x0800c6a2                USBD_LL_OpenEP
 .text.USBD_LL_CloseEP
                0x0800c6ee       0x3e ./USB_DEVICE/Target/usbd_conf.o
                0x0800c6ee                USBD_LL_CloseEP
 .text.USBD_LL_StallEP
                0x0800c72c       0x3e ./USB_DEVICE/Target/usbd_conf.o
                0x0800c72c                USBD_LL_StallEP
 .text.USBD_LL_ClearStallEP
                0x0800c76a       0x3e ./USB_DEVICE/Target/usbd_conf.o
                0x0800c76a                USBD_LL_ClearStallEP
 .text.USBD_LL_IsStallEP
                0x0800c7a8       0x58 ./USB_DEVICE/Target/usbd_conf.o
                0x0800c7a8                USBD_LL_IsStallEP
 .text.USBD_LL_SetUSBAddress
                0x0800c800       0x3e ./USB_DEVICE/Target/usbd_conf.o
                0x0800c800                USBD_LL_SetUSBAddress
 .text.USBD_LL_Transmit
                0x0800c83e       0x42 ./USB_DEVICE/Target/usbd_conf.o
                0x0800c83e                USBD_LL_Transmit
 .text.USBD_LL_PrepareReceive
                0x0800c880       0x42 ./USB_DEVICE/Target/usbd_conf.o
                0x0800c880                USBD_LL_PrepareReceive
 .text.USBD_LL_GetRxDataSize
                0x0800c8c2       0x26 ./USB_DEVICE/Target/usbd_conf.o
                0x0800c8c2                USBD_LL_GetRxDataSize
 .text.USBD_static_malloc
                0x0800c8e8       0x1c ./USB_DEVICE/Target/usbd_conf.o
                0x0800c8e8                USBD_static_malloc
 .text.USBD_static_free
                0x0800c904       0x14 ./USB_DEVICE/Target/usbd_conf.o
                0x0800c904                USBD_static_free
 .text.USBD_Get_USB_Status
                0x0800c918       0x58 ./USB_DEVICE/Target/usbd_conf.o
                0x0800c918                USBD_Get_USB_Status
 .text.memset   0x0800c970       0x10 C:/ST/STM32CubeIDE_1.16.0/STM32CubeIDE/plugins/com.st.stm32cube.ide.mcu.externaltools.gnu-tools-for-stm32.12.3.rel1.win32_1.0.200.202406191623/tools/bin/../lib/gcc/arm-none-eabi/12.3.1/../../../../arm-none-eabi/lib/thumb/v7e-m+fp/hard\libc_nano.a(libc_a-memset.o)
                0x0800c970                memset
 .text.__libc_init_array
                0x0800c980       0x48 C:/ST/STM32CubeIDE_1.16.0/STM32CubeIDE/plugins/com.st.stm32cube.ide.mcu.externaltools.gnu-tools-for-stm32.12.3.rel1.win32_1.0.200.202406191623/tools/bin/../lib/gcc/arm-none-eabi/12.3.1/../../../../arm-none-eabi/lib/thumb/v7e-m+fp/hard\libc_nano.a(libc_a-init.o)
                0x0800c980                __libc_init_array
 *(.glue_7)
 .glue_7        0x0800c9c8        0x0 linker stubs
 *(.glue_7t)
 .glue_7t       0x0800c9c8        0x0 linker stubs
 *(.eh_frame)
 .eh_frame      0x0800c9c8        0x0 C:/ST/STM32CubeIDE_1.16.0/STM32CubeIDE/plugins/com.st.stm32cube.ide.mcu.externaltools.gnu-tools-for-stm32.12.3.rel1.win32_1.0.200.202406191623/tools/bin/../lib/gcc/arm-none-eabi/12.3.1/thumb/v7e-m+fp/hard/crtbegin.o
 *(.init)
 .init          0x0800c9c8        0x4 C:/ST/STM32CubeIDE_1.16.0/STM32CubeIDE/plugins/com.st.stm32cube.ide.mcu.externaltools.gnu-tools-for-stm32.12.3.rel1.win32_1.0.200.202406191623/tools/bin/../lib/gcc/arm-none-eabi/12.3.1/thumb/v7e-m+fp/hard/crti.o
                0x0800c9c8                _init
 .init          0x0800c9cc        0x8 C:/ST/STM32CubeIDE_1.16.0/STM32CubeIDE/plugins/com.st.stm32cube.ide.mcu.externaltools.gnu-tools-for-stm32.12.3.rel1.win32_1.0.200.202406191623/tools/bin/../lib/gcc/arm-none-eabi/12.3.1/thumb/v7e-m+fp/hard/crtn.o
 *(.fini)
 .fini          0x0800c9d4        0x4 C:/ST/STM32CubeIDE_1.16.0/STM32CubeIDE/plugins/com.st.stm32cube.ide.mcu.externaltools.gnu-tools-for-stm32.12.3.rel1.win32_1.0.200.202406191623/tools/bin/../lib/gcc/arm-none-eabi/12.3.1/thumb/v7e-m+fp/hard/crti.o
                0x0800c9d4                _fini
 .fini          0x0800c9d8        0x8 C:/ST/STM32CubeIDE_1.16.0/STM32CubeIDE/plugins/com.st.stm32cube.ide.mcu.externaltools.gnu-tools-for-stm32.12.3.rel1.win32_1.0.200.202406191623/tools/bin/../lib/gcc/arm-none-eabi/12.3.1/thumb/v7e-m+fp/hard/crtn.o
                0x0800c9e0                        . = ALIGN (0x4)
                0x0800c9e0                        _etext = .

.vfp11_veneer   0x0800c9e0        0x0
 .vfp11_veneer  0x0800c9e0        0x0 linker stubs

.v4_bx          0x0800c9e0        0x0
 .v4_bx         0x0800c9e0        0x0 linker stubs

.iplt           0x0800c9e0        0x0
 .iplt          0x0800c9e0        0x0 C:/ST/STM32CubeIDE_1.16.0/STM32CubeIDE/plugins/com.st.stm32cube.ide.mcu.externaltools.gnu-tools-for-stm32.12.3.rel1.win32_1.0.200.202406191623/tools/bin/../lib/gcc/arm-none-eabi/12.3.1/thumb/v7e-m+fp/hard/crtbegin.o

.rodata         0x0800c9e0       0x68
                0x0800c9e0                        . = ALIGN (0x4)
 *(.rodata)
 .rodata        0x0800c9e0       0x46 ./USB_DEVICE/App/usbd_desc.o
 *(.rodata*)
 *fill*         0x0800ca26        0x2 
 .rodata.AHBPrescTable
                0x0800ca28       0x10 ./Core/Src/system_stm32f4xx.o
                0x0800ca28                AHBPrescTable
 .rodata.APBPrescTable
                0x0800ca38        0x8 ./Core/Src/system_stm32f4xx.o
                0x0800ca38                APBPrescTable
 .rodata.flagBitshiftOffset.0
                0x0800ca40        0x8 ./Drivers/STM32F4xx_HAL_Driver/Src/stm32f4xx_hal_dma.o
                0x0800ca48                        . = ALIGN (0x4)

.ARM.extab      0x0800ca48        0x0
                0x0800ca48                        . = ALIGN (0x4)
 *(.ARM.extab* .gnu.linkonce.armextab.*)
                0x0800ca48                        . = ALIGN (0x4)

.ARM            0x0800ca48        0x8
                0x0800ca48                        . = ALIGN (0x4)
                0x0800ca48                        __exidx_start = .
 *(.ARM.exidx*)
 .ARM.exidx     0x0800ca48        0x8 C:/ST/STM32CubeIDE_1.16.0/STM32CubeIDE/plugins/com.st.stm32cube.ide.mcu.externaltools.gnu-tools-for-stm32.12.3.rel1.win32_1.0.200.202406191623/tools/bin/../lib/gcc/arm-none-eabi/12.3.1/thumb/v7e-m+fp/hard\libgcc.a(_udivmoddi4.o)
                0x0800ca50                        __exidx_end = .
                0x0800ca50                        . = ALIGN (0x4)

.preinit_array  0x0800ca50        0x0
                0x0800ca50                        . = ALIGN (0x4)
                0x0800ca50                        PROVIDE (__preinit_array_start = .)
 *(.preinit_array*)
                0x0800ca50                        PROVIDE (__preinit_array_end = .)
                0x0800ca50                        . = ALIGN (0x4)

.init_array     0x0800ca50        0x4
                0x0800ca50                        . = ALIGN (0x4)
                0x0800ca50                        PROVIDE (__init_array_start = .)
 *(SORT_BY_NAME(.init_array.*))
 *(.init_array*)
 .init_array    0x0800ca50        0x4 C:/ST/STM32CubeIDE_1.16.0/STM32CubeIDE/plugins/com.st.stm32cube.ide.mcu.externaltools.gnu-tools-for-stm32.12.3.rel1.win32_1.0.200.202406191623/tools/bin/../lib/gcc/arm-none-eabi/12.3.1/thumb/v7e-m+fp/hard/crtbegin.o
                0x0800ca54                        PROVIDE (__init_array_end = .)
                0x0800ca54                        . = ALIGN (0x4)

.fini_array     0x0800ca54        0x4
                0x0800ca54                        . = ALIGN (0x4)
                [!provide]                        PROVIDE (__fini_array_start = .)
 *(SORT_BY_NAME(.fini_array.*))
 *(.fini_array*)
 .fini_array    0x0800ca54        0x4 C:/ST/STM32CubeIDE_1.16.0/STM32CubeIDE/plugins/com.st.stm32cube.ide.mcu.externaltools.gnu-tools-for-stm32.12.3.rel1.win32_1.0.200.202406191623/tools/bin/../lib/gcc/arm-none-eabi/12.3.1/thumb/v7e-m+fp/hard/crtbegin.o
                [!provide]                        PROVIDE (__fini_array_end = .)
                0x0800ca58                        . = ALIGN (0x4)
                0x0800ca58                        _sidata = LOADADDR (.data)

.rel.dyn        0x0800ca58        0x0
 .rel.iplt      0x0800ca58        0x0 C:/ST/STM32CubeIDE_1.16.0/STM32CubeIDE/plugins/com.st.stm32cube.ide.mcu.externaltools.gnu-tools-for-stm32.12.3.rel1.win32_1.0.200.202406191623/tools/bin/../lib/gcc/arm-none-eabi/12.3.1/thumb/v7e-m+fp/hard/crtbegin.o

.data           0x20000000      0x1f8 load address 0x0800ca58
                0x20000000                        . = ALIGN (0x4)
                0x20000000                        _sdata = .
 *(.data)
 *(.data*)
 .data.Motor_control
                0x20000000        0x4 ./Core/Src/driver/hmi_control.o
                0x20000000                Motor_control
 .data.Input_indicator
                0x20000004        0x4 ./Core/Src/driver/hmi_control.o
                0x20000004                Input_indicator
 .data.Axisfeedback
                0x20000008        0x4 ./Core/Src/driver/hmi_control.o
                0x20000008                Axisfeedback
 .data.Axiscommand
                0x2000000c        0x4 ./Core/Src/driver/hmi_control.o
                0x2000000c                Axiscommand
 .data.Output_control
                0x20000010        0x4 ./Core/Src/driver/hmi_control.o
                0x20000010                Output_control
 .data.output_map
                0x20000014       0x90 ./Core/Src/driver/hmi_control.o
                0x20000014                output_map
 .data.Tab_main_table
                0x200000a4       0x40 ./Core/Src/driver/hmi_control.o
                0x200000a4                Tab_main_table
 .data.AxisX    0x200000e4        0x8 ./Core/Src/driver/motor_control.o
                0x200000e4                AxisX
 .data.AxisY    0x200000ec        0x8 ./Core/Src/driver/motor_control.o
                0x200000ec                AxisY
 .data.AxisZ    0x200000f4        0x8 ./Core/Src/driver/motor_control.o
                0x200000f4                AxisZ
 .data.SystemCoreClock
                0x200000fc        0x4 ./Core/Src/system_stm32f4xx.o
                0x200000fc                SystemCoreClock
 .data.uwTickPrio
                0x20000100        0x4 ./Drivers/STM32F4xx_HAL_Driver/Src/stm32f4xx_hal.o
                0x20000100                uwTickPrio
 .data.uwTickFreq
                0x20000104        0x1 ./Drivers/STM32F4xx_HAL_Driver/Src/stm32f4xx_hal.o
                0x20000104                uwTickFreq
 *fill*         0x20000105        0x3 
 .data.USBD_CDC_DeviceQualifierDesc
                0x20000108        0xa ./Middlewares/ST/STM32_USB_Device_Library/Class/CDC/Src/usbd_cdc.o
 *fill*         0x20000112        0x2 
 .data.USBD_CDC
                0x20000114       0x38 ./Middlewares/ST/STM32_USB_Device_Library/Class/CDC/Src/usbd_cdc.o
                0x20000114                USBD_CDC
 .data.USBD_CDC_CfgDesc
                0x2000014c       0x43 ./Middlewares/ST/STM32_USB_Device_Library/Class/CDC/Src/usbd_cdc.o
 .data.CDCInEpAdd
                0x2000018f        0x1 ./Middlewares/ST/STM32_USB_Device_Library/Class/CDC/Src/usbd_cdc.o
 .data.CDCOutEpAdd
                0x20000190        0x1 ./Middlewares/ST/STM32_USB_Device_Library/Class/CDC/Src/usbd_cdc.o
 .data.CDCCmdEpAdd
                0x20000191        0x1 ./Middlewares/ST/STM32_USB_Device_Library/Class/CDC/Src/usbd_cdc.o
 *fill*         0x20000192        0x2 
 .data.USBD_Interface_fops_FS
                0x20000194       0x14 ./USB_DEVICE/App/usbd_cdc_if.o
                0x20000194                USBD_Interface_fops_FS
 .data.FS_Desc  0x200001a8       0x1c ./USB_DEVICE/App/usbd_desc.o
                0x200001a8                FS_Desc
 .data.USBD_FS_DeviceDesc
                0x200001c4       0x12 ./USB_DEVICE/App/usbd_desc.o
                0x200001c4                USBD_FS_DeviceDesc
 *fill*         0x200001d6        0x2 
 .data.USBD_LangIDDesc
                0x200001d8        0x4 ./USB_DEVICE/App/usbd_desc.o
                0x200001d8                USBD_LangIDDesc
 .data.USBD_StringSerial
                0x200001dc       0x1a ./USB_DEVICE/App/usbd_desc.o
                0x200001dc                USBD_StringSerial
 *(.RamFunc)
 *(.RamFunc*)
                0x200001f8                        . = ALIGN (0x4)
 *fill*         0x200001f6        0x2 
                0x200001f8                        _edata = .
                0x0800cc50                        _siccmram = LOADADDR (.ccmram)

.igot.plt       0x200001f8        0x0 load address 0x0800cc50
 .igot.plt      0x200001f8        0x0 C:/ST/STM32CubeIDE_1.16.0/STM32CubeIDE/plugins/com.st.stm32cube.ide.mcu.externaltools.gnu-tools-for-stm32.12.3.rel1.win32_1.0.200.202406191623/tools/bin/../lib/gcc/arm-none-eabi/12.3.1/thumb/v7e-m+fp/hard/crtbegin.o

.ccmram         0x10000000        0x0 load address 0x0800cc50
                0x10000000                        . = ALIGN (0x4)
                0x10000000                        _sccmram = .
 *(.ccmram)
 *(.ccmram*)
                0x10000000                        . = ALIGN (0x4)
                0x10000000                        _eccmram = .
                0x10000000                        . = ALIGN (0x4)

.bss            0x200001f8     0x1308
                0x200001f8                        _sbss = .
                0x200001f8                        __bss_start__ = _sbss
 *(.bss)
 .bss           0x200001f8       0x1c C:/ST/STM32CubeIDE_1.16.0/STM32CubeIDE/plugins/com.st.stm32cube.ide.mcu.externaltools.gnu-tools-for-stm32.12.3.rel1.win32_1.0.200.202406191623/tools/bin/../lib/gcc/arm-none-eabi/12.3.1/thumb/v7e-m+fp/hard/crtbegin.o
 *(.bss*)
 .bss.output_shadow
                0x20000214        0x4 ./Core/Src/driver/hmi_control.o
                0x20000214                output_shadow
 .bss.TxData    0x20000218      0x100 ./Core/Src/driver/modbus_rtu.o
                0x20000218                TxData
 .bss.RxData    0x20000318      0x100 ./Core/Src/driver/modbus_rtu.o
                0x20000318                RxData
 .bss.Input_Registers_Database
                0x20000418       0x64 ./Core/Src/driver/modbus_rtu.o
                0x20000418                Input_Registers_Database
 .bss.Inputs_Database
                0x2000047c       0x32 ./Core/Src/driver/modbus_rtu.o
                0x2000047c                Inputs_Database
 *fill*         0x200004ae        0x2 
 .bss.Coils_Database
                0x200004b0       0x19 ./Core/Src/driver/modbus_rtu.o
                0x200004b0                Coils_Database
 *fill*         0x200004c9        0x3 
 .bss.Holding_Registers_Database
                0x200004cc      0x258 ./Core/Src/driver/modbus_rtu.o
                0x200004cc                Holding_Registers_Database
 .bss.htim1     0x20000724       0x48 ./Core/Src/main.o
                0x20000724                htim1
 .bss.htim2     0x2000076c       0x48 ./Core/Src/main.o
                0x2000076c                htim2
 .bss.htim3     0x200007b4       0x48 ./Core/Src/main.o
                0x200007b4                htim3
 .bss.htim5     0x200007fc       0x48 ./Core/Src/main.o
                0x200007fc                htim5
 .bss.htim6     0x20000844       0x48 ./Core/Src/main.o
                0x20000844                htim6
 .bss.htim7     0x2000088c       0x48 ./Core/Src/main.o
                0x2000088c                htim7
 .bss.htim8     0x200008d4       0x48 ./Core/Src/main.o
                0x200008d4                htim8
 .bss.htim9     0x2000091c       0x48 ./Core/Src/main.o
                0x2000091c                htim9
 .bss.huart2    0x20000964       0x48 ./Core/Src/main.o
                0x20000964                huart2
 .bss.hdma_usart2_rx
                0x200009ac       0x60 ./Core/Src/main.o
                0x200009ac                hdma_usart2_rx
 .bss.Tick      0x20000a0c        0x4 ./Core/Src/stm32f4xx_it.o
                0x20000a0c                Tick
 .bss.lastFrameTime
                0x20000a10        0x4 ./Core/Src/stm32f4xx_it.o
                0x20000a10                lastFrameTime
 .bss.activeTransport
                0x20000a14        0x1 ./Core/Src/stm32f4xx_it.o
                0x20000a14                activeTransport
 *fill*         0x20000a15        0x3 
 .bss.uwTick    0x20000a18        0x4 ./Drivers/STM32F4xx_HAL_Driver/Src/stm32f4xx_hal.o
                0x20000a18                uwTick
 .bss.cfgidx.0  0x20000a1c        0x1 ./Middlewares/ST/STM32_USB_Device_Library/Core/Src/usbd_ctlreq.o
 *fill*         0x20000a1d        0x3 
 .bss.hUsbDeviceFS
                0x20000a20      0x2dc ./USB_DEVICE/App/usb_device.o
                0x20000a20                hUsbDeviceFS
 .bss.USBD_StrDesc
                0x20000cfc      0x100 ./USB_DEVICE/App/usbd_desc.o
                0x20000cfc                USBD_StrDesc
 .bss.hpcd_USB_OTG_FS
                0x20000dfc      0x4e4 ./USB_DEVICE/Target/usbd_conf.o
                0x20000dfc                hpcd_USB_OTG_FS
 .bss.mem.0     0x200012e0      0x220 ./USB_DEVICE/Target/usbd_conf.o
 *(COMMON)
                0x20001500                        . = ALIGN (0x4)
                0x20001500                        _ebss = .
                0x20001500                        __bss_end__ = _ebss

._user_heap_stack
                0x20001500      0x600
                0x20001500                        . = ALIGN (0x8)
                [!provide]                        PROVIDE (end = .)
                0x20001500                        PROVIDE (_end = .)
                0x20001700                        . = (. + _Min_Heap_Size)
 *fill*         0x20001500      0x200 
                0x20001b00                        . = (. + _Min_Stack_Size)
 *fill*         0x20001700      0x400 
                0x20001b00                        . = ALIGN (0x8)

/DISCARD/
 libc.a(*)
 libm.a(*)
 libgcc.a(*)

.ARM.attributes
                0x00000000       0x30
 *(.ARM.attributes)
 .ARM.attributes
                0x00000000       0x22 C:/ST/STM32CubeIDE_1.16.0/STM32CubeIDE/plugins/com.st.stm32cube.ide.mcu.externaltools.gnu-tools-for-stm32.12.3.rel1.win32_1.0.200.202406191623/tools/bin/../lib/gcc/arm-none-eabi/12.3.1/thumb/v7e-m+fp/hard/crti.o
 .ARM.attributes
                0x00000022       0x34 C:/ST/STM32CubeIDE_1.16.0/STM32CubeIDE/plugins/com.st.stm32cube.ide.mcu.externaltools.gnu-tools-for-stm32.12.3.rel1.win32_1.0.200.202406191623/tools/bin/../lib/gcc/arm-none-eabi/12.3.1/thumb/v7e-m+fp/hard/crtbegin.o
 .ARM.attributes
                0x00000056       0x34 ./Core/Src/app/application.o
 .ARM.attributes
                0x0000008a       0x34 ./Core/Src/driver/hmi_control.o
 .ARM.attributes
                0x000000be       0x34 ./Core/Src/driver/modbus_rtu.o
 .ARM.attributes
                0x000000f2       0x34 ./Core/Src/driver/motor_control.o
 .ARM.attributes
                0x00000126       0x34 ./Core/Src/main.o
 .ARM.attributes
                0x0000015a       0x34 ./Core/Src/stm32f4xx_hal_msp.o
 .ARM.attributes
                0x0000018e       0x34 ./Core/Src/stm32f4xx_it.o
 .ARM.attributes
                0x000001c2       0x34 ./Core/Src/system_stm32f4xx.o
 .ARM.attributes
                0x000001f6       0x21 ./Core/Startup/startup_stm32f407vetx.o
 .ARM.attributes
                0x00000217       0x34 ./Drivers/STM32F4xx_HAL_Driver/Src/stm32f4xx_hal.o
 .ARM.attributes
                0x0000024b       0x34 ./Drivers/STM32F4xx_HAL_Driver/Src/stm32f4xx_hal_cortex.o
 .ARM.attributes
                0x0000027f       0x34 ./Drivers/STM32F4xx_HAL_Driver/Src/stm32f4xx_hal_dma.o
 .ARM.attributes
                0x000002b3       0x34 ./Drivers/STM32F4xx_HAL_Driver/Src/stm32f4xx_hal_gpio.o
 .ARM.attributes
                0x000002e7       0x34 ./Drivers/STM32F4xx_HAL_Driver/Src/stm32f4xx_hal_pcd.o
 .ARM.attributes
                0x0000031b       0x34 ./Drivers/STM32F4xx_HAL_Driver/Src/stm32f4xx_hal_pcd_ex.o
 .ARM.attributes
                0x0000034f       0x34 ./Drivers/STM32F4xx_HAL_Driver/Src/stm32f4xx_hal_rcc.o
 .ARM.attributes
                0x00000383       0x34 ./Drivers/STM32F4xx_HAL_Driver/Src/stm32f4xx_hal_tim.o
 .ARM.attributes
                0x000003b7       0x34 ./Drivers/STM32F4xx_HAL_Driver/Src/stm32f4xx_hal_tim_ex.o
 .ARM.attributes
                0x000003eb       0x34 ./Drivers/STM32F4xx_HAL_Driver/Src/stm32f4xx_hal_uart.o
 .ARM.attributes
                0x0000041f       0x34 ./Drivers/STM32F4xx_HAL_Driver/Src/stm32f4xx_ll_usb.o
 .ARM.attributes
                0x00000453       0x34 ./Middlewares/ST/STM32_USB_Device_Library/Class/CDC/Src/usbd_cdc.o
 .ARM.attributes
                0x00000487       0x34 ./Middlewares/ST/STM32_USB_Device_Library/Core/Src/usbd_core.o
 .ARM.attributes
                0x000004bb       0x34 ./Middlewares/ST/STM32_USB_Device_Library/Core/Src/usbd_ctlreq.o
 .ARM.attributes
                0x000004ef       0x34 ./Middlewares/ST/STM32_USB_Device_Library/Core/Src/usbd_ioreq.o
 .ARM.attributes
                0x00000523       0x34 ./USB_DEVICE/App/usb_device.o
 .ARM.attributes
                0x00000557       0x34 ./USB_DEVICE/App/usbd_cdc_if.o
 .ARM.attributes
                0x0000058b       0x34 ./USB_DEVICE/App/usbd_desc.o
 .ARM.attributes
                0x000005bf       0x34 ./USB_DEVICE/Target/usbd_conf.o
 .ARM.attributes
                0x000005f3       0x34 C:/ST/STM32CubeIDE_1.16.0/STM32CubeIDE/plugins/com.st.stm32cube.ide.mcu.externaltools.gnu-tools-for-stm32.12.3.rel1.win32_1.0.200.202406191623/tools/bin/../lib/gcc/arm-none-eabi/12.3.1/../../../../arm-none-eabi/lib/thumb/v7e-m+fp/hard\libc_nano.a(libc_a-memset.o)
 .ARM.attributes
                0x00000627       0x34 C:/ST/STM32CubeIDE_1.16.0/STM32CubeIDE/plugins/com.st.stm32cube.ide.mcu.externaltools.gnu-tools-for-stm32.12.3.rel1.win32_1.0.200.202406191623/tools/bin/../lib/gcc/arm-none-eabi/12.3.1/../../../../arm-none-eabi/lib/thumb/v7e-m+fp/hard\libc_nano.a(libc_a-init.o)
 .ARM.attributes
                0x0000065b       0x22 C:/ST/STM32CubeIDE_1.16.0/STM32CubeIDE/plugins/com.st.stm32cube.ide.mcu.externaltools.gnu-tools-for-stm32.12.3.rel1.win32_1.0.200.202406191623/tools/bin/../lib/gcc/arm-none-eabi/12.3.1/thumb/v7e-m+fp/hard\libgcc.a(_aeabi_uldivmod.o)
 .ARM.attributes
                0x0000067d       0x34 C:/ST/STM32CubeIDE_1.16.0/STM32CubeIDE/plugins/com.st.stm32cube.ide.mcu.externaltools.gnu-tools-for-stm32.12.3.rel1.win32_1.0.200.202406191623/tools/bin/../lib/gcc/arm-none-eabi/12.3.1/thumb/v7e-m+fp/hard\libgcc.a(_udivmoddi4.o)
 .ARM.attributes
                0x000006b1       0x22 C:/ST/STM32CubeIDE_1.16.0/STM32CubeIDE/plugins/com.st.stm32cube.ide.mcu.externaltools.gnu-tools-for-stm32.12.3.rel1.win32_1.0.200.202406191623/tools/bin/../lib/gcc/arm-none-eabi/12.3.1/thumb/v7e-m+fp/hard\libgcc.a(_dvmd_tls.o)
 .ARM.attributes
                0x000006d3       0x22 C:/ST/STM32CubeIDE_1.16.0/STM32CubeIDE/plugins/com.st.stm32cube.ide.mcu.externaltools.gnu-tools-for-stm32.12.3.rel1.win32_1.0.200.202406191623/tools/bin/../lib/gcc/arm-none-eabi/12.3.1/thumb/v7e-m+fp/hard/crtn.o
OUTPUT(MC_start.elf elf32-littlearm)
LOAD linker stubs
LOAD C:/ST/STM32CubeIDE_1.16.0/STM32CubeIDE/plugins/com.st.stm32cube.ide.mcu.externaltools.gnu-tools-for-stm32.12.3.rel1.win32_1.0.200.202406191623/tools/bin/../lib/gcc/arm-none-eabi/12.3.1/../../../../arm-none-eabi/lib/thumb/v7e-m+fp/hard\libc.a
LOAD C:/ST/STM32CubeIDE_1.16.0/STM32CubeIDE/plugins/com.st.stm32cube.ide.mcu.externaltools.gnu-tools-for-stm32.12.3.rel1.win32_1.0.200.202406191623/tools/bin/../lib/gcc/arm-none-eabi/12.3.1/../../../../arm-none-eabi/lib/thumb/v7e-m+fp/hard\libm.a
LOAD C:/ST/STM32CubeIDE_1.16.0/STM32CubeIDE/plugins/com.st.stm32cube.ide.mcu.externaltools.gnu-tools-for-stm32.12.3.rel1.win32_1.0.200.202406191623/tools/bin/../lib/gcc/arm-none-eabi/12.3.1/thumb/v7e-m+fp/hard\libgcc.a

.debug_info     0x00000000    0x1b32e
 .debug_info    0x00000000      0xe82 ./Core/Src/app/application.o
 .debug_info    0x00000e82      0xd4d ./Core/Src/driver/hmi_control.o
 .debug_info    0x00001bcf      0xbad ./Core/Src/driver/modbus_rtu.o
 .debug_info    0x0000277c      0xfa6 ./Core/Src/driver/motor_control.o
 .debug_info    0x00003722     0x1730 ./Core/Src/main.o
 .debug_info    0x00004e52     0x1129 ./Core/Src/stm32f4xx_hal_msp.o
 .debug_info    0x00005f7b     0x1708 ./Core/Src/stm32f4xx_it.o
 .debug_info    0x00007683      0x512 ./Core/Src/system_stm32f4xx.o
 .debug_info    0x00007b95       0x30 ./Core/Startup/startup_stm32f407vetx.o
 .debug_info    0x00007bc5      0x944 ./Drivers/STM32F4xx_HAL_Driver/Src/stm32f4xx_hal.o
 .debug_info    0x00008509      0xd8c ./Drivers/STM32F4xx_HAL_Driver/Src/stm32f4xx_hal_cortex.o
 .debug_info    0x00009295      0x8e7 ./Drivers/STM32F4xx_HAL_Driver/Src/stm32f4xx_hal_dma.o
 .debug_info    0x00009b7c      0x6c3 ./Drivers/STM32F4xx_HAL_Driver/Src/stm32f4xx_hal_gpio.o
 .debug_info    0x0000a23f     0x156f ./Drivers/STM32F4xx_HAL_Driver/Src/stm32f4xx_hal_pcd.o
 .debug_info    0x0000b7ae      0x6ea ./Drivers/STM32F4xx_HAL_Driver/Src/stm32f4xx_hal_pcd_ex.o
 .debug_info    0x0000be98      0x8c3 ./Drivers/STM32F4xx_HAL_Driver/Src/stm32f4xx_hal_rcc.o
 .debug_info    0x0000c75b     0x299d ./Drivers/STM32F4xx_HAL_Driver/Src/stm32f4xx_hal_tim.o
 .debug_info    0x0000f0f8     0x14db ./Drivers/STM32F4xx_HAL_Driver/Src/stm32f4xx_hal_tim_ex.o
 .debug_info    0x000105d3     0x2f4f ./Drivers/STM32F4xx_HAL_Driver/Src/stm32f4xx_hal_uart.o
 .debug_info    0x00013522     0x1993 ./Drivers/STM32F4xx_HAL_Driver/Src/stm32f4xx_ll_usb.o
 .debug_info    0x00014eb5     0x12b1 ./Middlewares/ST/STM32_USB_Device_Library/Class/CDC/Src/usbd_cdc.o
 .debug_info    0x00016166      0xe12 ./Middlewares/ST/STM32_USB_Device_Library/Core/Src/usbd_core.o
 .debug_info    0x00016f78      0xaeb ./Middlewares/ST/STM32_USB_Device_Library/Core/Src/usbd_ctlreq.o
 .debug_info    0x00017a63      0x762 ./Middlewares/ST/STM32_USB_Device_Library/Core/Src/usbd_ioreq.o
 .debug_info    0x000181c5      0x70e ./USB_DEVICE/App/usb_device.o
 .debug_info    0x000188d3      0x98d ./USB_DEVICE/App/usbd_cdc_if.o
 .debug_info    0x00019260      0x457 ./USB_DEVICE/App/usbd_desc.o
 .debug_info    0x000196b7     0x1c77 ./USB_DEVICE/Target/usbd_conf.o

.debug_abbrev   0x00000000     0x4286
 .debug_abbrev  0x00000000      0x25c ./Core/Src/app/application.o
 .debug_abbrev  0x0000025c      0x2c0 ./Core/Src/driver/hmi_control.o
 .debug_abbrev  0x0000051c      0x28c ./Core/Src/driver/modbus_rtu.o
 .debug_abbrev  0x000007a8      0x2f4 ./Core/Src/driver/motor_control.o
 .debug_abbrev  0x00000a9c      0x2da ./Core/Src/main.o
 .debug_abbrev  0x00000d76      0x279 ./Core/Src/stm32f4xx_hal_msp.o
 .debug_abbrev  0x00000fef      0x324 ./Core/Src/stm32f4xx_it.o
 .debug_abbrev  0x00001313      0x11a ./Core/Src/system_stm32f4xx.o
 .debug_abbrev  0x0000142d       0x24 ./Core/Startup/startup_stm32f407vetx.o
 .debug_abbrev  0x00001451      0x214 ./Drivers/STM32F4xx_HAL_Driver/Src/stm32f4xx_hal.o
 .debug_abbrev  0x00001665      0x31d ./Drivers/STM32F4xx_HAL_Driver/Src/stm32f4xx_hal_cortex.o
 .debug_abbrev  0x00001982      0x264 ./Drivers/STM32F4xx_HAL_Driver/Src/stm32f4xx_hal_dma.o
 .debug_abbrev  0x00001be6      0x1d4 ./Drivers/STM32F4xx_HAL_Driver/Src/stm32f4xx_hal_gpio.o
 .debug_abbrev  0x00001dba      0x2b9 ./Drivers/STM32F4xx_HAL_Driver/Src/stm32f4xx_hal_pcd.o
 .debug_abbrev  0x00002073      0x1da ./Drivers/STM32F4xx_HAL_Driver/Src/stm32f4xx_hal_pcd_ex.o
 .debug_abbrev  0x0000224d      0x2b7 ./Drivers/STM32F4xx_HAL_Driver/Src/stm32f4xx_hal_rcc.o
 .debug_abbrev  0x00002504      0x278 ./Drivers/STM32F4xx_HAL_Driver/Src/stm32f4xx_hal_tim.o
 .debug_abbrev  0x0000277c      0x283 ./Drivers/STM32F4xx_HAL_Driver/Src/stm32f4xx_hal_tim_ex.o
 .debug_abbrev  0x000029ff      0x30e ./Drivers/STM32F4xx_HAL_Driver/Src/stm32f4xx_hal_uart.o
 .debug_abbrev  0x00002d0d      0x2b3 ./Drivers/STM32F4xx_HAL_Driver/Src/stm32f4xx_ll_usb.o
 .debug_abbrev  0x00002fc0      0x2d2 ./Middlewares/ST/STM32_USB_Device_Library/Class/CDC/Src/usbd_cdc.o
 .debug_abbrev  0x00003292      0x27c ./Middlewares/ST/STM32_USB_Device_Library/Core/Src/usbd_core.o
 .debug_abbrev  0x0000350e      0x26f ./Middlewares/ST/STM32_USB_Device_Library/Core/Src/usbd_ctlreq.o
 .debug_abbrev  0x0000377d      0x19a ./Middlewares/ST/STM32_USB_Device_Library/Core/Src/usbd_ioreq.o
 .debug_abbrev  0x00003917      0x195 ./USB_DEVICE/App/usb_device.o
 .debug_abbrev  0x00003aac      0x2c3 ./USB_DEVICE/App/usbd_cdc_if.o
 .debug_abbrev  0x00003d6f      0x1d8 ./USB_DEVICE/App/usbd_desc.o
 .debug_abbrev  0x00003f47      0x33f ./USB_DEVICE/Target/usbd_conf.o

.debug_aranges  0x00000000     0x16f0
 .debug_aranges
                0x00000000       0x40 ./Core/Src/app/application.o
 .debug_aranges
                0x00000040      0x128 ./Core/Src/driver/hmi_control.o
 .debug_aranges
                0x00000168       0x78 ./Core/Src/driver/modbus_rtu.o
 .debug_aranges
                0x000001e0       0xe8 ./Core/Src/driver/motor_control.o
 .debug_aranges
                0x000002c8       0x88 ./Core/Src/main.o
 .debug_aranges
                0x00000350       0x58 ./Core/Src/stm32f4xx_hal_msp.o
 .debug_aranges
                0x000003a8       0xe8 ./Core/Src/stm32f4xx_it.o
 .debug_aranges
                0x00000490       0x28 ./Core/Src/system_stm32f4xx.o
 .debug_aranges
                0x000004b8       0x28 ./Core/Startup/startup_stm32f407vetx.o
 .debug_aranges
                0x000004e0       0xf0 ./Drivers/STM32F4xx_HAL_Driver/Src/stm32f4xx_hal.o
 .debug_aranges
                0x000005d0      0x130 ./Drivers/STM32F4xx_HAL_Driver/Src/stm32f4xx_hal_cortex.o
 .debug_aranges
                0x00000700       0x90 ./Drivers/STM32F4xx_HAL_Driver/Src/stm32f4xx_hal_dma.o
 .debug_aranges
                0x00000790       0x58 ./Drivers/STM32F4xx_HAL_Driver/Src/stm32f4xx_hal_gpio.o
 .debug_aranges
                0x000007e8      0x148 ./Drivers/STM32F4xx_HAL_Driver/Src/stm32f4xx_hal_pcd.o
 .debug_aranges
                0x00000930       0x38 ./Drivers/STM32F4xx_HAL_Driver/Src/stm32f4xx_hal_pcd_ex.o
 .debug_aranges
                0x00000968       0x88 ./Drivers/STM32F4xx_HAL_Driver/Src/stm32f4xx_hal_rcc.o
 .debug_aranges
                0x000009f0      0x3d0 ./Drivers/STM32F4xx_HAL_Driver/Src/stm32f4xx_hal_tim.o
 .debug_aranges