Archive member included to satisfy reference by file (symbol)

C:/ST/STM32CubeIDE_1.16.0/STM32CubeIDE/plugins/com.st.stm32cube.ide.mcu.externaltools.gnu-tools-for-stm32.12.3.rel1.win32_1.0.200.202406191623/tools/bin/../lib/gcc/arm-none-eabi/12.3.1/../../../../arm-none-eabi/lib/thumb/v7e-m+fp/hard\libc_nano.a(libc_a-exit.o)
                              C:/ST/STM32CubeIDE_1.16.0/STM32CubeIDE/plugins/com.st.stm32cube.ide.mcu.externaltools.gnu-tools-for-stm32.12.3.rel1.win32_1.0.200.202406191623/tools/bin/../lib/gcc/arm-none-eabi/12.3.1/../../../../arm-none-eabi/lib/thumb/v7e-m+fp/hard/crt0.o (exit)
C:/ST/STM32CubeIDE_1.16.0/STM32CubeIDE/plugins/com.st.stm32cube.ide.mcu.externaltools.gnu-tools-for-stm32.12.3.rel1.win32_1.0.200.202406191623/tools/bin/../lib/gcc/arm-none-eabi/12.3.1/../../../../arm-none-eabi/lib/thumb/v7e-m+fp/hard\libc_nano.a(libc_a-findfp.o)
                              C:/ST/STM32CubeIDE_1.16.0/STM32CubeIDE/plugins/com.st.stm32cube.ide.mcu.externaltools.gnu-tools-for-stm32.12.3.rel1.win32_1.0.200.202406191623/tools/bin/../lib/gcc/arm-none-eabi/12.3.1/../../../../arm-none-eabi/lib/thumb/v7e-m+fp/hard\libc_nano.a(libc_a-exit.o) (__stdio_exit_handler)
C:/ST/STM32CubeIDE_1.16.0/STM32CubeIDE/plugins/com.st.stm32cube.ide.mcu.externaltools.gnu-tools-for-stm32.12.3.rel1.win32_1.0.200.202406191623/tools/bin/../lib/gcc/arm-none-eabi/12.3.1/../../../../arm-none-eabi/lib/thumb/v7e-m+fp/hard\libc_nano.a(libc_a-fwalk.o)
                              C:/ST/STM32CubeIDE_1.16.0/STM32CubeIDE/plugins/com.st.stm32cube.ide.mcu.externaltools.gnu-tools-for-stm32.12.3.rel1.win32_1.0.200.202406191623/tools/bin/../lib/gcc/arm-none-eabi/12.3.1/../../../../arm-none-eabi/lib/thumb/v7e-m+fp/hard\libc_nano.a(libc_a-findfp.o) (_fwalk_sglue)
C:/ST/STM32CubeIDE_1.16.0/STM32CubeIDE/plugins/com.st.stm32cube.ide.mcu.externaltools.gnu-tools-for-stm32.12.3.rel1.win32_1.0.200.202406191623/tools/bin/../lib/gcc/arm-none-eabi/12.3.1/../../../../arm-none-eabi/lib/thumb/v7e-m+fp/hard\libc_nano.a(libc_a-stdio.o)
                              C:/ST/STM32CubeIDE_1.16.0/STM32CubeIDE/plugins/com.st.stm32cube.ide.mcu.externaltools.gnu-tools-for-stm32.12.3.rel1.win32_1.0.200.202406191623/tools/bin/../lib/gcc/arm-none-eabi/12.3.1/../../../../arm-none-eabi/lib/thumb/v7e-m+fp/hard\libc_nano.a(libc_a-findfp.o) (__sread)
C:/ST/STM32CubeIDE_1.16.0/STM32CubeIDE/plugins/com.st.stm32cube.ide.mcu.externaltools.gnu-tools-for-stm32.12.3.rel1.win32_1.0.200.202406191623/tools/bin/../lib/gcc/arm-none-eabi/12.3.1/../../../../arm-none-eabi/lib/thumb/v7e-m+fp/hard\libc_nano.a(libc_a-memset.o)
                              C:/ST/STM32CubeIDE_1.16.0/STM32CubeIDE/plugins/com.st.stm32cube.ide.mcu.externaltools.gnu-tools-for-stm32.12.3.rel1.win32_1.0.200.202406191623/tools/bin/../lib/gcc/arm-none-eabi/12.3.1/../../../../arm-none-eabi/lib/thumb/v7e-m+fp/hard/crt0.o (memset)
C:/ST/STM32CubeIDE_1.16.0/STM32CubeIDE/plugins/com.st.stm32cube.ide.mcu.externaltools.gnu-tools-for-stm32.12.3.rel1.win32_1.0.200.202406191623/tools/bin/../lib/gcc/arm-none-eabi/12.3.1/../../../../arm-none-eabi/lib/thumb/v7e-m+fp/hard\libc_nano.a(libc_a-closer.o)
                              C:/ST/STM32CubeIDE_1.16.0/STM32CubeIDE/plugins/com.st.stm32cube.ide.mcu.externaltools.gnu-tools-for-stm32.12.3.rel1.win32_1.0.200.202406191623/tools/bin/../lib/gcc/arm-none-eabi/12.3.1/../../../../arm-none-eabi/lib/thumb/v7e-m+fp/hard\libc_nano.a(libc_a-stdio.o) (_close_r)
C:/ST/STM32CubeIDE_1.16.0/STM32CubeIDE/plugins/com.st.stm32cube.ide.mcu.externaltools.gnu-tools-for-stm32.12.3.rel1.win32_1.0.200.202406191623/tools/bin/../lib/gcc/arm-none-eabi/12.3.1/../../../../arm-none-eabi/lib/thumb/v7e-m+fp/hard\libc_nano.a(libc_a-reent.o)
                              C:/ST/STM32CubeIDE_1.16.0/STM32CubeIDE/plugins/com.st.stm32cube.ide.mcu.externaltools.gnu-tools-for-stm32.12.3.rel1.win32_1.0.200.202406191623/tools/bin/../lib/gcc/arm-none-eabi/12.3.1/../../../../arm-none-eabi/lib/thumb/v7e-m+fp/hard\libc_nano.a(libc_a-closer.o) (errno)
C:/ST/STM32CubeIDE_1.16.0/STM32CubeIDE/plugins/com.st.stm32cube.ide.mcu.externaltools.gnu-tools-for-stm32.12.3.rel1.win32_1.0.200.202406191623/tools/bin/../lib/gcc/arm-none-eabi/12.3.1/../../../../arm-none-eabi/lib/thumb/v7e-m+fp/hard\libc_nano.a(libc_a-impure.o)
                              C:/ST/STM32CubeIDE_1.16.0/STM32CubeIDE/plugins/com.st.stm32cube.ide.mcu.externaltools.gnu-tools-for-stm32.12.3.rel1.win32_1.0.200.202406191623/tools/bin/../lib/gcc/arm-none-eabi/12.3.1/../../../../arm-none-eabi/lib/thumb/v7e-m+fp/hard\libc_nano.a(libc_a-reent.o) (_impure_ptr)
C:/ST/STM32CubeIDE_1.16.0/STM32CubeIDE/plugins/com.st.stm32cube.ide.mcu.externaltools.gnu-tools-for-stm32.12.3.rel1.win32_1.0.200.202406191623/tools/bin/../lib/gcc/arm-none-eabi/12.3.1/../../../../arm-none-eabi/lib/thumb/v7e-m+fp/hard\libc_nano.a(libc_a-lseekr.o)
[...]
Memory Configuration

Name             Origin             Length             Attributes
CCMRAM           0x10000000         0x00010000         xrw
RAM              0x20000000         0x00020000         xrw
FLASH            0x08000000         0x00080000         xr
*default*        0x00000000         0xffffffff

Linker script and memory map

LOAD C:/ST/STM32CubeIDE_1.16.0/STM32CubeIDE/plugins/com.st.stm32cube.ide.mcu.externaltools.gnu-tools-for-stm32.12.3.rel1.win32_1.0.200.202406191623/tools/bin/../lib/gcc/arm-none-eabi/12.3.1/thumb/v7e-m+fp/hard/crti.o
LOAD C:/ST/STM32CubeIDE_1.16.0/STM32CubeIDE/plugins/com.st.stm32cube.ide.mcu.externaltools.gnu-tools-for-stm32.12.3.rel1.win32_1.0.200.202406191623/tools/bin/../lib/gcc/arm-none-eabi/12.3.1/thumb/v7e-m+fp/hard/crtbegin.o
LOAD C:/ST/STM32CubeIDE_1.16.0/STM32CubeIDE/plugins/com.st.stm32cube.ide.mcu.externaltools.gnu-tools-for-stm32.12.3.rel1.win32_1.0.200.202406191623/tools/bin/../lib/gcc/arm-none-eabi/12.3.1/../../../../arm-none-eabi/lib/thumb/v7e-m+fp/hard/crt0.o
LOAD ./Core/Src/app/application.o
LOAD ./Core/Src/driver/common.o
LOAD ./Core/Src/driver/dio_control.o
LOAD ./Core/Src/driver/flash.o
LOAD ./Core/Src/driver/hmi_control.o
LOAD ./Core/Src/driver/modbus_rtu.o
LOAD ./Core/Src/driver/motor_control.o
LOAD ./Core/Src/driver/tick.o
LOAD ./Core/Src/main.o
LOAD ./Core/Src/stm32f4xx_hal_msp.o
LOAD ./Core/Src/stm32f4xx_it.o
LOAD ./Core/Src/syscalls.o
LOAD ./Core/Src/sysmem.o
LOAD ./Core/Src/system_stm32f4xx.o
LOAD ./Core/Startup/startup_stm32f407vetx.o
LOAD ./Drivers/STM32F4xx_HAL_Driver/Src/stm32f4xx_hal.o
LOAD ./Drivers/STM32F4xx_HAL_Driver/Src/stm32f4xx_hal_cortex.o
LOAD ./Drivers/STM32F4xx_HAL_Driver/Src/stm32f4xx_hal_dma.o
LOAD ./Drivers/STM32F4xx_HAL_Driver/Src/stm32f4xx_hal_dma_ex.o
LOAD ./Drivers/STM32F4xx_HAL_Driver/Src/stm32f4xx_hal_exti.o
LOAD ./Drivers/STM32F4xx_HAL_Driver/Src/stm32f4xx_hal_flash.o
LOAD ./Drivers/STM32F4xx_HAL_Driver/Src/stm32f4xx_hal_flash_ex.o
LOAD ./Drivers/STM32F4xx_HAL_Driver/Src/stm32f4xx_hal_flash_ramfunc.o
LOAD ./Drivers/STM32F4xx_HAL_Driver/Src/stm32f4xx_hal_gpio.o
LOAD ./Drivers/STM32F4xx_HAL_Driver/Src/stm32f4xx_hal_pwr.o
LOAD ./Drivers/STM32F4xx_HAL_Driver/Src/stm32f4xx_hal_pwr_ex.o
LOAD ./Drivers/STM32F4xx_HAL_Driver/Src/stm32f4xx_hal_rcc.o
LOAD ./Drivers/STM32F4xx_HAL_Driver/Src/stm32f4xx_hal_rcc_ex.o
LOAD ./Drivers/STM32F4xx_HAL_Driver/Src/stm32f4xx_hal_tim.o
LOAD ./Drivers/STM32F4xx_HAL_Driver/Src/stm32f4xx_hal_tim_ex.o
LOAD ./Drivers/STM32F4xx_HAL_Driver/Src/stm32f4xx_hal_uart.o
START GROUP
LOAD C:/ST/STM32CubeIDE_1.16.0/STM32CubeIDE/plugins/com.st.stm32cube.ide.mcu.externaltools.gnu-tools-for-stm32.12.3.rel1.win32_1.0.200.202406191623/tools/bin/../lib/gcc/arm-none-eabi/12.3.1/../../../../arm-none-eabi/lib/thumb/v7e-m+fp/hard\libc_nano.a
LOAD C:/ST/STM32CubeIDE_1.16.0/STM32CubeIDE/plugins/com.st.stm32cube.ide.mcu.externaltools.gnu-tools-for-stm32.12.3.rel1.win32_1.0.200.202406191623/tools/bin/../lib/gcc/arm-none-eabi/12.3.1/../../../../arm-none-eabi/lib/thumb/v7e-m+fp/hard\libm.a
END GROUP
START GROUP
LOAD C:/ST/STM32CubeIDE_1.16.0/STM32CubeIDE/plugins/com.st.stm32cube.ide.mcu.externaltools.gnu-tools-for-stm32.12.3.rel1.win32_1.0.200.202406191623/tools/bin/../lib/gcc/arm-none-eabi/12.3.1/thumb/v7e-m+fp/hard\libgcc.a
LOAD C:/ST/STM32CubeIDE_1.16.0/STM32CubeIDE/plugins/com.st.stm32cube.ide.mcu.externaltools.gnu-tools-for-stm32.12.3.rel1.win32_1.0.200.202406191623/tools/bin/../lib/gcc/arm-none-eabi/12.3.1/../../../../arm-none-eabi/lib/thumb/v7e-m+fp/hard\libc_nano.a
END GROUP
START GROUP
LOAD C:/ST/STM32CubeIDE_1.16.0/STM32CubeIDE/plugins/com.st.stm32cube.ide.mcu.externaltools.gnu-tools-for-stm32.12.3.rel1.win32_1.0.200.202406191623/tools/bin/../lib/gcc/arm-none-eabi/12.3.1/thumb/v7e-m+fp/hard\libgcc.a
LOAD C:/ST/STM32CubeIDE_1.16.0/STM32CubeIDE/plugins/com.st.stm32cube.ide.mcu.externaltools.gnu-tools-for-stm32.12.3.rel1.win32_1.0.200.202406191623/tools/bin/../lib/gcc/arm-none-eabi/12.3.1/../../../../arm-none-eabi/lib/thumb/v7e-m+fp/hard\libc_nano.a
LOAD C:/ST/STM32CubeIDE_1.16.0/STM32CubeIDE/plugins/com.st.stm32cube.ide.mcu.externaltools.gnu-tools-for-stm32.12.3.rel1.win32_1.0.200.202406191623/tools/bin/../lib/gcc/arm-none-eabi/12.3.1/../../../../arm-none-eabi/lib/thumb/v7e-m+fp/hard\libnosys.a
END GROUP
START GROUP
LOAD C:/ST/STM32CubeIDE_1.16.0/STM32CubeIDE/plugins/com.st.stm32cube.ide.mcu.externaltools.gnu-tools-for-stm32.12.3.rel1.win32_1.0.200.202406191623/tools/bin/../lib/gcc/arm-none-eabi/12.3.1/thumb/v7e-m+fp/hard\libgcc.a
LOAD C:/ST/STM32CubeIDE_1.16.0/STM32CubeIDE/plugins/com.st.stm32cube.ide.mcu.externaltools.gnu-tools-for-stm32.12.3.rel1.win32_1.0.200.202406191623/tools/bin/../lib/gcc/arm-none-eabi/12.3.1/../../../../arm-none-eabi/lib/thumb/v7e-m+fp/hard\libc_nano.a
LOAD C:/ST/STM32CubeIDE_1.16.0/STM32CubeIDE/plugins/com.st.stm32cube.ide.mcu.externaltools.gnu-tools-for-stm32.12.3.rel1.win32_1.0.200.202406191623/tools/bin/../lib/gcc/arm-none-eabi/12.3.1/../../../../arm-none-eabi/lib/thumb/v7e-m+fp/hard\libnosys.a
END GROUP
LOAD C:/ST/STM32CubeIDE_1.16.0/STM32CubeIDE/plugins/com.st.stm32cube.ide.mcu.externaltools.gnu-tools-for-stm32.12.3.rel1.win32_1.0.200.202406191623/tools/bin/../lib/gcc/arm-none-eabi/12.3.1/thumb/v7e-m+fp/hard/crtend.o
LOAD C:/ST/STM32CubeIDE_1.16.0/STM32CubeIDE/plugins/com.st.stm32cube.ide.mcu.externaltools.gnu-tools-for-stm32.12.3.rel1.win32_1.0.200.202406191623/tools/bin/../lib/gcc/arm-none-eabi/12.3.1/thumb/v7e-m+fp/hard/crtn.o
                0x20020000                        _estack = (ORIGIN (RAM) + LENGTH (RAM))
                0x00000200                        _Min_Heap_Size = 0x200
                0x00000400                        _Min_Stack_Size = 0x400

.isr_vector     0x08000000      0x188
                0x08000000                        . = ALIGN (0x4)
 *(.isr_vector)
 .isr_vector    0x08000000      0x188 ./Core/Startup/startup_stm32f407vetx.o
                0x08000000                g_pfnVectors
                0x08000188                        . = ALIGN (0x4)

.text           0x08000188     0xa8d4
                0x08000188                        . = ALIGN (0x4)
 *(.text)
 .text          0x08000188       0x40 C:/ST/STM32CubeIDE_1.16.0/STM32CubeIDE/plugins/com.st.stm32cube.ide.mcu.externaltools.gnu-tools-for-stm32.12.3.rel1.win32_1.0.200.202406191623/tools/bin/../lib/gcc/arm-none-eabi/12.3.1/thumb/v7e-m+fp/hard/crtbegin.o
 .text          0x080001c8      0x378 C:/ST/STM32CubeIDE_1.16.0/STM32CubeIDE/plugins/com.st.stm32cube.ide.mcu.externaltools.gnu-tools-for-stm32.12.3.rel1.win32_1.0.200.202406191623/tools/bin/../lib/gcc/arm-none-eabi/12.3.1/thumb/v7e-m+fp/hard\libgcc.a(_arm_addsubdf3.o)
                0x080001c8                __aeabi_drsub
                0x080001d0                __aeabi_dsub
                0x080001d0                __subdf3
                0x080001d4                __aeabi_dadd
                0x080001d4                __adddf3
                0x0800044c                __floatunsidf
                0x0800044c                __aeabi_ui2d
                0x0800046c                __floatsidf
                0x0800046c                __aeabi_i2d
                0x08000490                __aeabi_f2d
                0x08000490                __extendsfdf2
                0x080004d4                __floatundidf
                0x080004d4                __aeabi_ul2d
                0x080004e4                __floatdidf
                0x080004e4                __aeabi_l2d
 .text          0x08000540      0x424 C:/ST/STM32CubeIDE_1.16.0/STM32CubeIDE/plugins/com.st.stm32cube.ide.mcu.externaltools.gnu-tools-for-stm32.12.3.rel1.win32_1.0.200.202406191623/tools/bin/../lib/gcc/arm-none-eabi/12.3.1/thumb/v7e-m+fp/hard\libgcc.a(_arm_muldivdf3.o)
                0x08000540                __aeabi_dmul
                0x08000540                __muldf3
                0x08000794                __divdf3
                0x08000794                __aeabi_ddiv
 .text          0x08000964       0x40 C:/ST/STM32CubeIDE_1.16.0/STM32CubeIDE/plugins/com.st.stm32cube.ide.mcu.externaltools.gnu-tools-for-stm32.12.3.rel1.win32_1.0.200.202406191623/tools/bin/../lib/gcc/arm-none-eabi/12.3.1/thumb/v7e-m+fp/hard\libgcc.a(_arm_fixunsdfsi.o)
                0x08000964                __aeabi_d2uiz
                0x08000964                __fixunsdfsi
 .text          0x080009a4       0x30 C:/ST/STM32CubeIDE_1.16.0/STM32CubeIDE/plugins/com.st.stm32cube.ide.mcu.externaltools.gnu-tools-for-stm32.12.3.rel1.win32_1.0.200.202406191623/tools/bin/../lib/gcc/arm-none-eabi/12.3.1/thumb/v7e-m+fp/hard\libgcc.a(_aeabi_uldivmod.o)
                0x080009a4                __aeabi_uldivmod
 .text          0x080009d4      0x2bc C:/ST/STM32CubeIDE_1.16.0/STM32CubeIDE/plugins/com.st.stm32cube.ide.mcu.externaltools.gnu-tools-for-stm32.12.3.rel1.win32_1.0.200.202406191623/tools/bin/../lib/gcc/arm-none-eabi/12.3.1/thumb/v7e-m+fp/hard\libgcc.a(_udivmoddi4.o)
                0x080009d4                __udivmoddi4
 .text          0x08000c90        0x4 C:/ST/STM32CubeIDE_1.16.0/STM32CubeIDE/plugins/com.st.stm32cube.ide.mcu.externaltools.gnu-tools-for-stm32.12.3.rel1.win32_1.0.200.202406191623/tools/bin/../lib/gcc/arm-none-eabi/12.3.1/thumb/v7e-m+fp/hard\libgcc.a(_dvmd_tls.o)
                0x08000c90                __aeabi_idiv0
                0x08000c90                __aeabi_ldiv0
 *(.text*)
 .text.Read_Tray_Data
                0x08000c94      0x17c ./Core/Src/app/application.o
                0x08000c94                Read_Tray_Data
 .text.Calculate_TrayRubber_Point
                0x08000e10      0x224 ./Core/Src/app/application.o
                0x08000e10                Calculate_TrayRubber_Point
 *fill*         0x08001034        0x4 
 .text.Calculate_Tray_Point
                0x08001038      0x328 ./Core/Src/app/application.o
                0x08001038                Calculate_Tray_Point
 .text.Handle   0x08001360      0x9a4 ./Core/Src/app/application.o
                0x08001360                Handle
 .text.PlaceToTray
                0x08001d04       0xb4 ./Core/Src/app/application.o
                0x08001d04                PlaceToTray
 .text.application_init
                0x08001db8       0xd4 ./Core/Src/app/application.o
                0x08001db8                application_init
 .text.application_run_main
                0x08001e8c       0x6c ./Core/Src/app/application.o
                0x08001e8c                application_run_main
 .text.task_timer6
                0x08001ef8       0x38 ./Core/Src/app/application.o
                0x08001ef8                task_timer6
 .text.task_timer7
                0x08001f30       0x48 ./Core/Src/app/application.o
                0x08001f30                task_timer7
 .text.SetBit   0x08001f78       0x68 ./Core/Src/driver/common.o
                0x08001f78                SetBit
 .text.ClearBit
                0x08001fe0       0x6e ./Core/Src/driver/common.o
                0x08001fe0                ClearBit
 *fill*         0x0800204e        0x2 
 .text.SetBips  0x08002050       0x24 ./Core/Src/driver/dio_control.o
                0x08002050                SetBips
 .text.BipControl
                0x08002074       0xdc ./Core/Src/driver/dio_control.o
                0x08002074                BipControl
 .text.SetPickRubber
                0x08002150       0x84 ./Core/Src/driver/dio_control.o
                0x08002150                SetPickRubber
 .text.SetReleaseRubber
                0x080021d4       0x84 ./Core/Src/driver/dio_control.o
                0x080021d4                SetReleaseRubber
 .text.PickRubber1
                0x08002258      0x400 ./Core/Src/driver/dio_control.o
                0x08002258                PickRubber1
 .text.ReleaseRubber1
                0x08002658      0x3e0 ./Core/Src/driver/dio_control.o
                0x08002658                ReleaseRubber1
 .text.GetSector
                0x08002a38       0xb0 ./Core/Src/driver/flash.o
                0x08002a38                GetSector
 .text.Flash_Read_Data
                0x08002ae8       0x3c ./Core/Src/driver/flash.o
                0x08002ae8                Flash_Read_Data
 .text.Flash_Write_Data
                0x08002b24      0x120 ./Core/Src/driver/flash.o
                0x08002b24                Flash_Write_Data
 .text.Set_HMI_X_Axis
                0x08002c44       0x20 ./Core/Src/driver/hmi_control.o
                0x08002c44                Set_HMI_X_Axis
 .text.Set_HMI_Y_Axis
                0x08002c64       0x20 ./Core/Src/driver/hmi_control.o
                0x08002c64                Set_HMI_Y_Axis
 .text.Set_HMI_Z_Axis
                0x08002c84       0x20 ./Core/Src/driver/hmi_control.o
                0x08002c84                Set_HMI_Z_Axis
 .text.Get_HMI_X_Axis
                0x08002ca4       0x18 ./Core/Src/driver/hmi_control.o
                0x08002ca4                Get_HMI_X_Axis
 .text.Get_HMI_Y_Axis
                0x08002cbc       0x18 ./Core/Src/driver/hmi_control.o
                0x08002cbc                Get_HMI_Y_Axis
 .text.Get_HMI_Z_Axis
                0x08002cd4       0x18 ./Core/Src/driver/hmi_control.o
                0x08002cd4                Get_HMI_Z_Axis
 .text.Handle_main
                0x08002cec       0x50 ./Core/Src/driver/hmi_control.o
                0x08002cec                Handle_main
 .text.Handle_motor
                0x08002d3c       0x68 ./Core/Src/driver/hmi_control.o
                0x08002d3c                Handle_motor
 .text.Handle_reset
                0x08002da4       0x20 ./Core/Src/driver/hmi_control.o
                0x08002da4                Handle_reset
 .text.Handle_start
                0x08002dc4       0x58 ./Core/Src/driver/hmi_control.o
                0x08002dc4                Handle_start
 .text.Handle_stop
                0x08002e1c       0x5c ./Core/Src/driver/hmi_control.o
                0x08002e1c                Handle_stop
 .text.Handle_X_Left
                0x08002e78       0x34 ./Core/Src/driver/hmi_control.o
                0x08002e78                Handle_X_Left
 .text.Handle_X_Right
                0x08002eac       0x40 ./Core/Src/driver/hmi_control.o
                0x08002eac                Handle_X_Right
 .text.Handle_Y_Forward
                0x08002eec       0x40 ./Core/Src/driver/hmi_control.o
                0x08002eec                Handle_Y_Forward
 .text.Handle_Y_Backward
                0x08002f2c       0x34 ./Core/Src/driver/hmi_control.o
                0x08002f2c                Handle_Y_Backward
 .text.Handle_Z_Up
                0x08002f60       0x34 ./Core/Src/driver/hmi_control.o
                0x08002f60                Handle_Z_Up
 .text.Handle_Z_Down
                0x08002f94       0x40 ./Core/Src/driver/hmi_control.o
                0x08002f94                Handle_Z_Down
 .text.Handle_Set
                0x08002fd4       0x4c ./Core/Src/driver/hmi_control.o
                0x08002fd4                Handle_Set
 .text.Handle_Home
                0x08003020       0xe8 ./Core/Src/driver/hmi_control.o
                0x08003020                Handle_Home
 .text.Handle_pick_handler1
                0x08003108       0x3c ./Core/Src/driver/hmi_control.o
                0x08003108                Handle_pick_handler1
 .text.Handle_release_handler1
                0x08003144       0x30 ./Core/Src/driver/hmi_control.o
                0x08003144                Handle_release_handler1
 .text.Handle_pick_handler2
                0x08003174       0x3c ./Core/Src/driver/hmi_control.o
                0x08003174                Handle_pick_handler2
 .text.Handle_release_handler2
                0x080031b0       0x38 ./Core/Src/driver/hmi_control.o
                0x080031b0                Handle_release_handler2
 .text.Handle_save1
                0x080031e8      0x168 ./Core/Src/driver/hmi_control.o
                0x080031e8                Handle_save1
 .text.Handle_save2
                0x08003350      0x16c ./Core/Src/driver/hmi_control.o
                0x08003350                Handle_save2
 .text.Handle_save3
                0x080034bc      0x16c ./Core/Src/driver/hmi_control.o
                0x080034bc                Handle_save3
 .text.Handle_tray_rubber_p1
                0x08003628       0x44 ./Core/Src/driver/hmi_control.o
                0x08003628                Handle_tray_rubber_p1
 .text.Handle_tray_rubber_p2
                0x0800366c       0x44 ./Core/Src/driver/hmi_control.o
                0x0800366c                Handle_tray_rubber_p2
 .text.Handle_tray_rubber_p3
                0x080036b0       0x44 ./Core/Src/driver/hmi_control.o
                0x080036b0                Handle_tray_rubber_p3
 .text.Handle_tray1_p1
                0x080036f4       0x44 ./Core/Src/driver/hmi_control.o
                0x080036f4                Handle_tray1_p1
 .text.Handle_tray1_p2
                0x08003738       0x44 ./Core/Src/driver/hmi_control.o
                0x08003738                Handle_tray1_p2
 .text.Handle_tray1_p3
                0x0800377c       0x44 ./Core/Src/driver/hmi_control.o
                0x0800377c                Handle_tray1_p3
 .text.Handle_tray2_p1
                0x080037c0       0x44 ./Core/Src/driver/hmi_control.o
                0x080037c0                Handle_tray2_p1
 .text.Handle_tray2_p2
                0x08003804       0x44 ./Core/Src/driver/hmi_control.o
                0x08003804                Handle_tray2_p2
 .text.Handle_tray2_p3
                0x08003848       0x44 ./Core/Src/driver/hmi_control.o
                0x08003848                Handle_tray2_p3
 .text.Move_tray_rubber_p1
                0x0800388c       0x3c ./Core/Src/driver/hmi_control.o
                0x0800388c                Move_tray_rubber_p1
 .text.Move_tray_rubber_p2
                0x080038c8       0x3c ./Core/Src/driver/hmi_control.o
                0x080038c8                Move_tray_rubber_p2
 .text.Move_tray_rubber_p3
                0x08003904       0x3c ./Core/Src/driver/hmi_control.o
                0x08003904                Move_tray_rubber_p3
 .text.Move_tray1_p1
                0x08003940       0x3c ./Core/Src/driver/hmi_control.o
                0x08003940                Move_tray1_p1
 .text.Move_tray1_p2
                0x0800397c       0x3c ./Core/Src/driver/hmi_control.o
                0x0800397c                Move_tray1_p2
 .text.Move_tray1_p3
                0x080039b8       0x3c ./Core/Src/driver/hmi_control.o
                0x080039b8                Move_tray1_p3
 .text.Move_tray2_p1
                0x080039f4       0x3c ./Core/Src/driver/hmi_control.o
                0x080039f4                Move_tray2_p1
 .text.Move_tray2_p2
                0x08003a30       0x3c ./Core/Src/driver/hmi_control.o
                0x08003a30                Move_tray2_p2
 .text.Move_tray2_p3
                0x08003a6c       0x3c ./Core/Src/driver/hmi_control.o
                0x08003a6c                Move_tray2_p3
 .text.Handle_load
                0x08003aa8       0xa8 ./Core/Src/driver/hmi_control.o
                0x08003aa8                Handle_load
 .text.crc16    0x08003b50       0x78 ./Core/Src/driver/modbus_rtu.o
                0x08003b50                crc16
 .text.sendData
                0x08003bc8       0x58 ./Core/Src/driver/modbus_rtu.o
                0x08003bc8                sendData
 .text.modbusException
                0x08003c20       0x40 ./Core/Src/driver/modbus_rtu.o
                0x08003c20                modbusException
 .text.readHoldingRegs
                0x08003c60       0xe8 ./Core/Src/driver/modbus_rtu.o
                0x08003c60                readHoldingRegs
 .text.readInputRegs
                0x08003d48       0xe8 ./Core/Src/driver/modbus_rtu.o
                0x08003d48                readInputRegs
 .text.readCoils
                0x08003e30      0x15c ./Core/Src/driver/modbus_rtu.o
                0x08003e30                readCoils
 .text.readInputs
                0x08003f8c      0x160 ./Core/Src/driver/modbus_rtu.o
                0x08003f8c                readInputs
 .text.writeHoldingRegs
                0x080040ec       0xf8 ./Core/Src/driver/modbus_rtu.o
                0x080040ec                writeHoldingRegs
 .text.writeSingleReg
                0x080041e4       0x94 ./Core/Src/driver/modbus_rtu.o
                0x080041e4                writeSingleReg
 .text.writeSingleCoil
                0x08004278       0xf4 ./Core/Src/driver/modbus_rtu.o
                0x08004278                writeSingleCoil
 .text.writeMultiCoils
                0x0800436c      0x16c ./Core/Src/driver/modbus_rtu.o
                0x0800436c                writeMultiCoils
 .text.Set_Speed_Motor_x
                0x080044d8       0x64 ./Core/Src/driver/motor_control.o
                0x080044d8                Set_Speed_Motor_x
 .text.Set_Speed_Motor_y
                0x0800453c       0x64 ./Core/Src/driver/motor_control.o
                0x0800453c                Set_Speed_Motor_y
 .text.Set_Speed_Motor_z
                0x080045a0       0x64 ./Core/Src/driver/motor_control.o
                0x080045a0                Set_Speed_Motor_z
 .text.excute_move_x_left
                0x08004604       0x24 ./Core/Src/driver/motor_control.o
                0x08004604                excute_move_x_left
 .text.excute_move_x_right
                0x08004628       0x24 ./Core/Src/driver/motor_control.o
                0x08004628                excute_move_x_right
 .text.excute_move_y_forward
                0x0800464c       0x24 ./Core/Src/driver/motor_control.o
                0x0800464c                excute_move_y_forward
 .text.excute_move_y_backward
                0x08004670       0x24 ./Core/Src/driver/motor_control.o
                0x08004670                excute_move_y_backward
 .text.excute_move_z_up
                0x08004694       0x24 ./Core/Src/driver/motor_control.o
                0x08004694                excute_move_z_up
 .text.excute_move_z_down
                0x080046b8       0x24 ./Core/Src/driver/motor_control.o
                0x080046b8                excute_move_z_down
 .text.move_x_left
                0x080046dc       0x44 ./Core/Src/driver/motor_control.o
                0x080046dc                move_x_left
 .text.move_x_right
                0x08004720       0x44 ./Core/Src/driver/motor_control.o
                0x08004720                move_x_right
 .text.move_y_forward
                0x08004764       0x44 ./Core/Src/driver/motor_control.o
                0x08004764                move_y_forward
 .text.move_y_backward
                0x080047a8       0x44 ./Core/Src/driver/motor_control.o
                0x080047a8                move_y_backward
 .text.move_z_up
                0x080047ec       0x44 ./Core/Src/driver/motor_control.o
                0x080047ec                move_z_up
 .text.move_z_down
                0x08004830       0x44 ./Core/Src/driver/motor_control.o
                0x08004830                move_z_down
 .text.abs_diff_u16
                0x08004874       0x36 ./Core/Src/driver/motor_control.o
 *fill*         0x080048aa        0x2 
 .text.move_axis
                0x080048ac      0x14c ./Core/Src/driver/motor_control.o
                0x080048ac                move_axis
 .text.move_axis1
                0x080049f8      0x154 ./Core/Src/driver/motor_control.o
                0x080049f8                move_axis1
 .text.Control_motor_x
                0x08004b4c      0x144 ./Core/Src/driver/motor_control.o
                0x08004b4c                Control_motor_x
 .text.Control_motor_y
                0x08004c90      0x144 ./Core/Src/driver/motor_control.o
                0x08004c90                Control_motor_y
 .text.Control_motor_z
                0x08004dd4      0x144 ./Core/Src/driver/motor_control.o
                0x08004dd4                Control_motor_z
 .text.Stop_motor_x
                0x08004f18       0xb8 ./Core/Src/driver/motor_control.o
                0x08004f18                Stop_motor_x
 .text.Stop_motor_y
                0x08004fd0       0xb8 ./Core/Src/driver/motor_control.o
                0x08004fd0                Stop_motor_y
 .text.Stop_motor_z
                0x08005088       0xb8 ./Core/Src/driver/motor_control.o
                0x08005088                Stop_motor_z
 .text.AllAxisStop
                0x08005140       0x40 ./Core/Src/driver/motor_control.o
 .text.wait_handler_stop
                0x08005180       0x1e ./Core/Src/driver/motor_control.o
                0x08005180                wait_handler_stop
 *fill*         0x0800519e        0x2 
 .text.delay_us
                0x080051a0       0x30 ./Core/Src/driver/tick.o
                0x080051a0                delay_us
 .text.Timer_Check
                0x080051d0       0x48 ./Core/Src/driver/tick.o
                0x080051d0                Timer_Check
 .text.main     0x08005218       0x42 ./Core/Src/main.o
                0x08005218                main
 *fill*         0x0800525a        0x2 
 .text.SystemClock_Config
                0x0800525c       0xd4 ./Core/Src/main.o
                0x0800525c                SystemClock_Config
 .text.MX_TIM1_Init
                0x08005330      0x104 ./Core/Src/main.o
 .text.MX_TIM2_Init
                0x08005434       0x9c ./Core/Src/main.o
 .text.MX_TIM3_Init
                0x080054d0       0xb0 ./Core/Src/main.o
 .text.MX_TIM5_Init
                0x08005580       0xa0 ./Core/Src/main.o
 .text.MX_TIM6_Init
                0x08005620       0x6c ./Core/Src/main.o
 .text.MX_TIM7_Init
                0x0800568c       0x6c ./Core/Src/main.o
 .text.MX_TIM8_Init
                0x080056f8      0x104 ./Core/Src/main.o
 .text.MX_TIM9_Init
                0x080057fc       0x78 ./Core/Src/main.o
 .text.MX_USART2_UART_Init
                0x08005874       0x54 ./Core/Src/main.o
 .text.MX_DMA_Init
                0x080058c8       0x40 ./Core/Src/main.o
 .text.MX_GPIO_Init
                0x08005908      0x280 ./Core/Src/main.o
 .text.Error_Handler
                0x08005b88        0xc ./Core/Src/main.o
                0x08005b88                Error_Handler
 .text.HAL_MspInit
                0x08005b94       0x50 ./Core/Src/stm32f4xx_hal_msp.o
                0x08005b94                HAL_MspInit
 .text.HAL_TIM_PWM_MspInit
                0x08005be4       0xa8 ./Core/Src/stm32f4xx_hal_msp.o
                0x08005be4                HAL_TIM_PWM_MspInit
 .text.HAL_TIM_Base_MspInit
                0x08005c8c      0x13c ./Core/Src/stm32f4xx_hal_msp.o
                0x08005c8c                HAL_TIM_Base_MspInit
 .text.HAL_TIM_MspPostInit
                0x08005dc8      0x114 ./Core/Src/stm32f4xx_hal_msp.o
                0x08005dc8                HAL_TIM_MspPostInit
 .text.HAL_UART_MspInit
                0x08005edc      0x104 ./Core/Src/stm32f4xx_hal_msp.o
                0x08005edc                HAL_UART_MspInit
 .text.NMI_Handler
                0x08005fe0        0x8 ./Core/Src/stm32f4xx_it.o
                0x08005fe0                NMI_Handler
 .text.HardFault_Handler
                0x08005fe8        0x8 ./Core/Src/stm32f4xx_it.o
                0x08005fe8                HardFault_Handler
 .text.MemManage_Handler
                0x08005ff0        0x8 ./Core/Src/stm32f4xx_it.o
                0x08005ff0                MemManage_Handler
 .text.BusFault_Handler
                0x08005ff8        0x8 ./Core/Src/stm32f4xx_it.o
                0x08005ff8                BusFault_Handler
 .text.UsageFault_Handler
                0x08006000        0x8 ./Core/Src/stm32f4xx_it.o
                0x08006000                UsageFault_Handler
 .text.SVC_Handler
                0x08006008        0xe ./Core/Src/stm32f4xx_it.o
                0x08006008                SVC_Handler
 .text.DebugMon_Handler
                0x08006016        0xe ./Core/Src/stm32f4xx_it.o
                0x08006016                DebugMon_Handler
 .text.PendSV_Handler
                0x08006024        0xe ./Core/Src/stm32f4xx_it.o
                0x08006024                PendSV_Handler
 .text.SysTick_Handler
                0x08006032        0xc ./Core/Src/stm32f4xx_it.o
                0x08006032                SysTick_Handler
 *fill*         0x0800603e        0x2 
 .text.EXTI0_IRQHandler
                0x08006040       0x9c ./Core/Src/stm32f4xx_it.o
                0x08006040                EXTI0_IRQHandler
 .text.EXTI1_IRQHandler
                0x080060dc       0x9c ./Core/Src/stm32f4xx_it.o
                0x080060dc                EXTI1_IRQHandler
 .text.EXTI2_IRQHandler
                0x08006178       0x9c ./Core/Src/stm32f4xx_it.o
                0x08006178                EXTI2_IRQHandler
 .text.EXTI3_IRQHandler
                0x08006214       0x68 ./Core/Src/stm32f4xx_it.o
                0x08006214                EXTI3_IRQHandler
 .text.EXTI4_IRQHandler
                0x0800627c       0x6c ./Core/Src/stm32f4xx_it.o
                0x0800627c                EXTI4_IRQHandler
 .text.DMA1_Stream5_IRQHandler
                0x080062e8       0x14 ./Core/Src/stm32f4xx_it.o
                0x080062e8                DMA1_Stream5_IRQHandler
 .text.EXTI9_5_IRQHandler
                0x080062fc       0x24 ./Core/Src/stm32f4xx_it.o
                0x080062fc                EXTI9_5_IRQHandler
 .text.TIM1_BRK_TIM9_IRQHandler
                0x08006320       0x34 ./Core/Src/stm32f4xx_it.o
                0x08006320                TIM1_BRK_TIM9_IRQHandler
 .text.TIM2_IRQHandler
                0x08006354       0x28 ./Core/Src/stm32f4xx_it.o
                0x08006354                TIM2_IRQHandler
 .text.USART2_IRQHandler
                0x0800637c       0x14 ./Core/Src/stm32f4xx_it.o
                0x0800637c                USART2_IRQHandler
 .text.EXTI15_10_IRQHandler
                0x08006390       0x30 ./Core/Src/stm32f4xx_it.o
                0x08006390                EXTI15_10_IRQHandler
 .text.TIM5_IRQHandler
                0x080063c0       0x28 ./Core/Src/stm32f4xx_it.o
                0x080063c0                TIM5_IRQHandler
 .text.TIM6_DAC_IRQHandler
                0x080063e8       0x18 ./Core/Src/stm32f4xx_it.o
                0x080063e8                TIM6_DAC_IRQHandler
 .text.TIM7_IRQHandler
                0x08006400       0x24 ./Core/Src/stm32f4xx_it.o
                0x08006400                TIM7_IRQHandler
 .text.HAL_UARTEx_RxEventCallback
                0x08006424       0xc8 ./Core/Src/stm32f4xx_it.o
                0x08006424                HAL_UARTEx_RxEventCallback
 .text.SystemInit
                0x080064ec       0x24 ./Core/Src/system_stm32f4xx.o
                0x080064ec                SystemInit
 .text.Reset_Handler
                0x08006510       0x50 ./Core/Startup/startup_stm32f407vetx.o
                0x08006510                Reset_Handler
 .text.Default_Handler
                0x08006560        0x2 ./Core/Startup/startup_stm32f407vetx.o
                0x08006560                RTC_Alarm_IRQHandler
                0x08006560                HASH_RNG_IRQHandler
                0x08006560                TIM8_CC_IRQHandler
                0x08006560                TIM1_CC_IRQHandler
                0x08006560                DMA2_Stream5_IRQHandler
                0x08006560                PVD_IRQHandler
                0x08006560                SDIO_IRQHandler
                0x08006560                TAMP_STAMP_IRQHandler
                0x08006560                CAN2_RX1_IRQHandler
                0x08006560                TIM8_TRG_COM_TIM14_IRQHandler
                0x08006560                TIM1_UP_TIM10_IRQHandler
                0x08006560                TIM8_UP_TIM13_IRQHandler
                0x08006560                I2C3_ER_IRQHandler
                0x08006560                I2C2_EV_IRQHandler
                0x08006560                DMA1_Stream2_IRQHandler
                0x08006560                CAN1_RX0_IRQHandler
                0x08006560                FPU_IRQHandler
                0x08006560                OTG_HS_WKUP_IRQHandler
                0x08006560                CAN2_SCE_IRQHandler
                0x08006560                DMA2_Stream2_IRQHandler
                0x08006560                SPI1_IRQHandler
                0x08006560                DCMI_IRQHandler
                0x08006560                CAN2_RX0_IRQHandler
                0x08006560                DMA2_Stream3_IRQHandler
                0x08006560                USART6_IRQHandler
                0x08006560                USART3_IRQHandler
                0x08006560                CAN1_RX1_IRQHandler
                0x08006560                UART5_IRQHandler
                0x08006560                DMA2_Stream0_IRQHandler
                0x08006560                TIM4_IRQHandler
                0x08006560                I2C1_EV_IRQHandler
                0x08006560                DMA1_Stream6_IRQHandler
                0x08006560                DMA1_Stream1_IRQHandler
                0x08006560                UART4_IRQHandler
                0x08006560                TIM3_IRQHandler
                0x08006560                RCC_IRQHandler
                0x08006560                TIM8_BRK_TIM12_IRQHandler
                0x08006560                Default_Handler
                0x08006560                ADC_IRQHandler
                0x08006560                DMA1_Stream7_IRQHandler
                0x08006560                CAN2_TX_IRQHandler
                0x08006560                DMA2_Stream7_IRQHandler
                0x08006560                I2C3_EV_IRQHandler
                0x08006560                RTC_WKUP_IRQHandler
                0x08006560                ETH_WKUP_IRQHandler
                0x08006560                SPI2_IRQHandler
                0x08006560                OTG_HS_EP1_IN_IRQHandler
                0x08006560                DMA1_Stream0_IRQHandler
                0x08006560                CAN1_TX_IRQHandler
                0x08006560                FSMC_IRQHandler
                0x08006560                ETH_IRQHandler
                0x08006560                OTG_HS_EP1_OUT_IRQHandler
                0x08006560                WWDG_IRQHandler
                0x08006560                OTG_FS_WKUP_IRQHandler
                0x08006560                TIM1_TRG_COM_TIM11_IRQHandler
                0x08006560                OTG_HS_IRQHandler
                0x08006560                I2C2_ER_IRQHandler
                0x08006560                DMA2_Stream1_IRQHandler
                0x08006560                CAN1_SCE_IRQHandler
                0x08006560                FLASH_IRQHandler
                0x08006560                DMA2_Stream4_IRQHandler
                0x08006560                USART1_IRQHandler
                0x08006560                OTG_FS_IRQHandler
                0x08006560                SPI3_IRQHandler
                0x08006560                DMA1_Stream4_IRQHandler
                0x08006560                I2C1_ER_IRQHandler
                0x08006560                DMA2_Stream6_IRQHandler
                0x08006560                DMA1_Stream3_IRQHandler
 *fill*         0x08006562        0x2 
 .text.HAL_Init
                0x08006564       0x44 ./Drivers/STM32F4xx_HAL_Driver/Src/stm32f4xx_hal.o
                0x08006564                HAL_Init
 .text.HAL_InitTick
                0x080065a8       0x60 ./Drivers/STM32F4xx_HAL_Driver/Src/stm32f4xx_hal.o
                0x080065a8                HAL_InitTick
 .text.HAL_IncTick
                0x08006608       0x28 ./Drivers/STM32F4xx_HAL_Driver/Src/stm32f4xx_hal.o
                0x08006608                HAL_IncTick
 .text.HAL_GetTick
                0x08006630       0x18 ./Drivers/STM32F4xx_HAL_Driver/Src/stm32f4xx_hal.o
                0x08006630                HAL_GetTick
 .text.HAL_Delay
                0x08006648       0x48 ./Drivers/STM32F4xx_HAL_Driver/Src/stm32f4xx_hal.o
                0x08006648                HAL_Delay
 .text.__NVIC_SetPriorityGrouping
                0x08006690       0x48 ./Drivers/STM32F4xx_HAL_Driver/Src/stm32f4xx_hal_cortex.o
 .text.__NVIC_GetPriorityGrouping
                0x080066d8       0x1c ./Drivers/STM32F4xx_HAL_Driver/Src/stm32f4xx_hal_cortex.o
 .text.__NVIC_EnableIRQ
                0x080066f4       0x3c ./Drivers/STM32F4xx_HAL_Driver/Src/stm32f4xx_hal_cortex.o
 .text.__NVIC_SetPriority
                0x08006730       0x54 ./Drivers/STM32F4xx_HAL_Driver/Src/stm32f4xx_hal_cortex.o
 .text.NVIC_EncodePriority
                0x08006784       0x66 ./Drivers/STM32F4xx_HAL_Driver/Src/stm32f4xx_hal_cortex.o
 *fill*         0x080067ea        0x2 
 .text.SysTick_Config
                0x080067ec       0x44 ./Drivers/STM32F4xx_HAL_Driver/Src/stm32f4xx_hal_cortex.o
 .text.HAL_NVIC_SetPriorityGrouping
                0x08006830       0x16 ./Drivers/STM32F4xx_HAL_Driver/Src/stm32f4xx_hal_cortex.o
                0x08006830                HAL_NVIC_SetPriorityGrouping
 .text.HAL_NVIC_SetPriority
                0x08006846       0x38 ./Drivers/STM32F4xx_HAL_Driver/Src/stm32f4xx_hal_cortex.o
                0x08006846                HAL_NVIC_SetPriority
 .text.HAL_NVIC_EnableIRQ
                0x0800687e       0x1c ./Drivers/STM32F4xx_HAL_Driver/Src/stm32f4xx_hal_cortex.o
                0x0800687e                HAL_NVIC_EnableIRQ
 .text.HAL_SYSTICK_Config
                0x0800689a       0x18 ./Drivers/STM32F4xx_HAL_Driver/Src/stm32f4xx_hal_cortex.o
                0x0800689a                HAL_SYSTICK_Config
 *fill*         0x080068b2        0x2 
 .text.HAL_DMA_Init
                0x080068b4      0x15c ./Drivers/STM32F4xx_HAL_Driver/Src/stm32f4xx_hal_dma.o
                0x080068b4                HAL_DMA_Init
 .text.HAL_DMA_Start_IT
                0x08006a10       0xb0 ./Drivers/STM32F4xx_HAL_Driver/Src/stm32f4xx_hal_dma.o
                0x08006a10                HAL_DMA_Start_IT
 .text.HAL_DMA_Abort
                0x08006ac0       0xe0 ./Drivers/STM32F4xx_HAL_Driver/Src/stm32f4xx_hal_dma.o
                0x08006ac0                HAL_DMA_Abort
 .text.HAL_DMA_Abort_IT
                0x08006ba0       0x44 ./Drivers/STM32F4xx_HAL_Driver/Src/stm32f4xx_hal_dma.o
                0x08006ba0                HAL_DMA_Abort_IT
 .text.HAL_DMA_IRQHandler
                0x08006be4      0x314 ./Drivers/STM32F4xx_HAL_Driver/Src/stm32f4xx_hal_dma.o
                0x08006be4                HAL_DMA_IRQHandler
 .text.DMA_SetConfig
                0x08006ef8       0x5c ./Drivers/STM32F4xx_HAL_Driver/Src/stm32f4xx_hal_dma.o
 .text.DMA_CalcBaseAndBitshift
                0x08006f54       0x6c ./Drivers/STM32F4xx_HAL_Driver/Src/stm32f4xx_hal_dma.o
 .text.DMA_CheckFifoParam
                0x08006fc0       0xf8 ./Drivers/STM32F4xx_HAL_Driver/Src/stm32f4xx_hal_dma.o
 .text.HAL_FLASH_Program
                0x080070b8       0xa4 ./Drivers/STM32F4xx_HAL_Driver/Src/stm32f4xx_hal_flash.o
                0x080070b8                HAL_FLASH_Program
 .text.HAL_FLASH_Unlock
                0x0800715c       0x44 ./Drivers/STM32F4xx_HAL_Driver/Src/stm32f4xx_hal_flash.o
                0x0800715c                HAL_FLASH_Unlock
 .text.HAL_FLASH_Lock
                0x080071a0       0x20 ./Drivers/STM32F4xx_HAL_Driver/Src/stm32f4xx_hal_flash.o
                0x080071a0                HAL_FLASH_Lock
 .text.HAL_FLASH_GetError
                0x080071c0       0x18 ./Drivers/STM32F4xx_HAL_Driver/Src/stm32f4xx_hal_flash.o
                0x080071c0                HAL_FLASH_GetError
 .text.FLASH_WaitForLastOperation
                0x080071d8       0x80 ./Drivers/STM32F4xx_HAL_Driver/Src/stm32f4xx_hal_flash.o
                0x080071d8                FLASH_WaitForLastOperation
 .text.FLASH_Program_DoubleWord
                0x08007258       0x64 ./Drivers/STM32F4xx_HAL_Driver/Src/stm32f4xx_hal_flash.o
 .text.FLASH_Program_Word
                0x080072bc       0x44 ./Drivers/STM32F4xx_HAL_Driver/Src/stm32f4xx_hal_flash.o
 .text.FLASH_Program_HalfWord
                0x08007300       0x48 ./Drivers/STM32F4xx_HAL_Driver/Src/stm32f4xx_hal_flash.o
 .text.FLASH_Program_Byte
                0x08007348       0x44 ./Drivers/STM32F4xx_HAL_Driver/Src/stm32f4xx_hal_flash.o
 .text.FLASH_SetErrorCode
                0x0800738c       0xac ./Drivers/STM32F4xx_HAL_Driver/Src/stm32f4xx_hal_flash.o
 .text.HAL_FLASHEx_Erase
                0x08007438       0xdc ./Drivers/STM32F4xx_HAL_Driver/Src/stm32f4xx_hal_flash_ex.o
                0x08007438                HAL_FLASHEx_Erase
 .text.FLASH_MassErase
                0x08007514       0x48 ./Drivers/STM32F4xx_HAL_Driver/Src/stm32f4xx_hal_flash_ex.o
 .text.FLASH_Erase_Sector
                0x0800755c       0x90 ./Drivers/STM32F4xx_HAL_Driver/Src/stm32f4xx_hal_flash_ex.o
                0x0800755c                FLASH_Erase_Sector
 .text.FLASH_FlushCaches
                0x080075ec       0x8c ./Drivers/STM32F4xx_HAL_Driver/Src/stm32f4xx_hal_flash_ex.o
                0x080075ec                FLASH_FlushCaches
 .text.HAL_GPIO_Init
                0x08007678      0x338 ./Drivers/STM32F4xx_HAL_Driver/Src/stm32f4xx_hal_gpio.o
                0x08007678                HAL_GPIO_Init
 .text.HAL_GPIO_ReadPin
                0x080079b0       0x30 ./Drivers/STM32F4xx_HAL_Driver/Src/stm32f4xx_hal_gpio.o
                0x080079b0                HAL_GPIO_ReadPin
 .text.HAL_GPIO_WritePin
                0x080079e0       0x32 ./Drivers/STM32F4xx_HAL_Driver/Src/stm32f4xx_hal_gpio.o
                0x080079e0                HAL_GPIO_WritePin
 .text.HAL_GPIO_TogglePin
                0x08007a12       0x34 ./Drivers/STM32F4xx_HAL_Driver/Src/stm32f4xx_hal_gpio.o
                0x08007a12                HAL_GPIO_TogglePin
 *fill*         0x08007a46        0x2 
 .text.HAL_GPIO_EXTI_IRQHandler
                0x08007a48       0x30 ./Drivers/STM32F4xx_HAL_Driver/Src/stm32f4xx_hal_gpio.o
                0x08007a48                HAL_GPIO_EXTI_IRQHandler
 .text.HAL_GPIO_EXTI_Callback
                0x08007a78       0x16 ./Drivers/STM32F4xx_HAL_Driver/Src/stm32f4xx_hal_gpio.o
                0x08007a78                HAL_GPIO_EXTI_Callback
 *fill*         0x08007a8e        0x2 
 .text.HAL_RCC_OscConfig
                0x08007a90      0x4f0 ./Drivers/STM32F4xx_HAL_Driver/Src/stm32f4xx_hal_rcc.o
                0x08007a90                HAL_RCC_OscConfig
 .text.HAL_RCC_ClockConfig
                0x08007f80      0x1cc ./Drivers/STM32F4xx_HAL_Driver/Src/stm32f4xx_hal_rcc.o
                0x08007f80                HAL_RCC_ClockConfig
 .text.HAL_RCC_GetSysClockFreq
                0x0800814c      0x20c ./Drivers/STM32F4xx_HAL_Driver/Src/stm32f4xx_hal_rcc.o
                0x0800814c                HAL_RCC_GetSysClockFreq
 .text.HAL_RCC_GetHCLKFreq
                0x08008358       0x18 ./Drivers/STM32F4xx_HAL_Driver/Src/stm32f4xx_hal_rcc.o
                0x08008358                HAL_RCC_GetHCLKFreq
 .text.HAL_RCC_GetPCLK1Freq
                0x08008370       0x28 ./Drivers/STM32F4xx_HAL_Driver/Src/stm32f4xx_hal_rcc.o
                0x08008370                HAL_RCC_GetPCLK1Freq
 .text.HAL_RCC_GetPCLK2Freq
                0x08008398       0x28 ./Drivers/STM32F4xx_HAL_Driver/Src/stm32f4xx_hal_rcc.o
                0x08008398                HAL_RCC_GetPCLK2Freq
 .text.HAL_TIM_Base_Init
                0x080083c0       0x9e ./Drivers/STM32F4xx_HAL_Driver/Src/stm32f4xx_hal_tim.o
                0x080083c0                HAL_TIM_Base_Init
 *fill*         0x0800845e        0x2 
 .text.HAL_TIM_Base_Start_IT
                0x08008460       0xe0 ./Drivers/STM32F4xx_HAL_Driver/Src/stm32f4xx_hal_tim.o
                0x08008460                HAL_TIM_Base_Start_IT
 .text.HAL_TIM_PWM_Init
                0x08008540       0x9e ./Drivers/STM32F4xx_HAL_Driver/Src/stm32f4xx_hal_tim.o
                0x08008540                HAL_TIM_PWM_Init
 *fill*         0x080085de        0x2 
 .text.HAL_TIM_PWM_Start
                0x080085e0      0x190 ./Drivers/STM32F4xx_HAL_Driver/Src/stm32f4xx_hal_tim.o
                0x080085e0                HAL_TIM_PWM_Start
 .text.HAL_TIM_PWM_Stop
                0x08008770       0xe0 ./Drivers/STM32F4xx_HAL_Driver/Src/stm32f4xx_hal_tim.o
                0x08008770                HAL_TIM_PWM_Stop
 .text.HAL_TIM_IRQHandler
                0x08008850      0x1e0 ./Drivers/STM32F4xx_HAL_Driver/Src/stm32f4xx_hal_tim.o
                0x08008850                HAL_TIM_IRQHandler
 .text.HAL_TIM_PWM_ConfigChannel
                0x08008a30      0x184 ./Drivers/STM32F4xx_HAL_Driver/Src/stm32f4xx_hal_tim.o
                0x08008a30                HAL_TIM_PWM_ConfigChannel
 .text.HAL_TIM_SlaveConfigSynchro
                0x08008bb4       0x84 ./Drivers/STM32F4xx_HAL_Driver/Src/stm32f4xx_hal_tim.o
                0x08008bb4                HAL_TIM_SlaveConfigSynchro
 .text.HAL_TIM_PeriodElapsedCallback
                0x08008c38       0x14 ./Drivers/STM32F4xx_HAL_Driver/Src/stm32f4xx_hal_tim.o
                0x08008c38                HAL_TIM_PeriodElapsedCallback
 .text.HAL_TIM_OC_DelayElapsedCallback
                0x08008c4c       0x14 ./Drivers/STM32F4xx_HAL_Driver/Src/stm32f4xx_hal_tim.o
                0x08008c4c                HAL_TIM_OC_DelayElapsedCallback
 .text.HAL_TIM_IC_CaptureCallback
                0x08008c60       0x14 ./Drivers/STM32F4xx_HAL_Driver/Src/stm32f4xx_hal_tim.o
                0x08008c60                HAL_TIM_IC_CaptureCallback
 .text.HAL_TIM_PWM_PulseFinishedCallback
                0x08008c74       0x14 ./Drivers/STM32F4xx_HAL_Driver/Src/stm32f4xx_hal_tim.o
                0x08008c74                HAL_TIM_PWM_PulseFinishedCallback
 .text.HAL_TIM_TriggerCallback
                0x08008c88       0x14 ./Drivers/STM32F4xx_HAL_Driver/Src/stm32f4xx_hal_tim.o
                0x08008c88                HAL_TIM_TriggerCallback
 .text.TIM_Base_SetConfig
                0x08008c9c      0x14c ./Drivers/STM32F4xx_HAL_Driver/Src/stm32f4xx_hal_tim.o
                0x08008c9c                TIM_Base_SetConfig
 .text.TIM_OC1_SetConfig
                0x08008de8       0xe0 ./Drivers/STM32F4xx_HAL_Driver/Src/stm32f4xx_hal_tim.o
 .text.TIM_OC2_SetConfig
                0x08008ec8       0xec ./Drivers/STM32F4xx_HAL_Driver/Src/stm32f4xx_hal_tim.o
                0x08008ec8                TIM_OC2_SetConfig
 .text.TIM_OC3_SetConfig
                0x08008fb4       0xe8 ./Drivers/STM32F4xx_HAL_Driver/Src/stm32f4xx_hal_tim.o
 .text.TIM_OC4_SetConfig
                0x0800909c       0xac ./Drivers/STM32F4xx_HAL_Driver/Src/stm32f4xx_hal_tim.o
 .text.TIM_SlaveTimer_SetConfig
                0x08009148      0x122 ./Drivers/STM32F4xx_HAL_Driver/Src/stm32f4xx_hal_tim.o
 .text.TIM_TI1_ConfigInputStage
                0x0800926a       0x5e ./Drivers/STM32F4xx_HAL_Driver/Src/stm32f4xx_hal_tim.o
 .text.TIM_TI2_ConfigInputStage
                0x080092c8       0x60 ./Drivers/STM32F4xx_HAL_Driver/Src/stm32f4xx_hal_tim.o
 .text.TIM_ETR_SetConfig
                0x08009328       0x40 ./Drivers/STM32F4xx_HAL_Driver/Src/stm32f4xx_hal_tim.o
                0x08009328                TIM_ETR_SetConfig
 .text.TIM_CCxChannelCmd
                0x08009368       0x4a ./Drivers/STM32F4xx_HAL_Driver/Src/stm32f4xx_hal_tim.o
                0x08009368                TIM_CCxChannelCmd
 *fill*         0x080093b2        0x2 
 .text.HAL_TIMEx_MasterConfigSynchronization
                0x080093b4       0xf8 ./Drivers/STM32F4xx_HAL_Driver/Src/stm32f4xx_hal_tim_ex.o
                0x080093b4                HAL_TIMEx_MasterConfigSynchronization
 .text.HAL_TIMEx_ConfigBreakDeadTime
                0x080094ac       0xa4 ./Drivers/STM32F4xx_HAL_Driver/Src/stm32f4xx_hal_tim_ex.o
                0x080094ac                HAL_TIMEx_ConfigBreakDeadTime
 .text.HAL_TIMEx_CommutCallback
                0x08009550       0x14 ./Drivers/STM32F4xx_HAL_Driver/Src/stm32f4xx_hal_tim_ex.o
                0x08009550                HAL_TIMEx_CommutCallback
 .text.HAL_TIMEx_BreakCallback
                0x08009564       0x14 ./Drivers/STM32F4xx_HAL_Driver/Src/stm32f4xx_hal_tim_ex.o
                0x08009564                HAL_TIMEx_BreakCallback
 .text.HAL_UART_Init
                0x08009578       0xa0 ./Drivers/STM32F4xx_HAL_Driver/Src/stm32f4xx_hal_uart.o
                0x08009578                HAL_UART_Init
 .text.HAL_UART_Transmit
                0x08009618      0x116 ./Drivers/STM32F4xx_HAL_Driver/Src/stm32f4xx_hal_uart.o
                0x08009618                HAL_UART_Transmit
 .text.HAL_UARTEx_ReceiveToIdle_DMA
                0x0800972e       0xb2 ./Drivers/STM32F4xx_HAL_Driver/Src/stm32f4xx_hal_uart.o
                0x0800972e                HAL_UARTEx_ReceiveToIdle_DMA
 .text.HAL_UART_IRQHandler
                0x080097e0      0x554 ./Drivers/STM32F4xx_HAL_Driver/Src/stm32f4xx_hal_uart.o
                0x080097e0                HAL_UART_IRQHandler
 .text.HAL_UART_TxCpltCallback
                0x08009d34       0x14 ./Drivers/STM32F4xx_HAL_Driver/Src/stm32f4xx_hal_uart.o
                0x08009d34                HAL_UART_TxCpltCallback
 .text.HAL_UART_RxCpltCallback
                0x08009d48       0x14 ./Drivers/STM32F4xx_HAL_Driver/Src/stm32f4xx_hal_uart.o
                0x08009d48                HAL_UART_RxCpltCallback
 .text.HAL_UART_RxHalfCpltCallback
                0x08009d5c       0x14 ./Drivers/STM32F4xx_HAL_Driver/Src/stm32f4xx_hal_uart.o
                0x08009d5c                HAL_UART_RxHalfCpltCallback
 .text.HAL_UART_ErrorCallback
                0x08009d70       0x14 ./Drivers/STM32F4xx_HAL_Driver/Src/stm32f4xx_hal_uart.o
                0x08009d70                HAL_UART_ErrorCallback
 .text.UART_DMAReceiveCplt
                0x08009d84      0x12c ./Drivers/STM32F4xx_HAL_Driver/Src/stm32f4xx_hal_uart.o
 .text.UART_DMARxHalfCplt
                0x08009eb0       0x3c ./Drivers/STM32F4xx_HAL_Driver/Src/stm32f4xx_hal_uart.o
 .text.UART_DMAError
                0x08009eec       0x94 ./Drivers/STM32F4xx_HAL_Driver/Src/stm32f4xx_hal_uart.o
 .text.UART_WaitOnFlagUntilTimeout
                0x08009f80       0xb2 ./Drivers/STM32F4xx_HAL_Driver/Src/stm32f4xx_hal_uart.o
 *fill*         0x0800a032        0x2 
 .text.UART_Start_Receive_DMA
                0x0800a034      0x14c ./Drivers/STM32F4xx_HAL_Driver/Src/stm32f4xx_hal_uart.o
                0x0800a034                UART_Start_Receive_DMA
 .text.UART_EndTxTransfer
                0x0800a180       0x50 ./Drivers/STM32F4xx_HAL_Driver/Src/stm32f4xx_hal_uart.o
 .text.UART_EndRxTransfer
                0x0800a1d0       0xc6 ./Drivers/STM32F4xx_HAL_Driver/Src/stm32f4xx_hal_uart.o
 .text.UART_DMAAbortOnError
                0x0800a296       0x22 ./Drivers/STM32F4xx_HAL_Driver/Src/stm32f4xx_hal_uart.o
 .text.UART_Transmit_IT
                0x0800a2b8       0xa0 ./Drivers/STM32F4xx_HAL_Driver/Src/stm32f4xx_hal_uart.o
 .text.UART_EndTransmit_IT
                0x0800a358       0x30 ./Drivers/STM32F4xx_HAL_Driver/Src/stm32f4xx_hal_uart.o
 .text.UART_Receive_IT
                0x0800a388      0x17c ./Drivers/STM32F4xx_HAL_Driver/Src/stm32f4xx_hal_uart.o
 .text.UART_SetConfig
                0x0800a504      0x4e8 ./Drivers/STM32F4xx_HAL_Driver/Src/stm32f4xx_hal_uart.o
 .text.memset   0x0800a9ec       0x10 C:/ST/STM32CubeIDE_1.16.0/STM32CubeIDE/plugins/com.st.stm32cube.ide.mcu.externaltools.gnu-tools-for-stm32.12.3.rel1.win32_1.0.200.202406191623/tools/bin/../lib/gcc/arm-none-eabi/12.3.1/../../../../arm-none-eabi/lib/thumb/v7e-m+fp/hard\libc_nano.a(libc_a-memset.o)
                0x0800a9ec                memset
 .text.__libc_init_array
                0x0800a9fc       0x48 C:/ST/STM32CubeIDE_1.16.0/STM32CubeIDE/plugins/com.st.stm32cube.ide.mcu.externaltools.gnu-tools-for-stm32.12.3.rel1.win32_1.0.200.202406191623/tools/bin/../lib/gcc/arm-none-eabi/12.3.1/../../../../arm-none-eabi/lib/thumb/v7e-m+fp/hard\libc_nano.a(libc_a-init.o)
                0x0800a9fc                __libc_init_array
 *(.glue_7)
 .glue_7        0x0800aa44        0x0 linker stubs
 *(.glue_7t)
 .glue_7t       0x0800aa44        0x0 linker stubs
 *(.eh_frame)
 .eh_frame      0x0800aa44        0x0 C:/ST/STM32CubeIDE_1.16.0/STM32CubeIDE/plugins/com.st.stm32cube.ide.mcu.externaltools.gnu-tools-for-stm32.12.3.rel1.win32_1.0.200.202406191623/tools/bin/../lib/gcc/arm-none-eabi/12.3.1/thumb/v7e-m+fp/hard/crtbegin.o
 *(.init)
 .init          0x0800aa44        0x4 C:/ST/STM32CubeIDE_1.16.0/STM32CubeIDE/plugins/com.st.stm32cube.ide.mcu.externaltools.gnu-tools-for-stm32.12.3.rel1.win32_1.0.200.202406191623/tools/bin/../lib/gcc/arm-none-eabi/12.3.1/thumb/v7e-m+fp/hard/crti.o
                0x0800aa44                _init
 .init          0x0800aa48        0x8 C:/ST/STM32CubeIDE_1.16.0/STM32CubeIDE/plugins/com.st.stm32cube.ide.mcu.externaltools.gnu-tools-for-stm32.12.3.rel1.win32_1.0.200.202406191623/tools/bin/../lib/gcc/arm-none-eabi/12.3.1/thumb/v7e-m+fp/hard/crtn.o
 *(.fini)
 .fini          0x0800aa50        0x4 C:/ST/STM32CubeIDE_1.16.0/STM32CubeIDE/plugins/com.st.stm32cube.ide.mcu.externaltools.gnu-tools-for-stm32.12.3.rel1.win32_1.0.200.202406191623/tools/bin/../lib/gcc/arm-none-eabi/12.3.1/thumb/v7e-m+fp/hard/crti.o
                0x0800aa50                _fini
 .fini          0x0800aa54        0x8 C:/ST/STM32CubeIDE_1.16.0/STM32CubeIDE/plugins/com.st.stm32cube.ide.mcu.externaltools.gnu-tools-for-stm32.12.3.rel1.win32_1.0.200.202406191623/tools/bin/../lib/gcc/arm-none-eabi/12.3.1/thumb/v7e-m+fp/hard/crtn.o
                0x0800aa5c                        . = ALIGN (0x4)
                0x0800aa5c                        _etext = .

.vfp11_veneer   0x0800aa5c        0x0
 .vfp11_veneer  0x0800aa5c        0x0 linker stubs

.v4_bx          0x0800aa5c        0x0
 .v4_bx         0x0800aa5c        0x0 linker stubs

.iplt           0x0800aa5c        0x0
 .iplt          0x0800aa5c        0x0 C:/ST/STM32CubeIDE_1.16.0/STM32CubeIDE/plugins/com.st.stm32cube.ide.mcu.externaltools.gnu-tools-for-stm32.12.3.rel1.win32_1.0.200.202406191623/tools/bin/../lib/gcc/arm-none-eabi/12.3.1/thumb/v7e-m+fp/hard/crtbegin.o

.rodata         0x0800aa5c       0x24
                0x0800aa5c                        . = ALIGN (0x4)
 *(.rodata)
 *(.rodata*)
 .rodata.FlashStart
                0x0800aa5c        0x4 ./Core/Src/driver/hmi_control.o
                0x0800aa5c                FlashStart
 .rodata.AHBPrescTable
                0x0800aa60       0x10 ./Core/Src/system_stm32f4xx.o
                0x0800aa60                AHBPrescTable
 .rodata.APBPrescTable
                0x0800aa70        0x8 ./Core/Src/system_stm32f4xx.o
                0x0800aa70                APBPrescTable
 .rodata.flagBitshiftOffset.0
                0x0800aa78        0x8 ./Drivers/STM32F4xx_HAL_Driver/Src/stm32f4xx_hal_dma.o
                0x0800aa80                        . = ALIGN (0x4)

.ARM.extab      0x0800aa80        0x0
                0x0800aa80                        . = ALIGN (0x4)
 *(.ARM.extab* .gnu.linkonce.armextab.*)
                0x0800aa80                        . = ALIGN (0x4)

.ARM            0x0800aa80        0x8
                0x0800aa80                        . = ALIGN (0x4)
                0x0800aa80                        __exidx_start = .
 *(.ARM.exidx*)
 .ARM.exidx     0x0800aa80        0x8 C:/ST/STM32CubeIDE_1.16.0/STM32CubeIDE/plugins/com.st.stm32cube.ide.mcu.externaltools.gnu-tools-for-stm32.12.3.rel1.win32_1.0.200.202406191623/tools/bin/../lib/gcc/arm-none-eabi/12.3.1/thumb/v7e-m+fp/hard\libgcc.a(_udivmoddi4.o)
                0x0800aa88                        __exidx_end = .
                0x0800aa88                        . = ALIGN (0x4)

.preinit_array  0x0800aa88        0x0
                0x0800aa88                        . = ALIGN (0x4)
                0x0800aa88                        PROVIDE (__preinit_array_start = .)
 *(.preinit_array*)
                0x0800aa88                        PROVIDE (__preinit_array_end = .)
                0x0800aa88                        . = ALIGN (0x4)

.init_array     0x0800aa88        0x4
                0x0800aa88                        . = ALIGN (0x4)
                0x0800aa88                        PROVIDE (__init_array_start = .)
 *(SORT_BY_NAME(.init_array.*))
 *(.init_array*)
 .init_array    0x0800aa88        0x4 C:/ST/STM32CubeIDE_1.16.0/STM32CubeIDE/plugins/com.st.stm32cube.ide.mcu.externaltools.gnu-tools-for-stm32.12.3.rel1.win32_1.0.200.202406191623/tools/bin/../lib/gcc/arm-none-eabi/12.3.1/thumb/v7e-m+fp/hard/crtbegin.o
                0x0800aa8c                        PROVIDE (__init_array_end = .)
                0x0800aa8c                        . = ALIGN (0x4)

.fini_array     0x0800aa8c        0x4
                0x0800aa8c                        . = ALIGN (0x4)
                [!provide]                        PROVIDE (__fini_array_start = .)
 *(SORT_BY_NAME(.fini_array.*))
 *(.fini_array*)
 .fini_array    0x0800aa8c        0x4 C:/ST/STM32CubeIDE_1.16.0/STM32CubeIDE/plugins/com.st.stm32cube.ide.mcu.externaltools.gnu-tools-for-stm32.12.3.rel1.win32_1.0.200.202406191623/tools/bin/../lib/gcc/arm-none-eabi/12.3.1/thumb/v7e-m+fp/hard/crtbegin.o
                [!provide]                        PROVIDE (__fini_array_end = .)
                0x0800aa90                        . = ALIGN (0x4)
                0x0800aa90                        _sidata = LOADADDR (.data)

.rel.dyn        0x0800aa90        0x0
 .rel.iplt      0x0800aa90        0x0 C:/ST/STM32CubeIDE_1.16.0/STM32CubeIDE/plugins/com.st.stm32cube.ide.mcu.externaltools.gnu-tools-for-stm32.12.3.rel1.win32_1.0.200.202406191623/tools/bin/../lib/gcc/arm-none-eabi/12.3.1/thumb/v7e-m+fp/hard/crtbegin.o

.data           0x20000000      0x17c load address 0x0800aa90
                0x20000000                        . = ALIGN (0x4)
                0x20000000                        _sdata = .
 *(.data)
 *(.data*)
 .data.Rubber   0x20000000        0x4 ./Core/Src/app/application.o
                0x20000000                Rubber
 .data.TrayList
                0x20000004        0x8 ./Core/Src/app/application.o
                0x20000004                TrayList
 .data.modeBip  0x2000000c        0x1 ./Core/Src/driver/dio_control.o
                0x2000000c                modeBip
 *fill*         0x2000000d        0x1 
 .data.TIME_SET_BIP_ON
                0x2000000e        0x2 ./Core/Src/driver/dio_control.o
                0x2000000e                TIME_SET_BIP_ON
 .data.TIME_SET_BIP_OFF
                0x20000010        0x2 ./Core/Src/driver/dio_control.o
                0x20000010                TIME_SET_BIP_OFF
 *fill*         0x20000012        0x2 
 .data.Taskbar  0x20000014        0x4 ./Core/Src/driver/hmi_control.o
                0x20000014                Taskbar
 .data.Tab_popup
                0x20000018        0x4 ./Core/Src/driver/hmi_control.o
                0x20000018                Tab_popup
 .data.Tab_main
                0x2000001c        0x4 ./Core/Src/driver/hmi_control.o
                0x2000001c                Tab_main
 .data.Tab_main_indicator
                0x20000020        0x4 ./Core/Src/driver/hmi_control.o
                0x20000020                Tab_main_indicator
 .data.Control_motor
                0x20000024        0x4 ./Core/Src/driver/hmi_control.o
                0x20000024                Control_motor
 .data.Cylinder_and_save
                0x20000028        0x4 ./Core/Src/driver/hmi_control.o
                0x20000028                Cylinder_and_save
 .data.Rubber_and_tray
                0x2000002c        0x4 ./Core/Src/driver/hmi_control.o
                0x2000002c                Rubber_and_tray
 .data.Rubber_and_tray_indicator
                0x20000030        0x4 ./Core/Src/driver/hmi_control.o
                0x20000030                Rubber_and_tray_indicator
 .data.Control_Vacum_Indicator
                0x20000034        0x4 ./Core/Src/driver/hmi_control.o
                0x20000034                Control_Vacum_Indicator
 .data.Popup_Indicator
                0x20000038        0x4 ./Core/Src/driver/hmi_control.o
                0x20000038                Popup_Indicator
 .data.Mark     0x2000003c        0x4 ./Core/Src/driver/hmi_control.o
                0x2000003c                Mark
 .data.Tab_main_table
                0x20000040        0xc ./Core/Src/driver/hmi_control.o
                0x20000040                Tab_main_table
 .data.Tab_motor_table
                0x2000004c       0x64 ./Core/Src/driver/hmi_control.o
                0x2000004c                Tab_motor_table
 .data.Move_tray_table
                0x200000b0       0x24 ./Core/Src/driver/hmi_control.o
                0x200000b0                Move_tray_table
 .data.Input_Registers_Database
                0x200000d4       0x64 ./Core/Src/driver/modbus_rtu.o
                0x200000d4                Input_Registers_Database
 .data.AxisX    0x20000138        0x8 ./Core/Src/driver/motor_control.o
                0x20000138                AxisX
 .data.AxisY    0x20000140        0x8 ./Core/Src/driver/motor_control.o
                0x20000140                AxisY
 .data.AxisZ    0x20000148        0x8 ./Core/Src/driver/motor_control.o
                0x20000148                AxisZ
 .data.SystemCoreClock
                0x20000150        0x4 ./Core/Src/system_stm32f4xx.o
                0x20000150                SystemCoreClock
 .data.uwTickPrio
                0x20000154        0x4 ./Drivers/STM32F4xx_HAL_Driver/Src/stm32f4xx_hal.o
                0x20000154                uwTickPrio
 .data.uwTickFreq
                0x20000158        0x1 ./Drivers/STM32F4xx_HAL_Driver/Src/stm32f4xx_hal.o
                0x20000158                uwTickFreq
 *fill*         0x20000159        0x3 
 .data.pFlash   0x2000015c       0x20 ./Drivers/STM32F4xx_HAL_Driver/Src/stm32f4xx_hal_flash.o
                0x2000015c                pFlash
 *(.RamFunc)
 *(.RamFunc*)
                0x2000017c                        . = ALIGN (0x4)
                0x2000017c                        _edata = .
                0x0800ac0c                        _siccmram = LOADADDR (.ccmram)

.igot.plt       0x2000017c        0x0 load address 0x0800ac0c
 .igot.plt      0x2000017c        0x0 C:/ST/STM32CubeIDE_1.16.0/STM32CubeIDE/plugins/com.st.stm32cube.ide.mcu.externaltools.gnu-tools-for-stm32.12.3.rel1.win32_1.0.200.202406191623/tools/bin/../lib/gcc/arm-none-eabi/12.3.1/thumb/v7e-m+fp/hard/crtbegin.o

.ccmram         0x10000000        0x0 load address 0x0800ac0c
                0x10000000                        . = ALIGN (0x4)
                0x10000000                        _sccmram = .
 *(.ccmram)
 *(.ccmram*)
                0x10000000                        . = ALIGN (0x4)
                0x10000000                        _eccmram = .
                0x10000000                        . = ALIGN (0x4)

.bss            0x2000017c      0xc64
                0x2000017c                        _sbss = .
                0x2000017c                        __bss_start__ = _sbss
 *(.bss)
 .bss           0x2000017c       0x1c C:/ST/STM32CubeIDE_1.16.0/STM32CubeIDE/plugins/com.st.stm32cube.ide.mcu.externaltools.gnu-tools-for-stm32.12.3.rel1.win32_1.0.200.202406191623/tools/bin/../lib/gcc/arm-none-eabi/12.3.1/thumb/v7e-m+fp/hard/crtbegin.o
 *(.bss*)
 .bss.Rubber_Tray
                0x20000198      0x320 ./Core/Src/app/application.o
                0x20000198                Rubber_Tray
 .bss.Tray1     0x200004b8       0x78 ./Core/Src/app/application.o
                0x200004b8                Tray1
 .bss.Tray2     0x20000530       0x78 ./Core/Src/app/application.o
                0x20000530                Tray2
 .bss.machine_state
                0x200005a8        0x1 ./Core/Src/app/application.o
                0x200005a8                machine_state
 .bss.prev_state
                0x200005a9        0x1 ./Core/Src/app/application.o
                0x200005a9                prev_state
 .bss.rubber_pair
                0x200005aa        0x2 ./Core/Src/app/application.o
                0x200005aa                rubber_pair
 .bss.tray_index
                0x200005ac        0x2 ./Core/Src/app/application.o
                0x200005ac                tray_index
 *fill*         0x200005ae        0x2 
 .bss.count_tray
                0x200005b0        0x2 ./Core/Src/app/application.o
                0x200005b0                count_tray
 .bss.NumberBips
                0x200005b2        0x1 ./Core/Src/driver/dio_control.o
                0x200005b2                NumberBips
 *fill*         0x200005b3        0x1 
 .bss.TimeDelayBip
                0x200005b4        0x2 ./Core/Src/driver/dio_control.o
                0x200005b4                TimeDelayBip
 *fill*         0x200005b6        0x2 
 .bss.Handle_Pick
                0x200005b8        0xc ./Core/Src/driver/dio_control.o
                0x200005b8                Handle_Pick
 .bss.Handle_Release
                0x200005c4        0xc ./Core/Src/driver/dio_control.o
                0x200005c4                Handle_Release
 .bss.Rubber_Mark
                0x200005d0        0xc ./Core/Src/driver/hmi_control.o
                0x200005d0                Rubber_Mark
 .bss.Tray1_Mark
                0x200005dc        0xc ./Core/Src/driver/hmi_control.o
                0x200005dc                Tray1_Mark
 .bss.Tray2_Mark
                0x200005e8        0xc ./Core/Src/driver/hmi_control.o
                0x200005e8                Tray2_Mark
 .bss.data      0x200005f4       0x28 ./Core/Src/driver/hmi_control.o
                0x200005f4                data
 .bss.SystemFlag
                0x2000061c        0x1 ./Core/Src/driver/hmi_control.o
                0x2000061c                SystemFlag
 *fill*         0x2000061d        0x3 
 .bss.TxData    0x20000620      0x100 ./Core/Src/driver/modbus_rtu.o
                0x20000620                TxData
 .bss.RxData    0x20000720      0x100 ./Core/Src/driver/modbus_rtu.o
                0x20000720                RxData
 .bss.Inputs_Database
                0x20000820       0x32 ./Core/Src/driver/modbus_rtu.o
                0x20000820                Inputs_Database
 *fill*         0x20000852        0x2 
 .bss.Coils_Database
                0x20000854       0x19 ./Core/Src/driver/modbus_rtu.o
                0x20000854                Coils_Database
 *fill*         0x2000086d        0x3 
 .bss.Holding_Registers_Database
                0x20000870      0x258 ./Core/Src/driver/modbus_rtu.o
                0x20000870                Holding_Registers_Database
 .bss.previousMillis.0
                0x20000ac8       0x28 ./Core/Src/driver/tick.o
 .bss.htim1     0x20000af0       0x48 ./Core/Src/main.o
                0x20000af0                htim1
 .bss.htim2     0x20000b38       0x48 ./Core/Src/main.o
                0x20000b38                htim2
 .bss.htim3     0x20000b80       0x48 ./Core/Src/main.o
                0x20000b80                htim3
 .bss.htim5     0x20000bc8       0x48 ./Core/Src/main.o
                0x20000bc8                htim5
 .bss.htim6     0x20000c10       0x48 ./Core/Src/main.o
                0x20000c10                htim6
 .bss.htim7     0x20000c58       0x48 ./Core/Src/main.o
                0x20000c58                htim7
 .bss.htim8     0x20000ca0       0x48 ./Core/Src/main.o
                0x20000ca0                htim8
 .bss.htim9     0x20000ce8       0x48 ./Core/Src/main.o
                0x20000ce8                htim9
 .bss.huart2    0x20000d30       0x48 ./Core/Src/main.o
                0x20000d30                huart2
 .bss.hdma_usart2_rx
                0x20000d78       0x60 ./Core/Src/main.o
                0x20000d78                hdma_usart2_rx
 .bss.Tick      0x20000dd8        0x4 ./Core/Src/stm32f4xx_it.o
                0x20000dd8                Tick
 .bss.uwTick    0x20000ddc        0x4 ./Drivers/STM32F4xx_HAL_Driver/Src/stm32f4xx_hal.o
                0x20000ddc                uwTick
 *(COMMON)
                0x20000de0                        . = ALIGN (0x4)
                0x20000de0                        _ebss = .
                0x20000de0                        __bss_end__ = _ebss

._user_heap_stack
                0x20000de0      0x600
                0x20000de0                        . = ALIGN (0x8)
                [!provide]                        PROVIDE (end = .)
                0x20000de0                        PROVIDE (_end = .)
                0x20000fe0                        . = (. + _Min_Heap_Size)
 *fill*         0x20000de0      0x200 
                0x200013e0                        . = (. + _Min_Stack_Size)
 *fill*         0x20000fe0      0x400 
                0x200013e0                        . = ALIGN (0x8)

/DISCARD/
 libc.a(*)
 libm.a(*)
 libgcc.a(*)

.ARM.attributes
                0x00000000       0x30
 *(.ARM.attributes)
 .ARM.attributes
                0x00000000       0x22 C:/ST/STM32CubeIDE_1.16.0/STM32CubeIDE/plugins/com.st.stm32cube.ide.mcu.externaltools.gnu-tools-for-stm32.12.3.rel1.win32_1.0.200.202406191623/tools/bin/../lib/gcc/arm-none-eabi/12.3.1/thumb/v7e-m+fp/hard/crti.o
 .ARM.attributes
                0x00000022       0x34 C:/ST/STM32CubeIDE_1.16.0/STM32CubeIDE/plugins/com.st.stm32cube.ide.mcu.externaltools.gnu-tools-for-stm32.12.3.rel1.win32_1.0.200.202406191623/tools/bin/../lib/gcc/arm-none-eabi/12.3.1/thumb/v7e-m+fp/hard/crtbegin.o
 .ARM.attributes
                0x00000056       0x34 ./Core/Src/app/application.o
 .ARM.attributes
                0x0000008a       0x34 ./Core/Src/driver/common.o
 .ARM.attributes
                0x000000be       0x34 ./Core/Src/driver/dio_control.o
 .ARM.attributes
                0x000000f2       0x34 ./Core/Src/driver/flash.o
 .ARM.attributes
                0x00000126       0x34 ./Core/Src/driver/hmi_control.o
 .ARM.attributes
                0x0000015a       0x34 ./Core/Src/driver/modbus_rtu.o
 .ARM.attributes
                0x0000018e       0x34 ./Core/Src/driver/motor_control.o
 .ARM.attributes
                0x000001c2       0x34 ./Core/Src/driver/tick.o
 .ARM.attributes
                0x000001f6       0x34 ./Core/Src/main.o
 .ARM.attributes
                0x0000022a       0x34 ./Core/Src/stm32f4xx_hal_msp.o
 .ARM.attributes
                0x0000025e       0x34 ./Core/Src/stm32f4xx_it.o
 .ARM.attributes
                0x00000292       0x34 ./Core/Src/system_stm32f4xx.o
 .ARM.attributes
                0x000002c6       0x21 ./Core/Startup/startup_stm32f407vetx.o
 .ARM.attributes
                0x000002e7       0x34 ./Drivers/STM32F4xx_HAL_Driver/Src/stm32f4xx_hal.o
 .ARM.attributes
                0x0000031b       0x34 ./Drivers/STM32F4xx_HAL_Driver/Src/stm32f4xx_hal_cortex.o
 .ARM.attributes
                0x0000034f       0x34 ./Drivers/STM32F4xx_HAL_Driver/Src/stm32f4xx_hal_dma.o
 .ARM.attributes
                0x00000383       0x34 ./Drivers/STM32F4xx_HAL_Driver/Src/stm32f4xx_hal_flash.o
 .ARM.attributes
                0x000003b7       0x34 ./Drivers/STM32F4xx_HAL_Driver/Src/stm32f4xx_hal_flash_ex.o
 .ARM.attributes
                0x000003eb       0x34 ./Drivers/STM32F4xx_HAL_Driver/Src/stm32f4xx_hal_gpio.o
 .ARM.attributes
                0x0000041f       0x34 ./Drivers/STM32F4xx_HAL_Driver/Src/stm32f4xx_hal_rcc.o
 .ARM.attributes
                0x00000453       0x34 ./Drivers/STM32F4xx_HAL_Driver/Src/stm32f4xx_hal_tim.o
 .ARM.attributes
                0x00000487       0x34 ./Drivers/STM32F4xx_HAL_Driver/Src/stm32f4xx_hal_tim_ex.o
 .ARM.attributes
                0x000004bb       0x34 ./Drivers/STM32F4xx_HAL_Driver/Src/stm32f4xx_hal_uart.o
 .ARM.attributes
                0x000004ef       0x34 C:/ST/STM32CubeIDE_1.16.0/STM32CubeIDE/plugins/com.st.stm32cube.ide.mcu.externaltools.gnu-tools-for-stm32.12.3.rel1.win32_1.0.200.202406191623/tools/bin/../lib/gcc/arm-none-eabi/12.3.1/../../../../arm-none-eabi/lib/thumb/v7e-m+fp/hard\libc_nano.a(libc_a-memset.o)
 .ARM.attributes
                0x00000523       0x34 C:/ST/STM32CubeIDE_1.16.0/STM32CubeIDE/plugins/com.st.stm32cube.ide.mcu.externaltools.gnu-tools-for-stm32.12.3.rel1.win32_1.0.200.202406191623/tools/bin/../lib/gcc/arm-none-eabi/12.3.1/../../../../arm-none-eabi/lib/thumb/v7e-m+fp/hard\libc_nano.a(libc_a-init.o)
 .ARM.attributes
                0x00000557       0x22 C:/ST/STM32CubeIDE_1.16.0/STM32CubeIDE/plugins/com.st.stm32cube.ide.mcu.externaltools.gnu-tools-for-stm32.12.3.rel1.win32_1.0.200.202406191623/tools/bin/../lib/gcc/arm-none-eabi/12.3.1/thumb/v7e-m+fp/hard\libgcc.a(_arm_addsubdf3.o)
 .ARM.attributes
                0x00000579       0x22 C:/ST/STM32CubeIDE_1.16.0/STM32CubeIDE/plugins/com.st.stm32cube.ide.mcu.externaltools.gnu-tools-for-stm32.12.3.rel1.win32_1.0.200.202406191623/tools/bin/../lib/gcc/arm-none-eabi/12.3.1/thumb/v7e-m+fp/hard\libgcc.a(_arm_muldivdf3.o)
 .ARM.attributes
                0x0000059b       0x22 C:/ST/STM32CubeIDE_1.16.0/STM32CubeIDE/plugins/com.st.stm32cube.ide.mcu.externaltools.gnu-tools-for-stm32.12.3.rel1.win32_1.0.200.202406191623/tools/bin/../lib/gcc/arm-none-eabi/12.3.1/thumb/v7e-m+fp/hard\libgcc.a(_arm_fixunsdfsi.o)
 .ARM.attributes
                0x000005bd       0x22 C:/ST/STM32CubeIDE_1.16.0/STM32CubeIDE/plugins/com.st.stm32cube.ide.mcu.externaltools.gnu-tools-for-stm32.12.3.rel1.win32_1.0.200.202406191623/tools/bin/../lib/gcc/arm-none-eabi/12.3.1/thumb/v7e-m+fp/hard\libgcc.a(_aeabi_uldivmod.o)
 .ARM.attributes
                0x000005df       0x34 C:/ST/STM32CubeIDE_1.16.0/STM32CubeIDE/plugins/com.st.stm32cube.ide.mcu.externaltools.gnu-tools-for-stm32.12.3.rel1.win32_1.0.200.202406191623/tools/bin/../lib/gcc/arm-none-eabi/12.3.1/thumb/v7e-m+fp/hard\libgcc.a(_udivmoddi4.o)
 .ARM.attributes
                0x00000613       0x22 C:/ST/STM32CubeIDE_1.16.0/STM32CubeIDE/plugins/com.st.stm32cube.ide.mcu.externaltools.gnu-tools-for-stm32.12.3.rel1.win32_1.0.200.202406191623/tools/bin/../lib/gcc/arm-none-eabi/12.3.1/thumb/v7e-m+fp/hard\libgcc.a(_dvmd_tls.o)
 .ARM.attributes
                0x00000635       0x22 C:/ST/STM32CubeIDE_1.16.0/STM32CubeIDE/plugins/com.st.stm32cube.ide.mcu.externaltools.gnu-tools-for-stm32.12.3.rel1.win32_1.0.200.202406191623/tools/bin/../lib/gcc/arm-none-eabi/12.3.1/thumb/v7e-m+fp/hard/crtn.o
OUTPUT(Rubber_attach_refactor.elf elf32-littlearm)
LOAD linker stubs
LOAD C:/ST/STM32CubeIDE_1.16.0/STM32CubeIDE/plugins/com.st.stm32cube.ide.mcu.externaltools.gnu-tools-for-stm32.12.3.rel1.win32_1.0.200.202406191623/tools/bin/../lib/gcc/arm-none-eabi/12.3.1/../../../../arm-none-eabi/lib/thumb/v7e-m+fp/hard\libc.a
LOAD C:/ST/STM32CubeIDE_1.16.0/STM32CubeIDE/plugins/com.st.stm32cube.ide.mcu.externaltools.gnu-tools-for-stm32.12.3.rel1.win32_1.0.200.202406191623/tools/bin/../lib/gcc/arm-none-eabi/12.3.1/../../../../arm-none-eabi/lib/thumb/v7e-m+fp/hard\libm.a
LOAD C:/ST/STM32CubeIDE_1.16.0/STM32CubeIDE/plugins/com.st.stm32cube.ide.mcu.externaltools.gnu-tools-for-stm32.12.3.rel1.win32_1.0.200.202406191623/tools/bin/../lib/gcc/arm-none-eabi/12.3.1/thumb/v7e-m+fp/hard\libgcc.a

.debug_info     0x00000000    0x1333d
 .debug_info    0x00000000     0x174c ./Core/Src/app/application.o
 .debug_info    0x0000174c      0x23e ./Core/Src/driver/common.o
 .debug_info    0x0000198a      0x50e ./Core/Src/driver/dio_control.o
 .debug_info    0x00001e98      0x373 ./Core/Src/driver/flash.o
 .debug_info    0x0000220b     0x1104 ./Core/Src/driver/hmi_control.o
 .debug_info    0x0000330f      0xb15 ./Core/Src/driver/modbus_rtu.o
 .debug_info    0x00003e24      0xd48 ./Core/Src/driver/motor_control.o
 .debug_info    0x00004b6c      0x135 ./Core/Src/driver/tick.o
 .debug_info    0x00004ca1     0x1727 ./Core/Src/main.o
 .debug_info    0x000063c8     0x1129 ./Core/Src/stm32f4xx_hal_msp.o
 .debug_info    0x000074f1     0x100a ./Core/Src/stm32f4xx_it.o
 .debug_info    0x000084fb      0x512 ./Core/Src/system_stm32f4xx.o
 .debug_info    0x00008a0d       0x30 ./Core/Startup/startup_stm32f407vetx.o
 .debug_info    0x00008a3d      0x944 ./Drivers/STM32F4xx_HAL_Driver/Src/stm32f4xx_hal.o
 .debug_info    0x00009381      0xd8c ./Drivers/STM32F4xx_HAL_Driver/Src/stm32f4xx_hal_cortex.o
 .debug_info    0x0000a10d      0x8e7 ./Drivers/STM32F4xx_HAL_Driver/Src/stm32f4xx_hal_dma.o
 .debug_info    0x0000a9f4      0x57d ./Drivers/STM32F4xx_HAL_Driver/Src/stm32f4xx_hal_flash.o
 .debug_info    0x0000af71      0x67f ./Drivers/STM32F4xx_HAL_Driver/Src/stm32f4xx_hal_flash_ex.o
 .debug_info    0x0000b5f0      0x6c3 ./Drivers/STM32F4xx_HAL_Driver/Src/stm32f4xx_hal_gpio.o
 .debug_info    0x0000bcb3      0x8c3 ./Drivers/STM32F4xx_HAL_Driver/Src/stm32f4xx_hal_rcc.o
 .debug_info    0x0000c576     0x299d ./Drivers/STM32F4xx_HAL_Driver/Src/stm32f4xx_hal_tim.o
 .debug_info    0x0000ef13     0x14db ./Drivers/STM32F4xx_HAL_Driver/Src/stm32f4xx_hal_tim_ex.o
 .debug_info    0x000103ee     0x2f4f ./Drivers/STM32F4xx_HAL_Driver/Src/stm32f4xx_hal_uart.o

.debug_abbrev   0x00000000     0x33e1
 .debug_abbrev  0x00000000      0x355 ./Core/Src/app/application.o
 .debug_abbrev  0x00000355       0xce ./Core/Src/driver/common.o
 .debug_abbrev  0x00000423      0x253 ./Core/Src/driver/dio_control.o
 .debug_abbrev  0x00000676      0x1be ./Core/Src/driver/flash.o
 .debug_abbrev  0x00000834      0x321 ./Core/Src/driver/hmi_control.o
 .debug_abbrev  0x00000b55      0x260 ./Core/Src/driver/modbus_rtu.o
 .debug_abbrev  0x00000db5      0x303 ./Core/Src/driver/motor_control.o
 .debug_abbrev  0x000010b8       0xdb ./Core/Src/driver/tick.o
 .debug_abbrev  0x00001193      0x2db ./Core/Src/main.o
 .debug_abbrev  0x0000146e      0x279 ./Core/Src/stm32f4xx_hal_msp.o
 .debug_abbrev  0x000016e7      0x2be ./Core/Src/stm32f4xx_it.o
 .debug_abbrev  0x000019a5      0x11a ./Core/Src/system_stm32f4xx.o
 .debug_abbrev  0x00001abf       0x24 ./Core/Startup/startup_stm32f407vetx.o
 .debug_abbrev  0x00001ae3      0x214 ./Drivers/STM32F4xx_HAL_Driver/Src/stm32f4xx_hal.o
 .debug_abbrev  0x00001cf7      0x31d ./Drivers/STM32F4xx_HAL_Driver/Src/stm32f4xx_hal_cortex.o
 .debug_abbrev  0x00002014      0x264 ./Drivers/STM32F4xx_HAL_Driver/Src/stm32f4xx_hal_dma.o
 .debug_abbrev  0x00002278      0x28c ./Drivers/STM32F4xx_HAL_Driver/Src/stm32f4xx_hal_flash.o
 .debug_abbrev  0x00002504      0x249 ./Drivers/STM32F4xx_HAL_Driver/Src/stm32f4xx_hal_flash_ex.o
 .debug_abbrev  0x0000274d      0x1d4 ./Drivers/STM32F4xx_HAL_Driver/Src/stm32f4xx_hal_gpio.o
 .debug_abbrev  0x00002921      0x2b7 ./Drivers/STM32F4xx_HAL_Driver/Src/stm32f4xx_hal_rcc.o
 .debug_abbrev  0x00002bd8      0x278 ./Drivers/STM32F4xx_HAL_Driver/Src/stm32f4xx_hal_tim.o
 .debug_abbrev  0x00002e50      0x283 ./Drivers/STM32F4xx_HAL_Driver/Src/stm32f4xx_hal_tim_ex.o
 .debug_abbrev  0x000030d3      0x30e ./Drivers/STM32F4xx_HAL_Driver/Src/stm32f4xx_hal_uart.o

.debug_aranges  0x00000000     0x1238
 .debug_aranges
                0x00000000       0x68 ./Core/Src/app/application.o
 .debug_aranges
                0x00000068       0x30 ./Core/Src/driver/common.o
 .debug_aranges
                0x00000098       0x58 ./Core/Src/driver/dio_control.o
 .debug_aranges
                0x000000f0       0x30 ./Core/Src/driver/flash.o
 .debug_aranges
                0x00000120      0x188 ./Core/Src/driver/hmi_control.o
 .debug_aranges
                0x000002a8       0x70 ./Core/Src/driver/modbus_rtu.o
 .debug_aranges
                0x00000318       0xe8 ./Core/Src/driver/motor_control.o
 .debug_aranges
                0x00000400       0x28 ./Core/Src/driver/tick.o
 .debug_aranges
                0x00000428       0x88 ./Core/Src/main.o
 .debug_aranges
                0x000004b0       0x58 ./Core/Src/stm32f4xx_hal_msp.o
 .debug_aranges
                0x00000508       0xd8 ./Core/Src/stm32f4xx_it.o
 .debug_aranges
                0x000005e0       0x28 ./Core/Src/system_stm32f4xx.o
 .debug_aranges
                0x00000608       0x28 ./Core/Startup/startup_stm32f407vetx.o
 .debug_aranges
                0x00000630       0xf0 ./Drivers/STM32F4xx_HAL_Driver/Src/stm32f4xx_hal.o
 .debug_aranges
                0x00000720      0x130 ./Drivers/STM32F4xx_HAL_Driver/Src/stm32f4xx_hal_cortex.o
 .debug_aranges
                0x00000850       0x90 ./Drivers/STM32F4xx_HAL_Driver/Src/stm32f4xx_hal_dma.o
 .debug_aranges
                0x000008e0       0xa0 ./Drivers/STM32F4xx_HAL_Driver/Src/stm32f4xx_hal_flash.o
 .debug_aranges
                0x00000980       0x98 ./Drivers/STM32F4xx_HAL_Driver/Src/stm32f4xx_hal_flash_ex.o
 .debug_aranges
                0x00000a18       0x58 ./Drivers/STM32F4xx_HAL_Driver/Src/stm32f4xx_hal_gpio.o
 .debug_aranges
                0x00000a70       0x88 ./Drivers/STM32F4xx_HAL_Driver/Src/stm32f4xx_hal_rcc.o
 .debug_aranges
                0x00000af8      0x3d0 ./Drivers/STM32F4xx_HAL_Driver/Src/stm32f4xx_hal_tim.o
 .debug_aranges
                0x00000ec8      0x168 ./Drivers/STM32F4xx_HAL_Driver/Src/stm32f4xx_hal_tim_ex.o
 .debug_aranges
                0x00001030      0x208 ./Drivers/STM32F4xx_HAL_Driver/Src/stm32f4xx_hal_uart.o

.debug_rnglists
                0x00000000      0xe64
 .debug_rnglists
                0x00000000       0x6e ./Core/Src/app/application.o
 .debug_rnglists
                0x0000006e       0x1f ./Core/Src/driver/common.o
 .debug_rnglists
                0x0000008d       0x68 ./Core/Src/driver/dio_control.o
 .debug_rnglists
                0x000000f5       0x21 ./Core/Src/driver/flash.o
 .debug_rnglists
                0x00000116      0x126 ./Core/Src/driver/hmi_control.o
 .debug_rnglists
                0x0000023c       0x57 ./Core/Src/driver/modbus_rtu.o
 .debug_rnglists
                0x00000293       0xb1 ./Core/Src/driver/motor_control.o
 .debug_rnglists
                0x00000344       0x19 ./Core/Src/driver/tick.o
 .debug_rnglists
                0x0000035d       0x68 ./Core/Src/main.o
 .debug_rnglists
                0x000003c5       0x42 ./Core/Src/stm32f4xx_hal_msp.o
 .debug_rnglists
                0x00000407       0xa1 ./Core/Src/stm32f4xx_it.o
 .debug_rnglists
                0x000004a8       0x1a ./Core/Src/system_stm32f4xx.o
 .debug_rnglists
                0x000004c2       0x19 ./Core/Startup/startup_stm32f407vetx.o
 .debug_rnglists
                0x000004db       0xaf ./Drivers/STM32F4xx_HAL_Driver/Src/stm32f4xx_hal.o
 .debug_rnglists
                0x0000058a       0xe0 ./Drivers/STM32F4xx_HAL_Driver/Src/stm32f4xx_hal_cortex.o
 .debug_rnglists
                0x0000066a       0x70 ./Drivers/STM32F4xx_HAL_Driver/Src/stm32f4xx_hal_dma.o
 .debug_rnglists
                0x000006da       0x78 ./Drivers/STM32F4xx_HAL_Driver/Src/stm32f4xx_hal_flash.o
 .debug_rnglists
                0x00000752       0x72 ./Drivers/STM32F4xx_HAL_Driver/Src/stm32f4xx_hal_flash_ex.o
 .debug_rnglists
                0x000007c4       0x3f ./Drivers/STM32F4xx_HAL_Driver/Src/stm32f4xx_hal_gpio.o
 .debug_rnglists
                0x00000803       0x66 ./Drivers/STM32F4xx_HAL_Driver/Src/stm32f4xx_hal_rcc.o
 .debug_rnglists
                0x00000869      0x31a ./Drivers/STM32F4xx_HAL_Driver/Src/stm32f4xx_hal_tim.o
 .debug_rnglists
                0x00000b83      0x125 ./Drivers/STM32F4xx_HAL_Driver/Src/stm32f4xx_hal_tim_ex.o
 .debug_rnglists
                0x00000ca8      0x1bc ./Drivers/STM32F4xx_HAL_Driver/Src/stm32f4xx_hal_uart.o

.debug_macro    0x00000000    0x22e39
 .debug_macro   0x00000000      0x33e ./Core/Src/app/application.o
 .debug_macro   0x0000033e      0xab4 ./Core/Src/app/application.o
 .debug_macro   0x00000df2      0x29b ./Core/Src/app/application.o
 .debug_macro   0x0000108d       0x2e ./Core/Src/app/application.o
 .debug_macro   0x000010bb       0x2f ./Core/Src/app/application.o
 .debug_macro   0x000010ea       0x22 ./Core/Src/app/application.o
 .debug_macro   0x0000110c       0x8e ./Core/Src/app/application.o
 .debug_macro   0x0000119a       0x51 ./Core/Src/app/application.o
 .debug_macro   0x000011eb      0x103 ./Core/Src/app/application.o
 .debug_macro   0x000012ee       0x6a ./Core/Src/app/application.o
 .debug_macro   0x00001358      0x1df ./Core/Src/app/application.o
 .debug_macro   0x00001537       0x1c ./Core/Src/app/application.o
 .debug_macro   0x00001553       0x22 ./Core/Src/app/application.o
 .debug_macro   0x00001575       0xfb ./Core/Src/app/application.o
 .debug_macro   0x00001670     0x1011 ./Core/Src/app/application.o
 .debug_macro   0x00002681      0x11f ./Core/Src/app/application.o
 .debug_macro   0x000027a0    0x15ea5 ./Core/Src/app/application.o
 .debug_macro   0x00018645       0x6d ./Core/Src/app/application.o
 .debug_macro   0x000186b2     0x3693 ./Core/Src/app/application.o
 .debug_macro   0x0001bd45      0x189 ./Core/Src/app/application.o
 .debug_macro   0x0001bece       0x5c ./Core/Src/app/application.o
 .debug_macro   0x0001bf2a      0x980 ./Core/Src/app/application.o
 .debug_macro   0x0001c8aa      0x9e9 ./Core/Src/app/application.o
 .debug_macro   0x0001d293      0x115 ./Core/Src/app/application.o
 .debug_macro   0x0001d3a8      0x13e ./Core/Src/app/application.o
 .debug_macro   0x0001d4e6       0xa5 ./Core/Src/app/application.o
 .debug_macro   0x0001d58b      0x174 ./Core/Src/app/application.o
 .debug_macro   0x0001d6ff      0x287 ./Core/Src/app/application.o
 .debug_macro   0x0001d986       0x5f ./Core/Src/app/application.o
 .debug_macro   0x0001d9e5      0x236 ./Core/Src/app/application.o
 .debug_macro   0x0001dc1b      0x12c ./Core/Src/app/application.o
 .debug_macro   0x0001dd47      0x21e ./Core/Src/app/application.o
 .debug_macro   0x0001df65       0x2e ./Core/Src/app/application.o
 .debug_macro   0x0001df93      0x127 ./Core/Src/app/application.o
 .debug_macro   0x0001e0ba       0x7e ./Core/Src/app/application.o
 .debug_macro   0x0001e138       0x89 ./Core/Src/app/application.o
 .debug_macro   0x0001e1c1      0x8ed ./Core/Src/app/application.o
 .debug_macro   0x0001eaae       0x4d ./Core/Src/app/application.o
 .debug_macro   0x0001eafb      0x2aa ./Core/Src/app/application.o
 .debug_macro   0x0001eda5      0x12d ./Core/Src/app/application.o
 .debug_macro   0x0001eed2      0x1f9 ./Core/Src/app/application.o
 .debug_macro   0x0001f0cb       0x94 ./Core/Src/app/application.o
 .debug_macro   0x0001f15f       0x61 ./Core/Src/app/application.o
 .debug_macro   0x0001f1c0       0x2a ./Core/Src/app/application.o
 .debug_macro   0x0001f1ea       0x43 ./Core/Src/app/application.o
 .debug_macro   0x0001f22d       0x34 ./Core/Src/app/application.o
 .debug_macro   0x0001f261       0x16 ./Core/Src/app/application.o
 .debug_macro   0x0001f277       0x43 ./Core/Src/app/application.o
 .debug_macro   0x0001f2ba       0x34 ./Core/Src/app/application.o
 .debug_macro   0x0001f2ee       0x10 ./Core/Src/app/application.o
 .debug_macro   0x0001f2fe       0x58 ./Core/Src/app/application.o
 .debug_macro   0x0001f356       0x8e ./Core/Src/app/application.o
 .debug_macro   0x0001f3e4       0x1c ./Core/Src/app/application.o
 .debug_macro   0x0001f400      0x177 ./Core/Src/app/application.o
 .debug_macro   0x0001f577      0x369 ./Core/Src/app/application.o
 .debug_macro   0x0001f8e0       0x10 ./Core/Src/app/application.o
 .debug_macro   0x0001f8f0       0x35 ./Core/Src/app/application.o
 .debug_macro   0x0001f925       0x20 ./Core/Src/app/application.o
 .debug_macro   0x0001f945       0x34 ./Core/Src/app/application.o
 .debug_macro   0x0001f979       0x22 ./Core/Src/app/application.o
 .debug_macro   0x0001f99b      0x1f0 ./Core/Src/app/application.o
 .debug_macro   0x0001fb8b      0x5c9 ./Core/Src/app/application.o
 .debug_macro   0x00020154       0x89 ./Core/Src/app/application.o
 .debug_macro   0x000201dd       0x5e ./Core/Src/app/application.o
 .debug_macro   0x0002023b       0x6d ./Core/Src/driver/common.o
 .debug_macro   0x000202a8      0x33e ./Core/Src/driver/dio_control.o
 .debug_macro   0x000205e6      0x1d8 ./Core/Src/driver/flash.o
 .debug_macro   0x000207be      0x33e ./Core/Src/driver/hmi_control.o
 .debug_macro   0x00020afc      0x2ab ./Core/Src/driver/modbus_rtu.o
 .debug_macro   0x00020da7      0x34a ./Core/Src/driver/motor_control.o
 .debug_macro   0x000210f1       0x6d ./Core/Src/driver/tick.o
 .debug_macro   0x0002115e      0x33e ./Core/Src/main.o
 .debug_macro   0x0002149c      0x1dd ./Core/Src/stm32f4xx_hal_msp.o
 .debug_macro   0x00021679      0x348 ./Core/Src/stm32f4xx_it.o
 .debug_macro   0x000219c1      0x1ce ./Core/Src/system_stm32f4xx.o
 .debug_macro   0x00021b8f      0x22e ./Drivers/STM32F4xx_HAL_Driver/Src/stm32f4xx_hal.o
 .debug_macro   0x00021dbd      0x1ce ./Drivers/STM32F4xx_HAL_Driver/Src/stm32f4xx_hal_cortex.o
 .debug_macro   0x00021f8b      0x1d4 ./Drivers/STM32F4xx_HAL_Driver/Src/stm32f4xx_hal_dma.o
 .debug_macro   0x0002215f      0x1d4 ./Drivers/STM32F4xx_HAL_Driver/Src/stm32f4xx_hal_flash.o
 .debug_macro   0x00022333      0x1d4 ./Drivers/STM32F4xx_HAL_Driver/Src/stm32f4xx_hal_flash_ex.o
 .debug_macro   0x00022507      0x1d4 ./Drivers/STM32F4xx_HAL_Driver/Src/stm32f4xx_hal_gpio.o
 .debug_macro   0x000226db      0x1f2 ./Drivers/STM32F4xx_HAL_Driver/Src/stm32f4xx_hal_rcc.o
 .debug_macro   0x000228cd      0x1cf ./Drivers/STM32F4xx_HAL_Driver/Src/stm32f4xx_hal_tim.o
 .debug_macro   0x00022a9c      0x1ce ./Drivers/STM32F4xx_HAL_Driver/Src/stm32f4xx_hal_tim_ex.o
 .debug_macro   0x00022c6a      0x1cf ./Drivers/STM32F4xx_HAL_Driver/Src/stm32f4xx_hal_uart.o

.debug_line     0x00000000    0x16544
 .debug_line    0x00000000     0x12c9 ./Core/Src/app/application.o
 .debug_line    0x000012c9      0x550 ./Core/Src/driver/common.o
 .debug_line    0x00001819      0xe02 ./Core/Src/driver/dio_control.o
 .debug_line    0x0000261b      0x8bf ./Core/Src/driver/flash.o
 .debug_line    0x00002eda     0x133b ./Core/Src/driver/hmi_control.o
 .debug_line    0x00004215      0xf61 ./Core/Src/driver/modbus_rtu.o
 .debug_line    0x00005176     0x1054 ./Core/Src/driver/motor_control.o
 .debug_line    0x000061ca      0x49e ./Core/Src/driver/tick.o
 .debug_line    0x00006668      0xe06 ./Core/Src/main.o
 .debug_line    0x0000746e      0x977 ./Core/Src/stm32f4xx_hal_msp.o
 .debug_line    0x00007de5      0xd59 ./Core/Src/stm32f4xx_it.o
 .debug_line    0x00008b3e      0x7c4 ./Core/Src/system_stm32f4xx.o
 .debug_line    0x00009302       0x7a ./Core/Startup/startup_stm32f407vetx.o
 .debug_line    0x0000937c      0xa3c ./Drivers/STM32F4xx_HAL_Driver/Src/stm32f4xx_hal.o
 .debug_line    0x00009db8      0xd2e ./Drivers/STM32F4xx_HAL_Driver/Src/stm32f4xx_hal_cortex.o
 .debug_line    0x0000aae6      0xfac ./Drivers/STM32F4xx_HAL_Driver/Src/stm32f4xx_hal_dma.o
 .debug_line    0x0000ba92      0xaed ./Drivers/STM32F4xx_HAL_Driver/Src/stm32f4xx_hal_flash.o
 .debug_line    0x0000c57f      0xaed ./Drivers/STM32F4xx_HAL_Driver/Src/stm32f4xx_hal_flash_ex.o
 .debug_line    0x0000d06c      0xbc8 ./Drivers/STM32F4xx_HAL_Driver/Src/stm32f4xx_hal_gpio.o
 .debug_line    0x0000dc34      0xdc7 ./Drivers/STM32F4xx_HAL_Driver/Src/stm32f4xx_hal_rcc.o
 .debug_line    0x0000e9fb     0x37d8 ./Drivers/STM32F4xx_HAL_Driver/Src/stm32f4xx_hal_tim.o
 .debug_line    0x000121d3     0x1a32 ./Drivers/STM32F4xx_HAL_Driver/Src/stm32f4xx_hal_tim_ex.o
 .debug_line    0x00013c05     0x293f ./Drivers/STM32F4xx_HAL_Driver/Src/stm32f4xx_hal_uart.o

.debug_str      0x00000000    0xd0b02
 .debug_str     0x00000000    0xcc8a2 ./Core/Src/app/application.o
                              0xcd273 (size before relaxing)
 .debug_str     0x000cc8a2       0x4a ./Core/Src/driver/common.o
                               0x3da2 (size before relaxing)
 .debug_str     0x000cc8ec       0x75 ./Core/Src/driver/dio_control.o
                              0xcc5c8 (size before relaxing)
 .debug_str     0x000cc961      0x18a ./Core/Src/driver/flash.o
                              0xc3fd6 (size before relaxing)
 .debug_str     0x000ccaeb      0x497 ./Core/Src/driver/hmi_control.o
                              0xccd3c (size before relaxing)
 .debug_str     0x000ccf82      0x140 ./Core/Src/driver/modbus_rtu.o
                              0xc762e (size before relaxing)
 .debug_str     0x000cd0c2      0x124 ./Core/Src/driver/motor_control.o
                              0xccc73 (size before relaxing)
 .debug_str     0x000cd1e6       0x32 ./Core/Src/driver/tick.o
                               0x3d77 (size before relaxing)
 .debug_str     0x000cd218      0xa54 ./Core/Src/main.o
                              0xcd69c (size before relaxing)
 .debug_str     0x000cdc6c      0x104 ./Core/Src/stm32f4xx_hal_msp.o
                              0xc54c7 (size before relaxing)
 .debug_str     0x000cdd70      0x23b ./Core/Src/stm32f4xx_it.o
                              0xcd02f (size before relaxing)
 .debug_str     0x000cdfab       0xdb ./Core/Src/system_stm32f4xx.o
                              0xc3fa9 (size before relaxing)
 .debug_str     0x000ce086       0x44 ./Core/Startup/startup_stm32f407vetx.o
                                 0x7d (size before relaxing)
 .debug_str     0x000ce0ca      0x5ea ./Drivers/STM32F4xx_HAL_Driver/Src/stm32f4xx_hal.o
                              0xc4b2d (size before relaxing)
 .debug_str     0x000ce6b4      0x36b ./Drivers/STM32F4xx_HAL_Driver/Src/stm32f4xx_hal_cortex.o
                              0xc48a9 (size before relaxing)
 .debug_str     0x000cea1f      0x2f4 ./Drivers/STM32F4xx_HAL_Driver/Src/stm32f4xx_hal_dma.o
                              0xc43c3 (size before relaxing)
 .debug_str     0x000ced13      0x27e ./Drivers/STM32F4xx_HAL_Driver/Src/stm32f4xx_hal_flash.o
                              0xc4199 (size before relaxing)
 .debug_str     0x000cef91      0x1d1 ./Drivers/STM32F4xx_HAL_Driver/Src/stm32f4xx_hal_flash_ex.o
                              0xc41e9 (size before relaxing)
 .debug_str     0x000cf162       0xe4 ./Drivers/STM32F4xx_HAL_Driver/Src/stm32f4xx_hal_gpio.o
                              0xc4124 (size before relaxing)
 .debug_str     0x000cf246      0x228 ./Drivers/STM32F4xx_HAL_Driver/Src/stm32f4xx_hal_rcc.o
                              0xc43dd (size before relaxing)
 .debug_str     0x000cf46e      0xd0b ./Drivers/STM32F4xx_HAL_Driver/Src/stm32f4xx_hal_tim.o
                              0xc5333 (size before relaxing)
 .debug_str     0x000d0179      0x3e1 ./Drivers/STM32F4xx_HAL_Driver/Src/stm32f4xx_hal_tim_ex.o
                              0xc4b3f (size before relaxing)
 .debug_str     0x000d055a      0x5a8 ./Drivers/STM32F4xx_HAL_Driver/Src/stm32f4xx_hal_uart.o
                              0xc49be (size before relaxing)

.comment        0x00000000       0x43
 .comment       0x00000000       0x43 ./Core/Src/app/application.o
                                 0x44 (size before relaxing)
 .comment       0x00000043       0x44 ./Core/Src/driver/common.o
 .comment       0x00000043       0x44 ./Core/Src/driver/dio_control.o
 .comment       0x00000043       0x44 ./Core/Src/driver/flash.o
 .comment       0x00000043       0x44 ./Core/Src/driver/hmi_control.o
 .comment       0x00000043       0x44 ./Core/Src/driver/modbus_rtu.o
 .comment       0x00000043       0x44 ./Core/Src/driver/motor_control.o
 .comment       0x00000043       0x44 ./Core/Src/driver/tick.o
 .comment       0x00000043       0x44 ./Core/Src/main.o
 .comment       0x00000043       0x44 ./Core/Src/stm32f4xx_hal_msp.o
 .comment       0x00000043       0x44 ./Core/Src/stm32f4xx_it.o