../Core/Src/driver/hmi_control.c:55:7:Set_PC_Position_Axis_X	16	static
../Core/Src/driver/hmi_control.c:58:7:Set_PC_Position_Axis_Y	16	static
../Core/Src/driver/hmi_control.c:61:6:Set_PC_Position_Axis_Z	16	static
../Core/Src/driver/hmi_control.c:65:10:Get_PC_Position_Axis_X	4	static
../Core/Src/driver/hmi_control.c:68:10:Get_PC_Position_Axis_Y	4	static
../Core/Src/driver/hmi_control.c:71:10:Get_PC_Position_Axis_Z	4	static
../Core/Src/driver/hmi_control.c:75:6:Set_PC_Speed_Axis_X	16	static
../Core/Src/driver/hmi_control.c:78:6:Set_PC_Speed_Axis_Y	16	static
../Core/Src/driver/hmi_control.c:81:6:Set_PC_Speed_Axis_Z	16	static
../Core/Src/driver/hmi_control.c:84:10:Get_PC_Speed_Axis_X	4	static
../Core/Src/driver/hmi_control.c:87:10:Get_PC_Speed_Axis_Y	4	static
../Core/Src/driver/hmi_control.c:90:10:Get_PC_Speed_Axis_Z	4	static
../Core/Src/driver/hmi_control.c:94:6:Set_PC_State_Axis_X	16	static
../Core/Src/driver/hmi_control.c:101:6:Set_PC_State_Axis_Y	16	static
../Core/Src/driver/hmi_control.c:108:6:Set_PC_State_Axis_Z	16	static
../Core/Src/driver/hmi_control.c:115:10:Get_PC_Limit_Axis_X	4	static
../Core/Src/driver/hmi_control.c:122:10:Get_PC_Limit_Axis_Y	4	static
../Core/Src/driver/hmi_control.c:128:10:Get_PC_Limit_Axis_Z	4	static
../Core/Src/driver/hmi_control.c:138:6:Handle_motor	16	static
../Core/Src/driver/hmi_control.c:150:6:Handle_output	24	static
../Core/Src/driver/hmi_control.c:172:6:Handle_homeprocess	8	static
../Core/Src/driver/hmi_control.c:202:6:Handle_setpoint	16	static
../Core/Src/driver/hmi_control.c:209:6:Handle_X_Left	8	static
../Core/Src/driver/hmi_control.c:218:6:Handle_X_Right	16	static
../Core/Src/driver/hmi_control.c:228:6:Handle_Y_Forward	16	static
../Core/Src/driver/hmi_control.c:237:6:Handle_Y_Backward	8	static
../Core/Src/driver/hmi_control.c:246:6:Handle_Z_Up	8	static
../Core/Src/driver/hmi_control.c:255:6:Handle_Z_Down	16	static
