../Core/Src/driver/motor_control.c:41:6:Set_Speed_Motor_x	16	static
../Core/Src/driver/motor_control.c:46:6:Set_Speed_Motor_y	16	static
../Core/Src/driver/motor_control.c:51:6:Set_Speed_Motor_z	16	static
../Core/Src/driver/motor_control.c:58:6:excute_move_x_left	8	static
../Core/Src/driver/motor_control.c:62:6:excute_move_x_right	8	static
../Core/Src/driver/motor_control.c:66:6:excute_move_y_forward	8	static
../Core/Src/driver/motor_control.c:70:6:excute_move_y_backward	8	static
../Core/Src/driver/motor_control.c:74:6:excute_move_z_up	8	static
../Core/Src/driver/motor_control.c:78:6:excute_move_z_down	8	static
../Core/Src/driver/motor_control.c:84:6:move_x_left	16	static
../Core/Src/driver/motor_control.c:92:6:move_x_right	16	static
../Core/Src/driver/motor_control.c:99:6:move_y_forward	16	static
../Core/Src/driver/motor_control.c:106:6:move_y_backward	16	static
../Core/Src/driver/motor_control.c:113:6:move_z_up	16	static
../Core/Src/driver/motor_control.c:120:6:move_z_down	16	static
../Core/Src/driver/motor_control.c:127:24:abs_diff_u16	16	static
../Core/Src/driver/motor_control.c:133:6:move_axis	24	static
../Core/Src/driver/motor_control.c:185:6:move_axis1	24	static
../Core/Src/driver/motor_control.c:233:6:Control_motor_x	8	static
../Core/Src/driver/motor_control.c:260:6:Home_process_x	8	static
../Core/Src/driver/motor_control.c:281:6:Control_motor_y	8	static
../Core/Src/driver/motor_control.c:311:6:Home_process_y	8	static
../Core/Src/driver/motor_control.c:329:6:Control_motor_z	8	static
../Core/Src/driver/motor_control.c:357:6:Home_process_z	8	static
../Core/Src/driver/motor_control.c:378:6:Stop_motor_x	8	static
../Core/Src/driver/motor_control.c:407:6:Stop_motor_y	8	static
../Core/Src/driver/motor_control.c:434:6:Stop_motor_z	8	static
../Core/Src/driver/motor_control.c:460:20:AllAxisStop	4	static
../Core/Src/driver/motor_control.c:467:6:wait_handler_stop	8	static,ignoring_inline_asm
